Archive member included because of file (symbol)

c:/altera/13.0sp1/nios2eds/bin/gnu/h-i686-mingw32/bin/../lib/gcc/nios2-elf/4.1.2/../../../../nios2-elf/lib/mno-hw-mul\libsmallc.a(lib_a-sprintf.o)
                              obj/default/hello_world_small.o (sprintf)
c:/altera/13.0sp1/nios2eds/bin/gnu/h-i686-mingw32/bin/../lib/gcc/nios2-elf/4.1.2/../../../../nios2-elf/lib/mno-hw-mul\libsmallc.a(lib_a-vfprintf.o)
                              c:/altera/13.0sp1/nios2eds/bin/gnu/h-i686-mingw32/bin/../lib/gcc/nios2-elf/4.1.2/../../../../nios2-elf/lib/mno-hw-mul\libsmallc.a(lib_a-sprintf.o) (___vfprintf_internal_r)
c:/altera/13.0sp1/nios2eds/bin/gnu/h-i686-mingw32/bin/../lib/gcc/nios2-elf/4.1.2/../../../../nios2-elf/lib/mno-hw-mul\libsmallc.a(lib_a-fvwrite_small_str.o)
                              c:/altera/13.0sp1/nios2eds/bin/gnu/h-i686-mingw32/bin/../lib/gcc/nios2-elf/4.1.2/../../../../nios2-elf/lib/mno-hw-mul\libsmallc.a(lib_a-sprintf.o) (__sfvwrite_small_str)
c:/altera/13.0sp1/nios2eds/bin/gnu/h-i686-mingw32/bin/../lib/gcc/nios2-elf/4.1.2/../../../../nios2-elf/lib/mno-hw-mul\libsmallc.a(lib_a-impure.o)
                              c:/altera/13.0sp1/nios2eds/bin/gnu/h-i686-mingw32/bin/../lib/gcc/nios2-elf/4.1.2/../../../../nios2-elf/lib/mno-hw-mul\libsmallc.a(lib_a-sprintf.o) (_impure_ptr)
c:/altera/13.0sp1/nios2eds/bin/gnu/h-i686-mingw32/bin/../lib/gcc/nios2-elf/4.1.2/../../../../nios2-elf/lib/mno-hw-mul\libsmallc.a(lib_a-memmove.o)
                              c:/altera/13.0sp1/nios2eds/bin/gnu/h-i686-mingw32/bin/../lib/gcc/nios2-elf/4.1.2/../../../../nios2-elf/lib/mno-hw-mul\libsmallc.a(lib_a-fvwrite_small_str.o) (memmove)
c:/altera/13.0sp1/nios2eds/bin/gnu/h-i686-mingw32/bin/../lib/gcc/nios2-elf/4.1.2/../../../../nios2-elf/lib/mno-hw-mul\libsmallc.a(lib_a-strlen.o)
                              c:/altera/13.0sp1/nios2eds/bin/gnu/h-i686-mingw32/bin/../lib/gcc/nios2-elf/4.1.2/../../../../nios2-elf/lib/mno-hw-mul\libsmallc.a(lib_a-vfprintf.o) (strlen)
c:/altera/13.0sp1/nios2eds/bin/gnu/h-i686-mingw32/bin/../lib/gcc/nios2-elf/4.1.2/mno-hw-mul\libgcc.a(lib2-divmod.o)
                              c:/altera/13.0sp1/nios2eds/bin/gnu/h-i686-mingw32/bin/../lib/gcc/nios2-elf/4.1.2/../../../../nios2-elf/lib/mno-hw-mul\libsmallc.a(lib_a-vfprintf.o) (__udivsi3)
c:/altera/13.0sp1/nios2eds/bin/gnu/h-i686-mingw32/bin/../lib/gcc/nios2-elf/4.1.2/mno-hw-mul\libgcc.a(lib2-mul.o)
                              c:/altera/13.0sp1/nios2eds/bin/gnu/h-i686-mingw32/bin/../lib/gcc/nios2-elf/4.1.2/../../../../nios2-elf/lib/mno-hw-mul\libsmallc.a(lib_a-vfprintf.o) (__mulsi3)
../final_bsp/\libhal_bsp.a(alt_load.o)
                              ../final_bsp//obj/HAL/src/crt0.o (alt_load)
../final_bsp/\libhal_bsp.a(alt_main.o)
                              ../final_bsp//obj/HAL/src/crt0.o (alt_main)
../final_bsp/\libhal_bsp.a(alt_putstr.o)
                              obj/default/hello_world_small.o (alt_putstr)
../final_bsp/\libhal_bsp.a(alt_usleep.o)
                              obj/default/hello_world_small.o (usleep)
../final_bsp/\libhal_bsp.a(alt_sys_init.o)
                              ../final_bsp/\libhal_bsp.a(alt_main.o) (alt_sys_init)
../final_bsp/\libhal_bsp.a(altera_avalon_jtag_uart_write.o)
                              ../final_bsp/\libhal_bsp.a(alt_putstr.o) (altera_avalon_jtag_uart_write)
../final_bsp/\libhal_bsp.a(alt_busy_sleep.o)
                              ../final_bsp/\libhal_bsp.a(alt_usleep.o) (alt_busy_sleep)
../final_bsp/\libhal_bsp.a(alt_dcache_flush_all.o)
                              ../final_bsp/\libhal_bsp.a(alt_load.o) (alt_dcache_flush_all)
../final_bsp/\libhal_bsp.a(alt_icache_flush_all.o)
                              ../final_bsp/\libhal_bsp.a(alt_load.o) (alt_icache_flush_all)
../final_bsp/\libhal_bsp.a(altera_nios2_qsys_irq.o)
                              ../final_bsp/\libhal_bsp.a(alt_sys_init.o) (altera_nios2_qsys_irq_init)

Memory Configuration

Name             Origin             Length             Attributes
reset            0x00080000         0x00000020
onchip_memory2_0 0x00080020         0x00061a60
*default*        0x00000000         0xffffffff

Linker script and memory map

LOAD ../final_bsp//obj/HAL/src/crt0.o
                0x0008000c                exit = _exit
LOAD obj/default/hello_world_small.o
LOAD c:/altera/13.0sp1/nios2eds/bin/gnu/h-i686-mingw32/bin/../lib/gcc/nios2-elf/4.1.2/../../../../nios2-elf/lib/mno-hw-mul\libstdc++.a
LOAD c:/altera/13.0sp1/nios2eds/bin/gnu/h-i686-mingw32/bin/../lib/gcc/nios2-elf/4.1.2/../../../../nios2-elf/lib/mno-hw-mul\libm.a
LOAD c:/altera/13.0sp1/nios2eds/bin/gnu/h-i686-mingw32/bin/../lib/gcc/nios2-elf/4.1.2/mno-hw-mul\libgcc.a
START GROUP
LOAD c:/altera/13.0sp1/nios2eds/bin/gnu/h-i686-mingw32/bin/../lib/gcc/nios2-elf/4.1.2/../../../../nios2-elf/lib/mno-hw-mul\libsmallc.a
LOAD c:/altera/13.0sp1/nios2eds/bin/gnu/h-i686-mingw32/bin/../lib/gcc/nios2-elf/4.1.2/mno-hw-mul\libgcc.a
LOAD ../final_bsp/\libhal_bsp.a
END GROUP
LOAD c:/altera/13.0sp1/nios2eds/bin/gnu/h-i686-mingw32/bin/../lib/gcc/nios2-elf/4.1.2/mno-hw-mul\libgcc.a
                0x00080000                __alt_mem_onchip_memory2_0 = 0x80000

.entry          0x00080000       0x20
 *(.entry)
 .entry         0x00080000       0x20 ../final_bsp//obj/HAL/src/crt0.o
                0x00080000                __reset
                0x0008000c                _exit

.exceptions     0x00080020        0x0
                0x00080020                PROVIDE (__ram_exceptions_start, ABSOLUTE (.))
                0x00080020                . = ALIGN (0x20)
 *(.irq)
 *(.exceptions.entry.label)
 *(.exceptions.entry.user)
 *(.exceptions.entry)
 *(.exceptions.irqtest.user)
 *(.exceptions.irqtest)
 *(.exceptions.irqhandler.user)
 *(.exceptions.irqhandler)
 *(.exceptions.irqreturn.user)
 *(.exceptions.irqreturn)
 *(.exceptions.notirq.label)
 *(.exceptions.notirq.user)
 *(.exceptions.notirq)
 *(.exceptions.soft.user)
 *(.exceptions.soft)
 *(.exceptions.unknown.user)
 *(.exceptions.unknown)
 *(.exceptions.exit.label)
 *(.exceptions.exit.user)
 *(.exceptions.exit)
 *(.exceptions)
                0x00080020                PROVIDE (__ram_exceptions_end, ABSOLUTE (.))
                0x00080020                PROVIDE (__flash_exceptions_start, LOADADDR (.exceptions))

.text           0x00080020     0x1010
                0x00080020                PROVIDE (stext, ABSOLUTE (.))
 *(.interp)
 *(.hash)
 *(.dynsym)
 *(.dynstr)
 *(.gnu.version)
 *(.gnu.version_d)
 *(.gnu.version_r)
 *(.rel.init)
 *(.rela.init)
 *(.rel.text .rel.text.* .rel.gnu.linkonce.t.*)
 *(.rela.text .rela.text.* .rela.gnu.linkonce.t.*)
 *(.rel.fini)
 *(.rela.fini)
 *(.rel.rodata .rel.rodata.* .rel.gnu.linkonce.r.*)
 *(.rela.rodata .rela.rodata.* .rela.gnu.linkonce.r.*)
 *(.rel.data .rel.data.* .rel.gnu.linkonce.d.*)
 *(.rela.data .rela.data.* .rela.gnu.linkonce.d.*)
 *(.rel.tdata .rel.tdata.* .rel.gnu.linkonce.td.*)
 *(.rela.tdata .rela.tdata.* .rela.gnu.linkonce.td.*)
 *(.rel.tbss .rel.tbss.* .rel.gnu.linkonce.tb.*)
 *(.rela.tbss .rela.tbss.* .rela.gnu.linkonce.tb.*)
 *(.rel.ctors)
 *(.rela.ctors)
 *(.rel.dtors)
 *(.rela.dtors)
 *(.rel.got)
 *(.rela.got)
 *(.rel.sdata .rel.sdata.* .rel.gnu.linkonce.s.*)
 *(.rela.sdata .rela.sdata.* .rela.gnu.linkonce.s.*)
 *(.rel.sbss .rel.sbss.* .rel.gnu.linkonce.sb.*)
 *(.rela.sbss .rela.sbss.* .rela.gnu.linkonce.sb.*)
 *(.rel.sdata2 .rel.sdata2.* .rel.gnu.linkonce.s2.*)
 *(.rela.sdata2 .rela.sdata2.* .rela.gnu.linkonce.s2.*)
 *(.rel.sbss2 .rel.sbss2.* .rel.gnu.linkonce.sb2.*)
 *(.rela.sbss2 .rela.sbss2.* .rela.gnu.linkonce.sb2.*)
 *(.rel.bss .rel.bss.* .rel.gnu.linkonce.b.*)
 *(.rela.bss .rela.bss.* .rela.gnu.linkonce.b.*)
 *(.rel.plt)
 *(.rela.plt)
 *(.rel.dyn)
 *(.init)
 *(.plt)
 *(.text .stub .text.* .gnu.linkonce.t.*)
 .text          0x00080020       0x3c ../final_bsp//obj/HAL/src/crt0.o
                0x00080020                _start
 .text          0x0008005c      0x2fc obj/default/hello_world_small.o
                0x0008005c                lcd_data
                0x000800cc                lcd_string
                0x00080104                lcd_command
                0x00080174                lcd_init
                0x000801fc                main
 .text          0x00080358       0xf4 c:/altera/13.0sp1/nios2eds/bin/gnu/h-i686-mingw32/bin/../lib/gcc/nios2-elf/4.1.2/../../../../nios2-elf/lib/mno-hw-mul\libsmallc.a(lib_a-sprintf.o)
                0x00080358                sprintf
                0x000803dc                _sprintf_r
 .text          0x0008044c      0x740 c:/altera/13.0sp1/nios2eds/bin/gnu/h-i686-mingw32/bin/../lib/gcc/nios2-elf/4.1.2/../../../../nios2-elf/lib/mno-hw-mul\libsmallc.a(lib_a-vfprintf.o)
                0x000804cc                ___vfprintf_internal_r
                0x00080b68                __vfprintf_internal
 .text          0x00080b8c       0xb8 c:/altera/13.0sp1/nios2eds/bin/gnu/h-i686-mingw32/bin/../lib/gcc/nios2-elf/4.1.2/../../../../nios2-elf/lib/mno-hw-mul\libsmallc.a(lib_a-fvwrite_small_str.o)
                0x00080b8c                __sfvwrite_small_str
 .text          0x00080c44        0x0 c:/altera/13.0sp1/nios2eds/bin/gnu/h-i686-mingw32/bin/../lib/gcc/nios2-elf/4.1.2/../../../../nios2-elf/lib/mno-hw-mul\libsmallc.a(lib_a-impure.o)
 .text          0x00080c44       0x60 c:/altera/13.0sp1/nios2eds/bin/gnu/h-i686-mingw32/bin/../lib/gcc/nios2-elf/4.1.2/../../../../nios2-elf/lib/mno-hw-mul\libsmallc.a(lib_a-memmove.o)
                0x00080c44                memmove
 .text          0x00080ca4       0x20 c:/altera/13.0sp1/nios2eds/bin/gnu/h-i686-mingw32/bin/../lib/gcc/nios2-elf/4.1.2/../../../../nios2-elf/lib/mno-hw-mul\libsmallc.a(lib_a-strlen.o)
                0x00080ca4                strlen
 .text          0x00080cc4      0x14c c:/altera/13.0sp1/nios2eds/bin/gnu/h-i686-mingw32/bin/../lib/gcc/nios2-elf/4.1.2/mno-hw-mul\libgcc.a(lib2-divmod.o)
                0x00080d40                __divsi3
                0x00080da0                __modsi3
                0x00080e00                __udivsi3
                0x00080e08                __umodsi3
 .text          0x00080e10       0x38 c:/altera/13.0sp1/nios2eds/bin/gnu/h-i686-mingw32/bin/../lib/gcc/nios2-elf/4.1.2/mno-hw-mul\libgcc.a(lib2-mul.o)
                0x00080e10                __mulsi3
 .text          0x00080e48       0x8c ../final_bsp/\libhal_bsp.a(alt_load.o)
                0x00080e68                alt_load
 .text          0x00080ed4       0x2c ../final_bsp/\libhal_bsp.a(alt_main.o)
                0x00080ed4                alt_main
 .text          0x00080f00       0x38 ../final_bsp/\libhal_bsp.a(alt_putstr.o)
                0x00080f00                alt_putstr
 .text          0x00080f38        0x4 ../final_bsp/\libhal_bsp.a(alt_usleep.o)
                0x00080f38                usleep
 .text          0x00080f3c       0x24 ../final_bsp/\libhal_bsp.a(alt_sys_init.o)
                0x00080f3c                alt_sys_init
                0x00080f40                alt_irq_init
 .text          0x00080f60       0x34 ../final_bsp/\libhal_bsp.a(altera_avalon_jtag_uart_write.o)
                0x00080f60                altera_avalon_jtag_uart_write
 .text          0x00080f94       0x8c ../final_bsp/\libhal_bsp.a(alt_busy_sleep.o)
                0x00080f94                alt_busy_sleep
 .text          0x00081020        0x4 ../final_bsp/\libhal_bsp.a(alt_dcache_flush_all.o)
                0x00081020                alt_dcache_flush_all
 .text          0x00081024        0x4 ../final_bsp/\libhal_bsp.a(alt_icache_flush_all.o)
                0x00081024                alt_icache_flush_all
 .text          0x00081028        0x8 ../final_bsp/\libhal_bsp.a(altera_nios2_qsys_irq.o)
                0x00081028                altera_nios2_qsys_irq_init
 *(.gnu.warning.*)
 *(.fini)
                0x00081030                PROVIDE (__etext, ABSOLUTE (.))
                0x00081030                PROVIDE (_etext, ABSOLUTE (.))
                0x00081030                PROVIDE (etext, ABSOLUTE (.))
 *(.eh_frame_hdr)
                0x00081030                . = ALIGN (0x4)
                0x00081030                PROVIDE (__preinit_array_start, ABSOLUTE (.))
 *(.preinit_array)
                0x00081030                PROVIDE (__preinit_array_end, ABSOLUTE (.))
                0x00081030                PROVIDE (__init_array_start, ABSOLUTE (.))
 *(.init_array)
                0x00081030                PROVIDE (__init_array_end, ABSOLUTE (.))
                0x00081030                PROVIDE (__fini_array_start, ABSOLUTE (.))
 *(.fini_array)
                0x00081030                PROVIDE (__fini_array_end, ABSOLUTE (.))
 *(.eh_frame)
 *(.gcc_except_table)
 *(.dynamic)
                0x00081030                PROVIDE (__CTOR_LIST__, ABSOLUTE (.))
 *(.ctors)
 *(SORT(.ctors.*))
                0x00081030                PROVIDE (__CTOR_END__, ABSOLUTE (.))
                0x00081030                PROVIDE (__DTOR_LIST__, ABSOLUTE (.))
 *(.dtors)
 *(SORT(.dtors.*))
                0x00081030                PROVIDE (__DTOR_END__, ABSOLUTE (.))
 *(.jcr)
                0x00081030                . = ALIGN (0x4)

.rodata         0x00081030       0x38
                0x00081030                PROVIDE (__ram_rodata_start, ABSOLUTE (.))
                0x00081030                . = ALIGN (0x4)
 *(.rodata .rodata.* .gnu.linkonce.r.*)
 .rodata.str1.4
                0x00081030       0x38 obj/default/hello_world_small.o
 *(.rodata1)
                0x00081068                . = ALIGN (0x4)
                0x00081068                PROVIDE (__ram_rodata_end, ABSOLUTE (.))
                0x00081030                PROVIDE (__flash_rodata_start, LOADADDR (.rodata))

.rwdata         0x00081068       0xec load address 0x00081154
                0x00081068                PROVIDE (__ram_rwdata_start, ABSOLUTE (.))
                0x00081068                . = ALIGN (0x4)
 *(.got.plt)
 *(.got)
 *(.data1)
 *(.data .data.* .gnu.linkonce.d.*)
 .data          0x00081068        0x0 ../final_bsp//obj/HAL/src/crt0.o
 .data          0x00081068        0x0 obj/default/hello_world_small.o
 .data          0x00081068        0x0 c:/altera/13.0sp1/nios2eds/bin/gnu/h-i686-mingw32/bin/../lib/gcc/nios2-elf/4.1.2/../../../../nios2-elf/lib/mno-hw-mul\libsmallc.a(lib_a-sprintf.o)
 .data          0x00081068        0x0 c:/altera/13.0sp1/nios2eds/bin/gnu/h-i686-mingw32/bin/../lib/gcc/nios2-elf/4.1.2/../../../../nios2-elf/lib/mno-hw-mul\libsmallc.a(lib_a-vfprintf.o)
 .data          0x00081068        0x0 c:/altera/13.0sp1/nios2eds/bin/gnu/h-i686-mingw32/bin/../lib/gcc/nios2-elf/4.1.2/../../../../nios2-elf/lib/mno-hw-mul\libsmallc.a(lib_a-fvwrite_small_str.o)
 .data          0x00081068       0xe0 c:/altera/13.0sp1/nios2eds/bin/gnu/h-i686-mingw32/bin/../lib/gcc/nios2-elf/4.1.2/../../../../nios2-elf/lib/mno-hw-mul\libsmallc.a(lib_a-impure.o)
 .data          0x00081148        0x0 c:/altera/13.0sp1/nios2eds/bin/gnu/h-i686-mingw32/bin/../lib/gcc/nios2-elf/4.1.2/../../../../nios2-elf/lib/mno-hw-mul\libsmallc.a(lib_a-memmove.o)
 .data          0x00081148        0x0 c:/altera/13.0sp1/nios2eds/bin/gnu/h-i686-mingw32/bin/../lib/gcc/nios2-elf/4.1.2/../../../../nios2-elf/lib/mno-hw-mul\libsmallc.a(lib_a-strlen.o)
 .data          0x00081148        0x0 c:/altera/13.0sp1/nios2eds/bin/gnu/h-i686-mingw32/bin/../lib/gcc/nios2-elf/4.1.2/mno-hw-mul\libgcc.a(lib2-divmod.o)
 .data          0x00081148        0x0 c:/altera/13.0sp1/nios2eds/bin/gnu/h-i686-mingw32/bin/../lib/gcc/nios2-elf/4.1.2/mno-hw-mul\libgcc.a(lib2-mul.o)
 .data          0x00081148        0x0 ../final_bsp/\libhal_bsp.a(alt_load.o)
 .data          0x00081148        0x0 ../final_bsp/\libhal_bsp.a(alt_main.o)
 .data          0x00081148        0x0 ../final_bsp/\libhal_bsp.a(alt_putstr.o)
 .data          0x00081148        0x0 ../final_bsp/\libhal_bsp.a(alt_usleep.o)
 .data          0x00081148        0x0 ../final_bsp/\libhal_bsp.a(alt_sys_init.o)
 .data          0x00081148        0x0 ../final_bsp/\libhal_bsp.a(altera_avalon_jtag_uart_write.o)
 .data          0x00081148        0x0 ../final_bsp/\libhal_bsp.a(alt_busy_sleep.o)
 .data          0x00081148        0x0 ../final_bsp/\libhal_bsp.a(alt_dcache_flush_all.o)
 .data          0x00081148        0x0 ../final_bsp/\libhal_bsp.a(alt_icache_flush_all.o)
 .data          0x00081148        0x0 ../final_bsp/\libhal_bsp.a(altera_nios2_qsys_irq.o)
                0x00089148                _gp = ABSOLUTE ((. + 0x8000))
                0x00089148                PROVIDE (gp, _gp)
 *(.rwdata .rwdata.*)
 *(.sdata .sdata.* .gnu.linkonce.s.*)
 .sdata         0x00081148        0x8 c:/altera/13.0sp1/nios2eds/bin/gnu/h-i686-mingw32/bin/../lib/gcc/nios2-elf/4.1.2/../../../../nios2-elf/lib/mno-hw-mul\libsmallc.a(lib_a-impure.o)
                0x00081148                _impure_ptr
                0x0008114c                _global_impure_ptr
 .sdata         0x00081150        0x4 ../final_bsp/\libhal_bsp.a(alt_sys_init.o)
                0x00081150                jtag_uart_0
 *(.sdata2 .sdata2.* .gnu.linkonce.s2.*)
                0x00081154                . = ALIGN (0x4)
                0x00081154                _edata = ABSOLUTE (.)
                0x00081154                PROVIDE (edata, ABSOLUTE (.))
                0x00081154                PROVIDE (__ram_rwdata_end, ABSOLUTE (.))
                0x00081154                PROVIDE (__flash_rwdata_start, LOADADDR (.rwdata))

.bss            0x00081240        0xc
                0x00081240                __bss_start = ABSOLUTE (.)
                0x00081240                PROVIDE (__sbss_start, ABSOLUTE (.))
                0x00081240                PROVIDE (___sbss_start, ABSOLUTE (.))
 *(.dynsbss)
 *(.sbss .sbss.* .gnu.linkonce.sb.*)
 .sbss          0x00081240        0xc ../final_bsp/\libhal_bsp.a(alt_main.o)
                0x00081240                alt_argc
                0x00081244                alt_argv
                0x00081248                alt_envp
 *(.sbss2 .sbss2.* .gnu.linkonce.sb2.*)
 *(.scommon)
                0x0008124c                PROVIDE (__sbss_end, ABSOLUTE (.))
                0x0008124c                PROVIDE (___sbss_end, ABSOLUTE (.))
 *(.dynbss)
 *(.bss .bss.* .gnu.linkonce.b.*)
 .bss           0x0008124c        0x0 ../final_bsp//obj/HAL/src/crt0.o
 .bss           0x0008124c        0x0 obj/default/hello_world_small.o
 .bss           0x0008124c        0x0 c:/altera/13.0sp1/nios2eds/bin/gnu/h-i686-mingw32/bin/../lib/gcc/nios2-elf/4.1.2/../../../../nios2-elf/lib/mno-hw-mul\libsmallc.a(lib_a-sprintf.o)
 .bss           0x0008124c        0x0 c:/altera/13.0sp1/nios2eds/bin/gnu/h-i686-mingw32/bin/../lib/gcc/nios2-elf/4.1.2/../../../../nios2-elf/lib/mno-hw-mul\libsmallc.a(lib_a-vfprintf.o)
 .bss           0x0008124c        0x0 c:/altera/13.0sp1/nios2eds/bin/gnu/h-i686-mingw32/bin/../lib/gcc/nios2-elf/4.1.2/../../../../nios2-elf/lib/mno-hw-mul\libsmallc.a(lib_a-fvwrite_small_str.o)
 .bss           0x0008124c        0x0 c:/altera/13.0sp1/nios2eds/bin/gnu/h-i686-mingw32/bin/../lib/gcc/nios2-elf/4.1.2/../../../../nios2-elf/lib/mno-hw-mul\libsmallc.a(lib_a-impure.o)
 .bss           0x0008124c        0x0 c:/altera/13.0sp1/nios2eds/bin/gnu/h-i686-mingw32/bin/../lib/gcc/nios2-elf/4.1.2/../../../../nios2-elf/lib/mno-hw-mul\libsmallc.a(lib_a-memmove.o)
 .bss           0x0008124c        0x0 c:/altera/13.0sp1/nios2eds/bin/gnu/h-i686-mingw32/bin/../lib/gcc/nios2-elf/4.1.2/../../../../nios2-elf/lib/mno-hw-mul\libsmallc.a(lib_a-strlen.o)
 .bss           0x0008124c        0x0 c:/altera/13.0sp1/nios2eds/bin/gnu/h-i686-mingw32/bin/../lib/gcc/nios2-elf/4.1.2/mno-hw-mul\libgcc.a(lib2-divmod.o)
 .bss           0x0008124c        0x0 c:/altera/13.0sp1/nios2eds/bin/gnu/h-i686-mingw32/bin/../lib/gcc/nios2-elf/4.1.2/mno-hw-mul\libgcc.a(lib2-mul.o)
 .bss           0x0008124c        0x0 ../final_bsp/\libhal_bsp.a(alt_load.o)
 .bss           0x0008124c        0x0 ../final_bsp/\libhal_bsp.a(alt_main.o)
 .bss           0x0008124c        0x0 ../final_bsp/\libhal_bsp.a(alt_putstr.o)
 .bss           0x0008124c        0x0 ../final_bsp/\libhal_bsp.a(alt_usleep.o)
 .bss           0x0008124c        0x0 ../final_bsp/\libhal_bsp.a(alt_sys_init.o)
 .bss           0x0008124c        0x0 ../final_bsp/\libhal_bsp.a(altera_avalon_jtag_uart_write.o)
 .bss           0x0008124c        0x0 ../final_bsp/\libhal_bsp.a(alt_busy_sleep.o)
 .bss           0x0008124c        0x0 ../final_bsp/\libhal_bsp.a(alt_dcache_flush_all.o)
 .bss           0x0008124c        0x0 ../final_bsp/\libhal_bsp.a(alt_icache_flush_all.o)
 .bss           0x0008124c        0x0 ../final_bsp/\libhal_bsp.a(altera_nios2_qsys_irq.o)
 *(COMMON)
                0x0008124c                . = ALIGN (0x4)
                0x0008124c                __bss_end = ABSOLUTE (.)

.onchip_memory2_0
                0x0008124c        0x0
                0x0008124c                PROVIDE (_alt_partition_onchip_memory2_0_start, ABSOLUTE (.))
 *(.onchip_memory2_0. onchip_memory2_0.*)
                0x0008124c                . = ALIGN (0x4)
                0x0008124c                PROVIDE (_alt_partition_onchip_memory2_0_end, ABSOLUTE (.))
                0x0008124c                _end = ABSOLUTE (.)
                0x0008124c                end = ABSOLUTE (.)
                0x0008124c                __alt_stack_base = ABSOLUTE (.)
                0x0008124c                PROVIDE (_alt_partition_onchip_memory2_0_load_addr, LOADADDR (.onchip_memory2_0))

.stab
 *(.stab)

.stabstr
 *(.stabstr)

.stab.excl
 *(.stab.excl)

.stab.exclstr
 *(.stab.exclstr)

.stab.index
 *(.stab.index)

.stab.indexstr
 *(.stab.indexstr)

.comment        0x00000000       0x26
 *(.comment)
 .comment       0x00000000       0x26 obj/default/hello_world_small.o
                                 0x27 (size before relaxing)
 .comment       0x00000000       0x27 c:/altera/13.0sp1/nios2eds/bin/gnu/h-i686-mingw32/bin/../lib/gcc/nios2-elf/4.1.2/../../../../nios2-elf/lib/mno-hw-mul\libsmallc.a(lib_a-sprintf.o)
 .comment       0x00000000       0x27 c:/altera/13.0sp1/nios2eds/bin/gnu/h-i686-mingw32/bin/../lib/gcc/nios2-elf/4.1.2/../../../../nios2-elf/lib/mno-hw-mul\libsmallc.a(lib_a-vfprintf.o)
 .comment       0x00000000       0x27 c:/altera/13.0sp1/nios2eds/bin/gnu/h-i686-mingw32/bin/../lib/gcc/nios2-elf/4.1.2/../../../../nios2-elf/lib/mno-hw-mul\libsmallc.a(lib_a-fvwrite_small_str.o)
 .comment       0x00000000       0x27 c:/altera/13.0sp1/nios2eds/bin/gnu/h-i686-mingw32/bin/../lib/gcc/nios2-elf/4.1.2/../../../../nios2-elf/lib/mno-hw-mul\libsmallc.a(lib_a-impure.o)
 .comment       0x00000000       0x27 c:/altera/13.0sp1/nios2eds/bin/gnu/h-i686-mingw32/bin/../lib/gcc/nios2-elf/4.1.2/../../../../nios2-elf/lib/mno-hw-mul\libsmallc.a(lib_a-memmove.o)
 .comment       0x00000000       0x27 c:/altera/13.0sp1/nios2eds/bin/gnu/h-i686-mingw32/bin/../lib/gcc/nios2-elf/4.1.2/../../../../nios2-elf/lib/mno-hw-mul\libsmallc.a(lib_a-strlen.o)
 .comment       0x00000000       0x27 c:/altera/13.0sp1/nios2eds/bin/gnu/h-i686-mingw32/bin/../lib/gcc/nios2-elf/4.1.2/mno-hw-mul\libgcc.a(lib2-divmod.o)
 .comment       0x00000000       0x27 c:/altera/13.0sp1/nios2eds/bin/gnu/h-i686-mingw32/bin/../lib/gcc/nios2-elf/4.1.2/mno-hw-mul\libgcc.a(lib2-mul.o)
 .comment       0x00000000       0x27 ../final_bsp/\libhal_bsp.a(alt_load.o)
 .comment       0x00000000       0x27 ../final_bsp/\libhal_bsp.a(alt_main.o)
 .comment       0x00000000       0x27 ../final_bsp/\libhal_bsp.a(alt_putstr.o)
 .comment       0x00000000       0x27 ../final_bsp/\libhal_bsp.a(alt_usleep.o)
 .comment       0x00000000       0x27 ../final_bsp/\libhal_bsp.a(alt_sys_init.o)
 .comment       0x00000000       0x27 ../final_bsp/\libhal_bsp.a(altera_avalon_jtag_uart_write.o)
 .comment       0x00000000       0x27 ../final_bsp/\libhal_bsp.a(alt_busy_sleep.o)
 .comment       0x00000000       0x27 ../final_bsp/\libhal_bsp.a(alt_dcache_flush_all.o)
 .comment       0x00000000       0x27 ../final_bsp/\libhal_bsp.a(alt_icache_flush_all.o)
 .comment       0x00000000       0x27 ../final_bsp/\libhal_bsp.a(altera_nios2_qsys_irq.o)

.debug
 *(.debug)

.line
 *(.line)

.debug_srcinfo
 *(.debug_srcinfo)

.debug_sfnames
 *(.debug_sfnames)

.debug_aranges  0x00000000      0x268
 *(.debug_aranges)
 .debug_aranges
                0x00000000       0x28 ../final_bsp//obj/HAL/src/crt0.o
 .debug_aranges
                0x00000028       0x20 obj/default/hello_world_small.o
 .debug_aranges
                0x00000048       0x20 c:/altera/13.0sp1/nios2eds/bin/gnu/h-i686-mingw32/bin/../lib/gcc/nios2-elf/4.1.2/../../../../nios2-elf/lib/mno-hw-mul\libsmallc.a(lib_a-sprintf.o)
 .debug_aranges
                0x00000068       0x20 c:/altera/13.0sp1/nios2eds/bin/gnu/h-i686-mingw32/bin/../lib/gcc/nios2-elf/4.1.2/../../../../nios2-elf/lib/mno-hw-mul\libsmallc.a(lib_a-vfprintf.o)
 .debug_aranges
                0x00000088       0x20 c:/altera/13.0sp1/nios2eds/bin/gnu/h-i686-mingw32/bin/../lib/gcc/nios2-elf/4.1.2/../../../../nios2-elf/lib/mno-hw-mul\libsmallc.a(lib_a-fvwrite_small_str.o)
 .debug_aranges
                0x000000a8       0x20 c:/altera/13.0sp1/nios2eds/bin/gnu/h-i686-mingw32/bin/../lib/gcc/nios2-elf/4.1.2/../../../../nios2-elf/lib/mno-hw-mul\libsmallc.a(lib_a-memmove.o)
 .debug_aranges
                0x000000c8       0x20 c:/altera/13.0sp1/nios2eds/bin/gnu/h-i686-mingw32/bin/../lib/gcc/nios2-elf/4.1.2/../../../../nios2-elf/lib/mno-hw-mul\libsmallc.a(lib_a-strlen.o)
 .debug_aranges
                0x000000e8       0x20 c:/altera/13.0sp1/nios2eds/bin/gnu/h-i686-mingw32/bin/../lib/gcc/nios2-elf/4.1.2/mno-hw-mul\libgcc.a(lib2-divmod.o)
 .debug_aranges
                0x00000108       0x20 c:/altera/13.0sp1/nios2eds/bin/gnu/h-i686-mingw32/bin/../lib/gcc/nios2-elf/4.1.2/mno-hw-mul\libgcc.a(lib2-mul.o)
 .debug_aranges
                0x00000128       0x20 ../final_bsp/\libhal_bsp.a(alt_load.o)
 .debug_aranges
                0x00000148       0x20 ../final_bsp/\libhal_bsp.a(alt_main.o)
 .debug_aranges
                0x00000168       0x20 ../final_bsp/\libhal_bsp.a(alt_putstr.o)
 .debug_aranges
                0x00000188       0x20 ../final_bsp/\libhal_bsp.a(alt_usleep.o)
 .debug_aranges
                0x000001a8       0x20 ../final_bsp/\libhal_bsp.a(alt_sys_init.o)
 .debug_aranges
                0x000001c8       0x20 ../final_bsp/\libhal_bsp.a(altera_avalon_jtag_uart_write.o)
 .debug_aranges
                0x000001e8       0x20 ../final_bsp/\libhal_bsp.a(alt_busy_sleep.o)
 .debug_aranges
                0x00000208       0x20 ../final_bsp/\libhal_bsp.a(alt_dcache_flush_all.o)
 .debug_aranges
                0x00000228       0x20 ../final_bsp/\libhal_bsp.a(alt_icache_flush_all.o)
 .debug_aranges
                0x00000248       0x20 ../final_bsp/\libhal_bsp.a(altera_nios2_qsys_irq.o)

.debug_pubnames
                0x00000000      0x393
 *(.debug_pubnames)
 .debug_pubnames
                0x00000000       0x54 obj/default/hello_world_small.o
 .debug_pubnames
                0x00000054       0x2d c:/altera/13.0sp1/nios2eds/bin/gnu/h-i686-mingw32/bin/../lib/gcc/nios2-elf/4.1.2/../../../../nios2-elf/lib/mno-hw-mul\libsmallc.a(lib_a-sprintf.o)
 .debug_pubnames
                0x00000081       0x45 c:/altera/13.0sp1/nios2eds/bin/gnu/h-i686-mingw32/bin/../lib/gcc/nios2-elf/4.1.2/../../../../nios2-elf/lib/mno-hw-mul\libsmallc.a(lib_a-vfprintf.o)
 .debug_pubnames
                0x000000c6       0x2b c:/altera/13.0sp1/nios2eds/bin/gnu/h-i686-mingw32/bin/../lib/gcc/nios2-elf/4.1.2/../../../../nios2-elf/lib/mno-hw-mul\libsmallc.a(lib_a-fvwrite_small_str.o)
 .debug_pubnames
                0x000000f1       0x39 c:/altera/13.0sp1/nios2eds/bin/gnu/h-i686-mingw32/bin/../lib/gcc/nios2-elf/4.1.2/../../../../nios2-elf/lib/mno-hw-mul\libsmallc.a(lib_a-impure.o)
 .debug_pubnames
                0x0000012a       0x1e c:/altera/13.0sp1/nios2eds/bin/gnu/h-i686-mingw32/bin/../lib/gcc/nios2-elf/4.1.2/../../../../nios2-elf/lib/mno-hw-mul\libsmallc.a(lib_a-memmove.o)
 .debug_pubnames
                0x00000148       0x1d c:/altera/13.0sp1/nios2eds/bin/gnu/h-i686-mingw32/bin/../lib/gcc/nios2-elf/4.1.2/../../../../nios2-elf/lib/mno-hw-mul\libsmallc.a(lib_a-strlen.o)
 .debug_pubnames
                0x00000165       0x48 c:/altera/13.0sp1/nios2eds/bin/gnu/h-i686-mingw32/bin/../lib/gcc/nios2-elf/4.1.2/mno-hw-mul\libgcc.a(lib2-divmod.o)
 .debug_pubnames
                0x000001ad       0x1f c:/altera/13.0sp1/nios2eds/bin/gnu/h-i686-mingw32/bin/../lib/gcc/nios2-elf/4.1.2/mno-hw-mul\libgcc.a(lib2-mul.o)
 .debug_pubnames
                0x000001cc       0x1f ../final_bsp/\libhal_bsp.a(alt_load.o)
 .debug_pubnames
                0x000001eb       0x46 ../final_bsp/\libhal_bsp.a(alt_main.o)
 .debug_pubnames
                0x00000231       0x21 ../final_bsp/\libhal_bsp.a(alt_putstr.o)
 .debug_pubnames
                0x00000252       0x1d ../final_bsp/\libhal_bsp.a(alt_usleep.o)
 .debug_pubnames
                0x0000026f       0x44 ../final_bsp/\libhal_bsp.a(alt_sys_init.o)
 .debug_pubnames
                0x000002b3       0x34 ../final_bsp/\libhal_bsp.a(altera_avalon_jtag_uart_write.o)
 .debug_pubnames
                0x000002e7       0x25 ../final_bsp/\libhal_bsp.a(alt_busy_sleep.o)
 .debug_pubnames
                0x0000030c       0x2b ../final_bsp/\libhal_bsp.a(alt_dcache_flush_all.o)
 .debug_pubnames
                0x00000337       0x2b ../final_bsp/\libhal_bsp.a(alt_icache_flush_all.o)
 .debug_pubnames
                0x00000362       0x31 ../final_bsp/\libhal_bsp.a(altera_nios2_qsys_irq.o)

.debug_info     0x00000000     0x2f53
 *(.debug_info .gnu.linkonce.wi.*)
 .debug_info    0x00000000       0x6e ../final_bsp//obj/HAL/src/crt0.o
 .debug_info    0x0000006e      0x19a obj/default/hello_world_small.o
 .debug_info    0x00000208      0x7e7 c:/altera/13.0sp1/nios2eds/bin/gnu/h-i686-mingw32/bin/../lib/gcc/nios2-elf/4.1.2/../../../../nios2-elf/lib/mno-hw-mul\libsmallc.a(lib_a-sprintf.o)
 .debug_info    0x000009ef      0x9b6 c:/altera/13.0sp1/nios2eds/bin/gnu/h-i686-mingw32/bin/../lib/gcc/nios2-elf/4.1.2/../../../../nios2-elf/lib/mno-hw-mul\libsmallc.a(lib_a-vfprintf.o)
 .debug_info    0x000013a5      0x75f c:/altera/13.0sp1/nios2eds/bin/gnu/h-i686-mingw32/bin/../lib/gcc/nios2-elf/4.1.2/../../../../nios2-elf/lib/mno-hw-mul\libsmallc.a(lib_a-fvwrite_small_str.o)
 .debug_info    0x00001b04      0x636 c:/altera/13.0sp1/nios2eds/bin/gnu/h-i686-mingw32/bin/../lib/gcc/nios2-elf/4.1.2/../../../../nios2-elf/lib/mno-hw-mul\libsmallc.a(lib_a-impure.o)
 .debug_info    0x0000213a      0x102 c:/altera/13.0sp1/nios2eds/bin/gnu/h-i686-mingw32/bin/../lib/gcc/nios2-elf/4.1.2/../../../../nios2-elf/lib/mno-hw-mul\libsmallc.a(lib_a-memmove.o)
 .debug_info    0x0000223c       0xc2 c:/altera/13.0sp1/nios2eds/bin/gnu/h-i686-mingw32/bin/../lib/gcc/nios2-elf/4.1.2/../../../../nios2-elf/lib/mno-hw-mul\libsmallc.a(lib_a-strlen.o)
 .debug_info    0x000022fe      0x21c c:/altera/13.0sp1/nios2eds/bin/gnu/h-i686-mingw32/bin/../lib/gcc/nios2-elf/4.1.2/mno-hw-mul\libgcc.a(lib2-divmod.o)
 .debug_info    0x0000251a       0xf3 c:/altera/13.0sp1/nios2eds/bin/gnu/h-i686-mingw32/bin/../lib/gcc/nios2-elf/4.1.2/mno-hw-mul\libgcc.a(lib2-mul.o)
 .debug_info    0x0000260d      0x12e ../final_bsp/\libhal_bsp.a(alt_load.o)
 .debug_info    0x0000273b      0x125 ../final_bsp/\libhal_bsp.a(alt_main.o)
 .debug_info    0x00002860       0xc5 ../final_bsp/\libhal_bsp.a(alt_putstr.o)
 .debug_info    0x00002925       0xab ../final_bsp/\libhal_bsp.a(alt_usleep.o)
 .debug_info    0x000029d0      0x17d ../final_bsp/\libhal_bsp.a(alt_sys_init.o)
 .debug_info    0x00002b4d      0x18f ../final_bsp/\libhal_bsp.a(altera_avalon_jtag_uart_write.o)
 .debug_info    0x00002cdc       0xd0 ../final_bsp/\libhal_bsp.a(alt_busy_sleep.o)
 .debug_info    0x00002dac       0x8d ../final_bsp/\libhal_bsp.a(alt_dcache_flush_all.o)
 .debug_info    0x00002e39       0x8d ../final_bsp/\libhal_bsp.a(alt_icache_flush_all.o)
 .debug_info    0x00002ec6       0x8d ../final_bsp/\libhal_bsp.a(altera_nios2_qsys_irq.o)

.debug_abbrev   0x00000000      0xf1c
 *(.debug_abbrev)
 .debug_abbrev  0x00000000       0x12 ../final_bsp//obj/HAL/src/crt0.o
 .debug_abbrev  0x00000012       0xcf obj/default/hello_world_small.o
 .debug_abbrev  0x000000e1      0x179 c:/altera/13.0sp1/nios2eds/bin/gnu/h-i686-mingw32/bin/../lib/gcc/nios2-elf/4.1.2/../../../../nios2-elf/lib/mno-hw-mul\libsmallc.a(lib_a-sprintf.o)
 .debug_abbrev  0x0000025a      0x263 c:/altera/13.0sp1/nios2eds/bin/gnu/h-i686-mingw32/bin/../lib/gcc/nios2-elf/4.1.2/../../../../nios2-elf/lib/mno-hw-mul\libsmallc.a(lib_a-vfprintf.o)
 .debug_abbrev  0x000004bd      0x184 c:/altera/13.0sp1/nios2eds/bin/gnu/h-i686-mingw32/bin/../lib/gcc/nios2-elf/4.1.2/../../../../nios2-elf/lib/mno-hw-mul\libsmallc.a(lib_a-fvwrite_small_str.o)
 .debug_abbrev  0x00000641      0x13f c:/altera/13.0sp1/nios2eds/bin/gnu/h-i686-mingw32/bin/../lib/gcc/nios2-elf/4.1.2/../../../../nios2-elf/lib/mno-hw-mul\libsmallc.a(lib_a-impure.o)
 .debug_abbrev  0x00000780       0xa8 c:/altera/13.0sp1/nios2eds/bin/gnu/h-i686-mingw32/bin/../lib/gcc/nios2-elf/4.1.2/../../../../nios2-elf/lib/mno-hw-mul\libsmallc.a(lib_a-memmove.o)
 .debug_abbrev  0x00000828       0x7a c:/altera/13.0sp1/nios2eds/bin/gnu/h-i686-mingw32/bin/../lib/gcc/nios2-elf/4.1.2/../../../../nios2-elf/lib/mno-hw-mul\libsmallc.a(lib_a-strlen.o)
 .debug_abbrev  0x000008a2       0xe0 c:/altera/13.0sp1/nios2eds/bin/gnu/h-i686-mingw32/bin/../lib/gcc/nios2-elf/4.1.2/mno-hw-mul\libgcc.a(lib2-divmod.o)
 .debug_abbrev  0x00000982       0x7b c:/altera/13.0sp1/nios2eds/bin/gnu/h-i686-mingw32/bin/../lib/gcc/nios2-elf/4.1.2/mno-hw-mul\libgcc.a(lib2-mul.o)
 .debug_abbrev  0x000009fd       0x97 ../final_bsp/\libhal_bsp.a(alt_load.o)
 .debug_abbrev  0x00000a94       0xa6 ../final_bsp/\libhal_bsp.a(alt_main.o)
 .debug_abbrev  0x00000b3a       0x7c ../final_bsp/\libhal_bsp.a(alt_putstr.o)
 .debug_abbrev  0x00000bb6       0x5d ../final_bsp/\libhal_bsp.a(alt_usleep.o)
 .debug_abbrev  0x00000c13       0xe3 ../final_bsp/\libhal_bsp.a(alt_sys_init.o)
 .debug_abbrev  0x00000cf6       0xf0 ../final_bsp/\libhal_bsp.a(altera_avalon_jtag_uart_write.o)
 .debug_abbrev  0x00000de6       0x79 ../final_bsp/\libhal_bsp.a(alt_busy_sleep.o)
 .debug_abbrev  0x00000e5f       0x3f ../final_bsp/\libhal_bsp.a(alt_dcache_flush_all.o)
 .debug_abbrev  0x00000e9e       0x3f ../final_bsp/\libhal_bsp.a(alt_icache_flush_all.o)
 .debug_abbrev  0x00000edd       0x3f ../final_bsp/\libhal_bsp.a(altera_nios2_qsys_irq.o)

.debug_line     0x00000000     0x3190
 *(.debug_line)
 .debug_line    0x00000000       0x66 ../final_bsp//obj/HAL/src/crt0.o
 .debug_line    0x00000066      0x44f obj/default/hello_world_small.o
 .debug_line    0x000004b5      0x365 c:/altera/13.0sp1/nios2eds/bin/gnu/h-i686-mingw32/bin/../lib/gcc/nios2-elf/4.1.2/../../../../nios2-elf/lib/mno-hw-mul\libsmallc.a(lib_a-sprintf.o)
 .debug_line    0x0000081a      0x666 c:/altera/13.0sp1/nios2eds/bin/gnu/h-i686-mingw32/bin/../lib/gcc/nios2-elf/4.1.2/../../../../nios2-elf/lib/mno-hw-mul\libsmallc.a(lib_a-vfprintf.o)
 .debug_line    0x00000e80      0x2cf c:/altera/13.0sp1/nios2eds/bin/gnu/h-i686-mingw32/bin/../lib/gcc/nios2-elf/4.1.2/../../../../nios2-elf/lib/mno-hw-mul\libsmallc.a(lib_a-fvwrite_small_str.o)
 .debug_line    0x0000114f      0x230 c:/altera/13.0sp1/nios2eds/bin/gnu/h-i686-mingw32/bin/../lib/gcc/nios2-elf/4.1.2/../../../../nios2-elf/lib/mno-hw-mul\libsmallc.a(lib_a-impure.o)
 .debug_line    0x0000137f      0x294 c:/altera/13.0sp1/nios2eds/bin/gnu/h-i686-mingw32/bin/../lib/gcc/nios2-elf/4.1.2/../../../../nios2-elf/lib/mno-hw-mul\libsmallc.a(lib_a-memmove.o)
 .debug_line    0x00001613      0x250 c:/altera/13.0sp1/nios2eds/bin/gnu/h-i686-mingw32/bin/../lib/gcc/nios2-elf/4.1.2/../../../../nios2-elf/lib/mno-hw-mul\libsmallc.a(lib_a-strlen.o)
 .debug_line    0x00001863      0x24f c:/altera/13.0sp1/nios2eds/bin/gnu/h-i686-mingw32/bin/../lib/gcc/nios2-elf/4.1.2/mno-hw-mul\libgcc.a(lib2-divmod.o)
 .debug_line    0x00001ab2      0x11a c:/altera/13.0sp1/nios2eds/bin/gnu/h-i686-mingw32/bin/../lib/gcc/nios2-elf/4.1.2/mno-hw-mul\libgcc.a(lib2-mul.o)
 .debug_line    0x00001bcc      0x217 ../final_bsp/\libhal_bsp.a(alt_load.o)
 .debug_line    0x00001de3      0x2c2 ../final_bsp/\libhal_bsp.a(alt_main.o)
 .debug_line    0x000020a5      0x1d9 ../final_bsp/\libhal_bsp.a(alt_putstr.o)
 .debug_line    0x0000227e      0x202 ../final_bsp/\libhal_bsp.a(alt_usleep.o)
 .debug_line    0x00002480      0x286 ../final_bsp/\libhal_bsp.a(alt_sys_init.o)
 .debug_line    0x00002706      0x2f4 ../final_bsp/\libhal_bsp.a(altera_avalon_jtag_uart_write.o)
 .debug_line    0x000029fa      0x25e ../final_bsp/\libhal_bsp.a(alt_busy_sleep.o)
 .debug_line    0x00002c58      0x1b5 ../final_bsp/\libhal_bsp.a(alt_dcache_flush_all.o)
 .debug_line    0x00002e0d      0x1b5 ../final_bsp/\libhal_bsp.a(alt_icache_flush_all.o)
 .debug_line    0x00002fc2      0x1ce ../final_bsp/\libhal_bsp.a(altera_nios2_qsys_irq.o)

.debug_frame    0x00000000      0x3cc
 *(.debug_frame)
 .debug_frame   0x00000000       0xa4 obj/default/hello_world_small.o
 .debug_frame   0x000000a4       0x40 c:/altera/13.0sp1/nios2eds/bin/gnu/h-i686-mingw32/bin/../lib/gcc/nios2-elf/4.1.2/../../../../nios2-elf/lib/mno-hw-mul\libsmallc.a(lib_a-sprintf.o)
 .debug_frame   0x000000e4       0x64 c:/altera/13.0sp1/nios2eds/bin/gnu/h-i686-mingw32/bin/../lib/gcc/nios2-elf/4.1.2/../../../../nios2-elf/lib/mno-hw-mul\libsmallc.a(lib_a-vfprintf.o)
 .debug_frame   0x00000148       0x2c c:/altera/13.0sp1/nios2eds/bin/gnu/h-i686-mingw32/bin/../lib/gcc/nios2-elf/4.1.2/../../../../nios2-elf/lib/mno-hw-mul\libsmallc.a(lib_a-fvwrite_small_str.o)
 .debug_frame   0x00000174       0x20 c:/altera/13.0sp1/nios2eds/bin/gnu/h-i686-mingw32/bin/../lib/gcc/nios2-elf/4.1.2/../../../../nios2-elf/lib/mno-hw-mul\libsmallc.a(lib_a-memmove.o)
 .debug_frame   0x00000194       0x20 c:/altera/13.0sp1/nios2eds/bin/gnu/h-i686-mingw32/bin/../lib/gcc/nios2-elf/4.1.2/../../../../nios2-elf/lib/mno-hw-mul\libsmallc.a(lib_a-strlen.o)
 .debug_frame   0x000001b4       0x70 c:/altera/13.0sp1/nios2eds/bin/gnu/h-i686-mingw32/bin/../lib/gcc/nios2-elf/4.1.2/mno-hw-mul\libgcc.a(lib2-divmod.o)
 .debug_frame   0x00000224       0x20 c:/altera/13.0sp1/nios2eds/bin/gnu/h-i686-mingw32/bin/../lib/gcc/nios2-elf/4.1.2/mno-hw-mul\libgcc.a(lib2-mul.o)
 .debug_frame   0x00000244       0x38 ../final_bsp/\libhal_bsp.a(alt_load.o)
 .debug_frame   0x0000027c       0x28 ../final_bsp/\libhal_bsp.a(alt_main.o)
 .debug_frame   0x000002a4       0x28 ../final_bsp/\libhal_bsp.a(alt_putstr.o)
 .debug_frame   0x000002cc       0x20 ../final_bsp/\libhal_bsp.a(alt_usleep.o)
 .debug_frame   0x000002ec       0x38 ../final_bsp/\libhal_bsp.a(alt_sys_init.o)
 .debug_frame   0x00000324       0x20 ../final_bsp/\libhal_bsp.a(altera_avalon_jtag_uart_write.o)
 .debug_frame   0x00000344       0x28 ../final_bsp/\libhal_bsp.a(alt_busy_sleep.o)
 .debug_frame   0x0000036c       0x20 ../final_bsp/\libhal_bsp.a(alt_dcache_flush_all.o)
 .debug_frame   0x0000038c       0x20 ../final_bsp/\libhal_bsp.a(alt_icache_flush_all.o)
 .debug_frame   0x000003ac       0x20 ../final_bsp/\libhal_bsp.a(altera_nios2_qsys_irq.o)

.debug_str      0x00000000      0xdc2
 *(.debug_str)
 .debug_str     0x00000000       0xe3 obj/default/hello_world_small.o
                                0x12b (size before relaxing)
 .debug_str     0x000000e3      0x3dd c:/altera/13.0sp1/nios2eds/bin/gnu/h-i686-mingw32/bin/../lib/gcc/nios2-elf/4.1.2/../../../../nios2-elf/lib/mno-hw-mul\libsmallc.a(lib_a-sprintf.o)
                                0x499 (size before relaxing)
 .debug_str     0x000004c0      0x162 c:/altera/13.0sp1/nios2eds/bin/gnu/h-i686-mingw32/bin/../lib/gcc/nios2-elf/4.1.2/../../../../nios2-elf/lib/mno-hw-mul\libsmallc.a(lib_a-vfprintf.o)
                                0x5af (size before relaxing)
 .debug_str     0x00000622       0x5d c:/altera/13.0sp1/nios2eds/bin/gnu/h-i686-mingw32/bin/../lib/gcc/nios2-elf/4.1.2/../../../../nios2-elf/lib/mno-hw-mul\libsmallc.a(lib_a-fvwrite_small_str.o)
                                0x487 (size before relaxing)
 .debug_str     0x0000067f       0xf8 c:/altera/13.0sp1/nios2eds/bin/gnu/h-i686-mingw32/bin/../lib/gcc/nios2-elf/4.1.2/../../../../nios2-elf/lib/mno-hw-mul\libsmallc.a(lib_a-impure.o)
                                0x45d (size before relaxing)
 .debug_str     0x00000777      0x104 c:/altera/13.0sp1/nios2eds/bin/gnu/h-i686-mingw32/bin/../lib/gcc/nios2-elf/4.1.2/../../../../nios2-elf/lib/mno-hw-mul\libsmallc.a(lib_a-memmove.o)
                                0x199 (size before relaxing)
 .debug_str     0x0000087b       0x45 c:/altera/13.0sp1/nios2eds/bin/gnu/h-i686-mingw32/bin/../lib/gcc/nios2-elf/4.1.2/../../../../nios2-elf/lib/mno-hw-mul\libsmallc.a(lib_a-strlen.o)
                                0x184 (size before relaxing)
 .debug_str     0x000008c0      0x10b c:/altera/13.0sp1/nios2eds/bin/gnu/h-i686-mingw32/bin/../lib/gcc/nios2-elf/4.1.2/mno-hw-mul\libgcc.a(lib2-divmod.o)
                                0x1b4 (size before relaxing)
 .debug_str     0x000009cb       0x37 c:/altera/13.0sp1/nios2eds/bin/gnu/h-i686-mingw32/bin/../lib/gcc/nios2-elf/4.1.2/mno-hw-mul\libgcc.a(lib2-mul.o)
                                0x175 (size before relaxing)
 .debug_str     0x00000a02      0x12e ../final_bsp/\libhal_bsp.a(alt_load.o)
                                0x1c3 (size before relaxing)
 .debug_str     0x00000b30       0x70 ../final_bsp/\libhal_bsp.a(alt_main.o)
                                0x147 (size before relaxing)
 .debug_str     0x00000ba0       0x4c ../final_bsp/\libhal_bsp.a(alt_putstr.o)
                                0x11e (size before relaxing)
 .debug_str     0x00000bec       0x27 ../final_bsp/\libhal_bsp.a(alt_usleep.o)
                                 0xf9 (size before relaxing)
 .debug_str     0x00000c13       0x80 ../final_bsp/\libhal_bsp.a(alt_sys_init.o)
                                0x1bc (size before relaxing)
 .debug_str     0x00000c93       0x4a ../final_bsp/\libhal_bsp.a(altera_avalon_jtag_uart_write.o)
                                0x1bf (size before relaxing)
 .debug_str     0x00000cdd       0x42 ../final_bsp/\libhal_bsp.a(alt_busy_sleep.o)
                                0x11c (size before relaxing)
 .debug_str     0x00000d1f       0x34 ../final_bsp/\libhal_bsp.a(alt_dcache_flush_all.o)
                                0x106 (size before relaxing)
 .debug_str     0x00000d53       0x34 ../final_bsp/\libhal_bsp.a(alt_icache_flush_all.o)
                                0x106 (size before relaxing)
 .debug_str     0x00000d87       0x3b ../final_bsp/\libhal_bsp.a(altera_nios2_qsys_irq.o)
                                0x10d (size before relaxing)

.debug_loc      0x00000000      0xec5
 *(.debug_loc)
 .debug_loc     0x00000000       0xdf obj/default/hello_world_small.o
 .debug_loc     0x000000df       0xbe c:/altera/13.0sp1/nios2eds/bin/gnu/h-i686-mingw32/bin/../lib/gcc/nios2-elf/4.1.2/../../../../nios2-elf/lib/mno-hw-mul\libsmallc.a(lib_a-sprintf.o)
 .debug_loc     0x0000019d      0x878 c:/altera/13.0sp1/nios2eds/bin/gnu/h-i686-mingw32/bin/../lib/gcc/nios2-elf/4.1.2/../../../../nios2-elf/lib/mno-hw-mul\libsmallc.a(lib_a-vfprintf.o)
 .debug_loc     0x00000a15       0xe1 c:/altera/13.0sp1/nios2eds/bin/gnu/h-i686-mingw32/bin/../lib/gcc/nios2-elf/4.1.2/../../../../nios2-elf/lib/mno-hw-mul\libsmallc.a(lib_a-fvwrite_small_str.o)
 .debug_loc     0x00000af6       0x4f c:/altera/13.0sp1/nios2eds/bin/gnu/h-i686-mingw32/bin/../lib/gcc/nios2-elf/4.1.2/../../../../nios2-elf/lib/mno-hw-mul\libsmallc.a(lib_a-memmove.o)
 .debug_loc     0x00000b45       0x1e c:/altera/13.0sp1/nios2eds/bin/gnu/h-i686-mingw32/bin/../lib/gcc/nios2-elf/4.1.2/../../../../nios2-elf/lib/mno-hw-mul\libsmallc.a(lib_a-strlen.o)
 .debug_loc     0x00000b63      0x1d2 c:/altera/13.0sp1/nios2eds/bin/gnu/h-i686-mingw32/bin/../lib/gcc/nios2-elf/4.1.2/mno-hw-mul\libgcc.a(lib2-divmod.o)
 .debug_loc     0x00000d35       0x4f c:/altera/13.0sp1/nios2eds/bin/gnu/h-i686-mingw32/bin/../lib/gcc/nios2-elf/4.1.2/mno-hw-mul\libgcc.a(lib2-mul.o)
 .debug_loc     0x00000d84       0x1f ../final_bsp/\libhal_bsp.a(alt_load.o)
 .debug_loc     0x00000da3       0x1f ../final_bsp/\libhal_bsp.a(alt_main.o)
 .debug_loc     0x00000dc2       0x48 ../final_bsp/\libhal_bsp.a(alt_putstr.o)
 .debug_loc     0x00000e0a       0x13 ../final_bsp/\libhal_bsp.a(alt_usleep.o)
 .debug_loc     0x00000e1d       0x32 ../final_bsp/\libhal_bsp.a(alt_sys_init.o)
 .debug_loc     0x00000e4f       0x26 ../final_bsp/\libhal_bsp.a(altera_avalon_jtag_uart_write.o)
 .debug_loc     0x00000e75       0x50 ../final_bsp/\libhal_bsp.a(alt_busy_sleep.o)

.debug_macinfo
 *(.debug_macinfo)

.debug_weaknames
 *(.debug_weaknames)

.debug_funcnames
 *(.debug_funcnames)

.debug_typenames
 *(.debug_typenames)

.debug_varnames
 *(.debug_varnames)

.debug_alt_sim_info
                0x00000000       0x40
 *(.debug_alt_sim_info)
 .debug_alt_sim_info
                0x00000000       0x10 ../final_bsp//obj/HAL/src/crt0.o
 .debug_alt_sim_info
                0x00000010       0x30 ../final_bsp/\libhal_bsp.a(alt_busy_sleep.o)
                0x000e1a80                __alt_data_end = 0xe1a80
                0x000e1a80                PROVIDE (__alt_stack_pointer, __alt_data_end)
                0x0008124c                PROVIDE (__alt_stack_limit, __alt_stack_base)
                0x0008124c                PROVIDE (__alt_heap_start, end)
                0x000e1a80                PROVIDE (__alt_heap_limit, 0xe1a80)
OUTPUT(final.elf elf32-littlenios2)

.debug_ranges   0x00000000      0x178
 .debug_ranges  0x00000000       0x20 ../final_bsp//obj/HAL/src/crt0.o
 .debug_ranges  0x00000020      0x140 c:/altera/13.0sp1/nios2eds/bin/gnu/h-i686-mingw32/bin/../lib/gcc/nios2-elf/4.1.2/../../../../nios2-elf/lib/mno-hw-mul\libsmallc.a(lib_a-vfprintf.o)
 .debug_ranges  0x00000160       0x18 c:/altera/13.0sp1/nios2eds/bin/gnu/h-i686-mingw32/bin/../lib/gcc/nios2-elf/4.1.2/../../../../nios2-elf/lib/mno-hw-mul\libsmallc.a(lib_a-fvwrite_small_str.o)
