Archive member included because of file (symbol)

../bai3_bsp/\libhal_bsp.a(alt_load.o)
                              ../bai3_bsp//obj/HAL/src/crt0.o (alt_load)
../bai3_bsp/\libhal_bsp.a(alt_main.o)
                              ../bai3_bsp//obj/HAL/src/crt0.o (alt_main)
../bai3_bsp/\libhal_bsp.a(alt_usleep.o)
                              obj/default/hello_world.o (usleep)
../bai3_bsp/\libhal_bsp.a(alt_sys_init.o)
                              ../bai3_bsp/\libhal_bsp.a(alt_main.o) (alt_irq_init)
../bai3_bsp/\libhal_bsp.a(altera_avalon_jtag_uart_fd.o)
                              ../bai3_bsp/\libhal_bsp.a(alt_sys_init.o) (altera_avalon_jtag_uart_read_fd)
../bai3_bsp/\libhal_bsp.a(altera_avalon_jtag_uart_init.o)
                              ../bai3_bsp/\libhal_bsp.a(alt_sys_init.o) (altera_avalon_jtag_uart_init)
../bai3_bsp/\libhal_bsp.a(altera_avalon_jtag_uart_ioctl.o)
                              ../bai3_bsp/\libhal_bsp.a(altera_avalon_jtag_uart_fd.o) (altera_avalon_jtag_uart_ioctl)
../bai3_bsp/\libhal_bsp.a(altera_avalon_jtag_uart_read.o)
                              ../bai3_bsp/\libhal_bsp.a(altera_avalon_jtag_uart_fd.o) (altera_avalon_jtag_uart_read)
../bai3_bsp/\libhal_bsp.a(altera_avalon_jtag_uart_write.o)
                              ../bai3_bsp/\libhal_bsp.a(altera_avalon_jtag_uart_fd.o) (altera_avalon_jtag_uart_write)
../bai3_bsp/\libhal_bsp.a(altera_avalon_uart_fd.o)
                              ../bai3_bsp/\libhal_bsp.a(alt_sys_init.o) (altera_avalon_uart_read_fd)
../bai3_bsp/\libhal_bsp.a(altera_avalon_uart_init.o)
                              ../bai3_bsp/\libhal_bsp.a(alt_sys_init.o) (altera_avalon_uart_init)
../bai3_bsp/\libhal_bsp.a(altera_avalon_uart_read.o)
                              ../bai3_bsp/\libhal_bsp.a(altera_avalon_uart_fd.o) (altera_avalon_uart_read)
../bai3_bsp/\libhal_bsp.a(altera_avalon_uart_write.o)
                              ../bai3_bsp/\libhal_bsp.a(altera_avalon_uart_fd.o) (altera_avalon_uart_write)
../bai3_bsp/\libhal_bsp.a(alt_alarm_start.o)
                              ../bai3_bsp/\libhal_bsp.a(altera_avalon_jtag_uart_init.o) (alt_alarm_start)
../bai3_bsp/\libhal_bsp.a(alt_busy_sleep.o)
                              ../bai3_bsp/\libhal_bsp.a(alt_usleep.o) (alt_busy_sleep)
../bai3_bsp/\libhal_bsp.a(alt_close.o)
                              ../bai3_bsp/\libhal_bsp.a(alt_main.o) (close)
../bai3_bsp/\libhal_bsp.a(alt_dcache_flush_all.o)
                              ../bai3_bsp/\libhal_bsp.a(alt_load.o) (alt_dcache_flush_all)
../bai3_bsp/\libhal_bsp.a(alt_dev.o)
                              ../bai3_bsp/\libhal_bsp.a(alt_sys_init.o) (alt_dev_list)
../bai3_bsp/\libhal_bsp.a(alt_dev_llist_insert.o)
                              ../bai3_bsp/\libhal_bsp.a(alt_sys_init.o) (alt_dev_llist_insert)
../bai3_bsp/\libhal_bsp.a(alt_do_ctors.o)
                              ../bai3_bsp/\libhal_bsp.a(alt_main.o) (_do_ctors)
../bai3_bsp/\libhal_bsp.a(alt_do_dtors.o)
                              ../bai3_bsp/\libhal_bsp.a(alt_main.o) (_do_dtors)
../bai3_bsp/\libhal_bsp.a(alt_errno.o)
                              ../bai3_bsp/\libhal_bsp.a(altera_avalon_uart_read.o) (alt_errno)
../bai3_bsp/\libhal_bsp.a(alt_icache_flush_all.o)
                              ../bai3_bsp/\libhal_bsp.a(alt_load.o) (alt_icache_flush_all)
../bai3_bsp/\libhal_bsp.a(alt_iic.o)
                              ../bai3_bsp/\libhal_bsp.a(altera_avalon_jtag_uart_init.o) (alt_ic_isr_register)
../bai3_bsp/\libhal_bsp.a(alt_iic_isr_register.o)
                              ../bai3_bsp/\libhal_bsp.a(alt_iic.o) (alt_iic_isr_register)
../bai3_bsp/\libhal_bsp.a(alt_io_redirect.o)
                              ../bai3_bsp/\libhal_bsp.a(alt_main.o) (alt_io_redirect)
../bai3_bsp/\libhal_bsp.a(alt_irq_entry.o)
                              ../bai3_bsp/\libhal_bsp.a(alt_iic_isr_register.o) (alt_irq_entry)
../bai3_bsp/\libhal_bsp.a(alt_irq_handler.o)
                              ../bai3_bsp/\libhal_bsp.a(alt_iic_isr_register.o) (alt_irq)
../bai3_bsp/\libhal_bsp.a(alt_irq_vars.o)
                              ../bai3_bsp/\libhal_bsp.a(alt_iic.o) (alt_irq_active)
../bai3_bsp/\libhal_bsp.a(alt_open.o)
                              ../bai3_bsp/\libhal_bsp.a(alt_io_redirect.o) (open)
../bai3_bsp/\libhal_bsp.a(alt_release_fd.o)
                              ../bai3_bsp/\libhal_bsp.a(alt_close.o) (alt_release_fd)
../bai3_bsp/\libhal_bsp.a(alt_tick.o)
                              ../bai3_bsp/\libhal_bsp.a(altera_avalon_jtag_uart_init.o) (_alt_tick_rate)
../bai3_bsp/\libhal_bsp.a(altera_nios2_qsys_irq.o)
                              ../bai3_bsp/\libhal_bsp.a(alt_sys_init.o) (altera_nios2_qsys_irq_init)
../bai3_bsp/\libhal_bsp.a(alt_exception_entry.o)
                              ../bai3_bsp/\libhal_bsp.a(alt_irq_entry.o) (alt_exception)
../bai3_bsp/\libhal_bsp.a(alt_find_dev.o)
                              ../bai3_bsp/\libhal_bsp.a(alt_open.o) (alt_find_dev)
../bai3_bsp/\libhal_bsp.a(alt_find_file.o)
                              ../bai3_bsp/\libhal_bsp.a(alt_open.o) (alt_find_file)
../bai3_bsp/\libhal_bsp.a(alt_get_fd.o)
                              ../bai3_bsp/\libhal_bsp.a(alt_open.o) (alt_get_fd)
c:/altera/13.1/nios2eds/bin/gnu/h-i686-mingw32/bin/../lib/gcc/nios2-elf/4.7.3/../../../../../H-i686-mingw32/nios2-elf/lib/mno-hw-mul\libc.a(lib_a-atexit.o)
                              ../bai3_bsp/\libhal_bsp.a(alt_main.o) (atexit)
c:/altera/13.1/nios2eds/bin/gnu/h-i686-mingw32/bin/../lib/gcc/nios2-elf/4.7.3/../../../../../H-i686-mingw32/nios2-elf/lib/mno-hw-mul\libc.a(lib_a-exit.o)
                              ../bai3_bsp/\libhal_bsp.a(alt_main.o) (exit)
c:/altera/13.1/nios2eds/bin/gnu/h-i686-mingw32/bin/../lib/gcc/nios2-elf/4.7.3/../../../../../H-i686-mingw32/nios2-elf/lib/mno-hw-mul\libc.a(lib_a-impure.o)
                              c:/altera/13.1/nios2eds/bin/gnu/h-i686-mingw32/bin/../lib/gcc/nios2-elf/4.7.3/../../../../../H-i686-mingw32/nios2-elf/lib/mno-hw-mul\libc.a(lib_a-exit.o) (_global_impure_ptr)
c:/altera/13.1/nios2eds/bin/gnu/h-i686-mingw32/bin/../lib/gcc/nios2-elf/4.7.3/../../../../../H-i686-mingw32/nios2-elf/lib/mno-hw-mul\libc.a(lib_a-int_errno.o)
                              ../bai3_bsp/\libhal_bsp.a(altera_avalon_uart_read.o) (errno)
c:/altera/13.1/nios2eds/bin/gnu/h-i686-mingw32/bin/../lib/gcc/nios2-elf/4.7.3/../../../../../H-i686-mingw32/nios2-elf/lib/mno-hw-mul\libc.a(lib_a-memcmp.o)
                              ../bai3_bsp/\libhal_bsp.a(alt_find_dev.o) (memcmp)
c:/altera/13.1/nios2eds/bin/gnu/h-i686-mingw32/bin/../lib/gcc/nios2-elf/4.7.3/../../../../../H-i686-mingw32/nios2-elf/lib/mno-hw-mul\libc.a(lib_a-memcpy.o)
                              ../bai3_bsp/\libhal_bsp.a(altera_avalon_jtag_uart_read.o) (memcpy)
c:/altera/13.1/nios2eds/bin/gnu/h-i686-mingw32/bin/../lib/gcc/nios2-elf/4.7.3/../../../../../H-i686-mingw32/nios2-elf/lib/mno-hw-mul\libc.a(lib_a-strlen.o)
                              ../bai3_bsp/\libhal_bsp.a(alt_find_dev.o) (strlen)
c:/altera/13.1/nios2eds/bin/gnu/h-i686-mingw32/bin/../lib/gcc/nios2-elf/4.7.3/../../../../../H-i686-mingw32/nios2-elf/lib/mno-hw-mul\libc.a(lib_a-__atexit.o)
                              c:/altera/13.1/nios2eds/bin/gnu/h-i686-mingw32/bin/../lib/gcc/nios2-elf/4.7.3/../../../../../H-i686-mingw32/nios2-elf/lib/mno-hw-mul\libc.a(lib_a-atexit.o) (__register_exitproc)
c:/altera/13.1/nios2eds/bin/gnu/h-i686-mingw32/bin/../lib/gcc/nios2-elf/4.7.3/../../../../../H-i686-mingw32/nios2-elf/lib/mno-hw-mul\libc.a(lib_a-__call_atexit.o)
                              c:/altera/13.1/nios2eds/bin/gnu/h-i686-mingw32/bin/../lib/gcc/nios2-elf/4.7.3/../../../../../H-i686-mingw32/nios2-elf/lib/mno-hw-mul\libc.a(lib_a-exit.o) (__call_exitprocs)
c:/altera/13.1/nios2eds/bin/gnu/h-i686-mingw32/bin/../lib/gcc/nios2-elf/4.7.3/mno-hw-mul\libgcc.a(lib2-divmod.o)
                              ../bai3_bsp/\libhal_bsp.a(alt_busy_sleep.o) (__udivsi3)
c:/altera/13.1/nios2eds/bin/gnu/h-i686-mingw32/bin/../lib/gcc/nios2-elf/4.7.3/mno-hw-mul\libgcc.a(lib2-mul.o)
                              ../bai3_bsp/\libhal_bsp.a(alt_busy_sleep.o) (__mulsi3)
../bai3_bsp/\libhal_bsp.a(alt_exit.o)
                              c:/altera/13.1/nios2eds/bin/gnu/h-i686-mingw32/bin/../lib/gcc/nios2-elf/4.7.3/../../../../../H-i686-mingw32/nios2-elf/lib/mno-hw-mul\libc.a(lib_a-exit.o) (_exit)

Allocating common symbols
Common symbol       size              file

alt_irq             0x100             ../bai3_bsp/\libhal_bsp.a(alt_irq_handler.o)
errno               0x4               c:/altera/13.1/nios2eds/bin/gnu/h-i686-mingw32/bin/../lib/gcc/nios2-elf/4.7.3/../../../../../H-i686-mingw32/nios2-elf/lib/mno-hw-mul\libc.a(lib_a-int_errno.o)
_atexit0            0x190             c:/altera/13.1/nios2eds/bin/gnu/h-i686-mingw32/bin/../lib/gcc/nios2-elf/4.7.3/../../../../../H-i686-mingw32/nios2-elf/lib/mno-hw-mul\libc.a(lib_a-atexit.o)

Memory Configuration

Name             Origin             Length             Attributes
reset            0x00080000         0x00000020
onchip_memory2_0 0x00080020         0x00061a60
*default*        0x00000000         0xffffffff

Linker script and memory map

LOAD ../bai3_bsp//obj/HAL/src/crt0.o
LOAD obj/default/hello_world.o
LOAD c:/altera/13.1/nios2eds/bin/gnu/h-i686-mingw32/bin/../lib/gcc/nios2-elf/4.7.3/../../../../../H-i686-mingw32/nios2-elf/lib/mno-hw-mul\libstdc++.a
LOAD c:/altera/13.1/nios2eds/bin/gnu/h-i686-mingw32/bin/../lib/gcc/nios2-elf/4.7.3/../../../../../H-i686-mingw32/nios2-elf/lib/mno-hw-mul\libm.a
LOAD c:/altera/13.1/nios2eds/bin/gnu/h-i686-mingw32/bin/../lib/gcc/nios2-elf/4.7.3/mno-hw-mul\libgcc.a
START GROUP
LOAD c:/altera/13.1/nios2eds/bin/gnu/h-i686-mingw32/bin/../lib/gcc/nios2-elf/4.7.3/../../../../../H-i686-mingw32/nios2-elf/lib/mno-hw-mul\libc.a
LOAD c:/altera/13.1/nios2eds/bin/gnu/h-i686-mingw32/bin/../lib/gcc/nios2-elf/4.7.3/mno-hw-mul\libgcc.a
LOAD ../bai3_bsp/\libhal_bsp.a
END GROUP
LOAD c:/altera/13.1/nios2eds/bin/gnu/h-i686-mingw32/bin/../lib/gcc/nios2-elf/4.7.3/mno-hw-mul\libgcc.a
                0x00080000                __alt_mem_onchip_memory2_0 = 0x80000

.entry          0x00080000       0x20
 *(.entry)
 .entry         0x00080000       0x20 ../bai3_bsp//obj/HAL/src/crt0.o
                0x00080000                __reset

.exceptions     0x00080020      0x198
                0x00080020                PROVIDE (__ram_exceptions_start, ABSOLUTE (.))
                0x00080020                . = ALIGN (0x20)
 *(.irq)
 *(.exceptions.entry.label)
 .exceptions.entry.label
                0x00080020        0x0 ../bai3_bsp/\libhal_bsp.a(alt_irq_entry.o)
                0x00080020                alt_irq_entry
 .exceptions.entry.label
                0x00080020        0x0 ../bai3_bsp/\libhal_bsp.a(alt_exception_entry.o)
                0x00080020                alt_exception
 *(.exceptions.entry.user)
 *(.exceptions.entry.ecc_fatal)
 *(.exceptions.entry)
 .exceptions.entry
                0x00080020       0x54 ../bai3_bsp/\libhal_bsp.a(alt_exception_entry.o)
 *(.exceptions.irqtest.user)
 *(.exceptions.irqtest)
 .exceptions.irqtest
                0x00080074       0x10 ../bai3_bsp/\libhal_bsp.a(alt_irq_entry.o)
 *(.exceptions.irqhandler.user)
 *(.exceptions.irqhandler)
 .exceptions.irqhandler
                0x00080084        0x4 ../bai3_bsp/\libhal_bsp.a(alt_irq_entry.o)
 *(.exceptions.irqreturn.user)
 *(.exceptions.irqreturn)
 .exceptions.irqreturn
                0x00080088        0x4 ../bai3_bsp/\libhal_bsp.a(alt_irq_entry.o)
 *(.exceptions.notirq.label)
 .exceptions.notirq.label
                0x0008008c        0x0 ../bai3_bsp/\libhal_bsp.a(alt_irq_entry.o)
 *(.exceptions.notirq.user)
 *(.exceptions.notirq)
 .exceptions.notirq
                0x0008008c        0x8 ../bai3_bsp/\libhal_bsp.a(alt_exception_entry.o)
 *(.exceptions.soft.user)
 *(.exceptions.soft)
 *(.exceptions.unknown.user)
 *(.exceptions.unknown)
 .exceptions.unknown
                0x00080094        0x4 ../bai3_bsp/\libhal_bsp.a(alt_exception_entry.o)
 *(.exceptions.exit.label)
 .exceptions.exit.label
                0x00080098        0x0 ../bai3_bsp/\libhal_bsp.a(alt_irq_entry.o)
 .exceptions.exit.label
                0x00080098        0x0 ../bai3_bsp/\libhal_bsp.a(alt_exception_entry.o)
 *(.exceptions.exit.user)
 *(.exceptions.exit)
 .exceptions.exit
                0x00080098       0x54 ../bai3_bsp/\libhal_bsp.a(alt_exception_entry.o)
 *(.exceptions)
 .exceptions    0x000800ec       0xcc ../bai3_bsp/\libhal_bsp.a(alt_irq_handler.o)
                0x000800ec                alt_irq_handler
                0x000801b8                PROVIDE (__ram_exceptions_end, ABSOLUTE (.))
                0x00080020                PROVIDE (__flash_exceptions_start, LOADADDR (.exceptions))

.text           0x000801b8     0x2fc8
                0x000801b8                PROVIDE (stext, ABSOLUTE (.))
 *(.interp)
 *(.hash)
 *(.dynsym)
 *(.dynstr)
 *(.gnu.version)
 *(.gnu.version_d)
 *(.gnu.version_r)
 *(.rel.init)
 *(.rela.init)
 *(.rel.text .rel.text.* .rel.gnu.linkonce.t.*)
 *(.rela.text .rela.text.* .rela.gnu.linkonce.t.*)
 *(.rel.fini)
 *(.rela.fini)
 *(.rel.rodata .rel.rodata.* .rel.gnu.linkonce.r.*)
 *(.rela.rodata .rela.rodata.* .rela.gnu.linkonce.r.*)
 *(.rel.data .rel.data.* .rel.gnu.linkonce.d.*)
 *(.rela.data .rela.data.* .rela.gnu.linkonce.d.*)
 *(.rel.tdata .rel.tdata.* .rel.gnu.linkonce.td.*)
 *(.rela.tdata .rela.tdata.* .rela.gnu.linkonce.td.*)
 *(.rel.tbss .rel.tbss.* .rel.gnu.linkonce.tb.*)
 *(.rela.tbss .rela.tbss.* .rela.gnu.linkonce.tb.*)
 *(.rel.ctors)
 *(.rela.ctors)
 *(.rel.dtors)
 *(.rela.dtors)
 *(.rel.got)
 *(.rela.got)
 *(.rel.sdata .rel.sdata.* .rel.gnu.linkonce.s.*)
 *(.rela.sdata .rela.sdata.* .rela.gnu.linkonce.s.*)
 *(.rel.sbss .rel.sbss.* .rel.gnu.linkonce.sb.*)
 *(.rela.sbss .rela.sbss.* .rela.gnu.linkonce.sb.*)
 *(.rel.sdata2 .rel.sdata2.* .rel.gnu.linkonce.s2.*)
 *(.rela.sdata2 .rela.sdata2.* .rela.gnu.linkonce.s2.*)
 *(.rel.sbss2 .rel.sbss2.* .rel.gnu.linkonce.sb2.*)
 *(.rela.sbss2 .rela.sbss2.* .rela.gnu.linkonce.sb2.*)
 *(.rel.bss .rel.bss.* .rel.gnu.linkonce.b.*)
 *(.rela.bss .rela.bss.* .rela.gnu.linkonce.b.*)
 *(.rel.plt)
 *(.rela.plt)
 *(.rel.dyn)
 *(.init)
 *(.plt)
 *(.text .stub .text.* .gnu.linkonce.t.*)
 .text          0x000801b8       0x3c ../bai3_bsp//obj/HAL/src/crt0.o
                0x000801b8                _start
 .text          0x000801f4      0x1a0 obj/default/hello_world.o
                0x000801f4                transmitString
                0x00080284                receiveChar
                0x000802f0                main
 .text          0x00080394       0xec ../bai3_bsp/\libhal_bsp.a(alt_load.o)
                0x00080400                alt_load
 .text          0x00080480       0x78 ../bai3_bsp/\libhal_bsp.a(alt_main.o)
                0x00080480                alt_main
 .text          0x000804f8       0x30 ../bai3_bsp/\libhal_bsp.a(alt_usleep.o)
                0x000804f8                usleep
 .text          0x00080528       0xd0 ../bai3_bsp/\libhal_bsp.a(alt_sys_init.o)
                0x00080560                alt_irq_init
                0x00080594                alt_sys_init
 .text          0x000805f8      0x164 ../bai3_bsp/\libhal_bsp.a(altera_avalon_jtag_uart_fd.o)
                0x000805f8                altera_avalon_jtag_uart_read_fd
                0x00080658                altera_avalon_jtag_uart_write_fd
                0x000806b8                altera_avalon_jtag_uart_close_fd
                0x00080708                altera_avalon_jtag_uart_ioctl_fd
 .text          0x0008075c      0x3d0 ../bai3_bsp/\libhal_bsp.a(altera_avalon_jtag_uart_init.o)
                0x0008075c                altera_avalon_jtag_uart_init
                0x00080ac4                altera_avalon_jtag_uart_close
 .text          0x00080b2c       0xf4 ../bai3_bsp/\libhal_bsp.a(altera_avalon_jtag_uart_ioctl.o)
                0x00080b2c                altera_avalon_jtag_uart_ioctl
 .text          0x00080c20      0x218 ../bai3_bsp/\libhal_bsp.a(altera_avalon_jtag_uart_read.o)
                0x00080c20                altera_avalon_jtag_uart_read
 .text          0x00080e38      0x224 ../bai3_bsp/\libhal_bsp.a(altera_avalon_jtag_uart_write.o)
                0x00080e38                altera_avalon_jtag_uart_write
 .text          0x0008105c      0x110 ../bai3_bsp/\libhal_bsp.a(altera_avalon_uart_fd.o)
                0x0008105c                altera_avalon_uart_read_fd
                0x000810bc                altera_avalon_uart_write_fd
                0x0008111c                altera_avalon_uart_close_fd
 .text          0x0008116c      0x3a8 ../bai3_bsp/\libhal_bsp.a(altera_avalon_uart_init.o)
                0x0008116c                altera_avalon_uart_init
                0x000814c0                altera_avalon_uart_close
 .text          0x00081514      0x254 ../bai3_bsp/\libhal_bsp.a(altera_avalon_uart_read.o)
                0x00081564                altera_avalon_uart_read
 .text          0x00081768      0x1f8 ../bai3_bsp/\libhal_bsp.a(altera_avalon_uart_write.o)
                0x000817b8                altera_avalon_uart_write
 .text          0x00081960      0x140 ../bai3_bsp/\libhal_bsp.a(alt_alarm_start.o)
                0x00081960                alt_alarm_start
 .text          0x00081aa0      0x154 ../bai3_bsp/\libhal_bsp.a(alt_busy_sleep.o)
                0x00081aa0                alt_busy_sleep
 .text          0x00081bf4      0x11c ../bai3_bsp/\libhal_bsp.a(alt_close.o)
                0x00081c44                close
 .text          0x00081d10       0x1c ../bai3_bsp/\libhal_bsp.a(alt_dcache_flush_all.o)
                0x00081d10                alt_dcache_flush_all
 .text          0x00081d2c       0x2c ../bai3_bsp/\libhal_bsp.a(alt_dev.o)
 .text          0x00081d58       0xf0 ../bai3_bsp/\libhal_bsp.a(alt_dev_llist_insert.o)
                0x00081da8                alt_dev_llist_insert
 .text          0x00081e48       0x5c ../bai3_bsp/\libhal_bsp.a(alt_do_ctors.o)
                0x00081e48                _do_ctors
 .text          0x00081ea4       0x5c ../bai3_bsp/\libhal_bsp.a(alt_do_dtors.o)
                0x00081ea4                _do_dtors
 .text          0x00081f00        0x0 ../bai3_bsp/\libhal_bsp.a(alt_errno.o)
 .text          0x00081f00       0x1c ../bai3_bsp/\libhal_bsp.a(alt_icache_flush_all.o)
                0x00081f00                alt_icache_flush_all
 .text          0x00081f1c      0x1d8 ../bai3_bsp/\libhal_bsp.a(alt_iic.o)
                0x00081f1c                alt_ic_isr_register
                0x00081f6c                alt_ic_irq_enable
                0x00082008                alt_ic_irq_disable
                0x000820a8                alt_ic_irq_enabled
 .text          0x000820f4       0xf0 ../bai3_bsp/\libhal_bsp.a(alt_iic_isr_register.o)
                0x000820f4                alt_iic_isr_register
 .text          0x000821e4      0x158 ../bai3_bsp/\libhal_bsp.a(alt_io_redirect.o)
                0x000822c4                alt_io_redirect
 .text          0x0008233c        0x0 ../bai3_bsp/\libhal_bsp.a(alt_irq_entry.o)
 .text          0x0008233c        0x0 ../bai3_bsp/\libhal_bsp.a(alt_irq_handler.o)
 .text          0x0008233c        0x0 ../bai3_bsp/\libhal_bsp.a(alt_irq_vars.o)
 .text          0x0008233c      0x298 ../bai3_bsp/\libhal_bsp.a(alt_open.o)
                0x0008247c                open
 .text          0x000825d4       0x80 ../bai3_bsp/\libhal_bsp.a(alt_release_fd.o)
                0x000825d4                alt_release_fd
 .text          0x00082654      0x19c ../bai3_bsp/\libhal_bsp.a(alt_tick.o)
                0x00082654                alt_alarm_stop
                0x000826ec                alt_tick
 .text          0x000827f0       0x20 ../bai3_bsp/\libhal_bsp.a(altera_nios2_qsys_irq.o)
                0x000827f0                altera_nios2_qsys_irq_init
 .text          0x00082810        0x0 ../bai3_bsp/\libhal_bsp.a(alt_exception_entry.o)
 .text          0x00082810       0x90 ../bai3_bsp/\libhal_bsp.a(alt_find_dev.o)
                0x00082810                alt_find_dev
 .text          0x000828a0      0x114 ../bai3_bsp/\libhal_bsp.a(alt_find_file.o)
                0x000828a0                alt_find_file
 .text          0x000829b4       0xd4 ../bai3_bsp/\libhal_bsp.a(alt_get_fd.o)
                0x000829b4                alt_get_fd
 .text          0x00082a88       0x14 c:/altera/13.1/nios2eds/bin/gnu/h-i686-mingw32/bin/../lib/gcc/nios2-elf/4.7.3/../../../../../H-i686-mingw32/nios2-elf/lib/mno-hw-mul\libc.a(lib_a-atexit.o)
                0x00082a88                atexit
 .text          0x00082a9c       0x38 c:/altera/13.1/nios2eds/bin/gnu/h-i686-mingw32/bin/../lib/gcc/nios2-elf/4.7.3/../../../../../H-i686-mingw32/nios2-elf/lib/mno-hw-mul\libc.a(lib_a-exit.o)
                0x00082a9c                exit
 .text          0x00082ad4        0x0 c:/altera/13.1/nios2eds/bin/gnu/h-i686-mingw32/bin/../lib/gcc/nios2-elf/4.7.3/../../../../../H-i686-mingw32/nios2-elf/lib/mno-hw-mul\libc.a(lib_a-impure.o)
 .text          0x00082ad4        0x0 c:/altera/13.1/nios2eds/bin/gnu/h-i686-mingw32/bin/../lib/gcc/nios2-elf/4.7.3/../../../../../H-i686-mingw32/nios2-elf/lib/mno-hw-mul\libc.a(lib_a-int_errno.o)
 .text          0x00082ad4       0x7c c:/altera/13.1/nios2eds/bin/gnu/h-i686-mingw32/bin/../lib/gcc/nios2-elf/4.7.3/../../../../../H-i686-mingw32/nios2-elf/lib/mno-hw-mul\libc.a(lib_a-memcmp.o)
                0x00082ad4                memcmp
 .text          0x00082b50      0x140 c:/altera/13.1/nios2eds/bin/gnu/h-i686-mingw32/bin/../lib/gcc/nios2-elf/4.7.3/../../../../../H-i686-mingw32/nios2-elf/lib/mno-hw-mul\libc.a(lib_a-memcpy.o)
                0x00082b50                memcpy
 .text          0x00082c90       0x8c c:/altera/13.1/nios2eds/bin/gnu/h-i686-mingw32/bin/../lib/gcc/nios2-elf/4.7.3/../../../../../H-i686-mingw32/nios2-elf/lib/mno-hw-mul\libc.a(lib_a-strlen.o)
                0x00082c90                strlen
 .text          0x00082d1c      0x130 c:/altera/13.1/nios2eds/bin/gnu/h-i686-mingw32/bin/../lib/gcc/nios2-elf/4.7.3/../../../../../H-i686-mingw32/nios2-elf/lib/mno-hw-mul\libc.a(lib_a-__atexit.o)
                0x00082d1c                __register_exitproc
 .text          0x00082e4c      0x1a0 c:/altera/13.1/nios2eds/bin/gnu/h-i686-mingw32/bin/../lib/gcc/nios2-elf/4.7.3/../../../../../H-i686-mingw32/nios2-elf/lib/mno-hw-mul\libc.a(lib_a-__call_atexit.o)
                0x00082e4c                __call_exitprocs
 .text          0x00082fec      0x130 c:/altera/13.1/nios2eds/bin/gnu/h-i686-mingw32/bin/../lib/gcc/nios2-elf/4.7.3/mno-hw-mul\libgcc.a(lib2-divmod.o)
                0x00083060                __divsi3
                0x000830b0                __modsi3
                0x0008310c                __udivsi3
                0x00083114                __umodsi3
 .text          0x0008311c       0x28 c:/altera/13.1/nios2eds/bin/gnu/h-i686-mingw32/bin/../lib/gcc/nios2-elf/4.7.3/mno-hw-mul\libgcc.a(lib2-mul.o)
                0x0008311c                __mulsi3
 .text          0x00083144       0x3c ../bai3_bsp/\libhal_bsp.a(alt_exit.o)
                0x00083144                _exit
 *(.gnu.warning.*)
 *(.fini)
                0x00083180                PROVIDE (__etext, ABSOLUTE (.))
                0x00083180                PROVIDE (_etext, ABSOLUTE (.))
                0x00083180                PROVIDE (etext, ABSOLUTE (.))
 *(.eh_frame_hdr)
                0x00083180                . = ALIGN (0x4)
                0x00083180                PROVIDE (__preinit_array_start, ABSOLUTE (.))
 *(.preinit_array)
                0x00083180                PROVIDE (__preinit_array_end, ABSOLUTE (.))
                0x00083180                PROVIDE (__init_array_start, ABSOLUTE (.))
 *(.init_array)
                0x00083180                PROVIDE (__init_array_end, ABSOLUTE (.))
                0x00083180                PROVIDE (__fini_array_start, ABSOLUTE (.))
 *(.fini_array)
                0x00083180                PROVIDE (__fini_array_end, ABSOLUTE (.))
 *(.eh_frame)
 *(.gcc_except_table .gcc_except_table.*)
 *(.dynamic)
                0x00083180                PROVIDE (__CTOR_LIST__, ABSOLUTE (.))
 *(.ctors)
 *(SORT(.ctors.*))
                0x00083180                PROVIDE (__CTOR_END__, ABSOLUTE (.))
                0x00083180                PROVIDE (__DTOR_LIST__, ABSOLUTE (.))
 *(.dtors)
 *(SORT(.dtors.*))
                0x00083180                PROVIDE (__DTOR_END__, ABSOLUTE (.))
 *(.jcr)
                0x00083180                . = ALIGN (0x4)

.rodata         0x00083180       0x60
                0x00083180                PROVIDE (__ram_rodata_start, ABSOLUTE (.))
                0x00083180                . = ALIGN (0x4)
 *(.rodata .rodata.* .gnu.linkonce.r.*)
 .rodata        0x00083180       0x1c obj/default/hello_world.o
 .rodata        0x0008319c       0x14 ../bai3_bsp/\libhal_bsp.a(alt_main.o)
 .rodata        0x000831b0       0x20 ../bai3_bsp/\libhal_bsp.a(alt_sys_init.o)
 .rodata        0x000831d0        0xc ../bai3_bsp/\libhal_bsp.a(alt_dev.o)
 .rodata.str1.4
                0x000831dc        0x4 c:/altera/13.1/nios2eds/bin/gnu/h-i686-mingw32/bin/../lib/gcc/nios2-elf/4.7.3/../../../../../H-i686-mingw32/nios2-elf/lib/mno-hw-mul\libc.a(lib_a-impure.o)
 *(.rodata1)
                0x000831e0                . = ALIGN (0x4)
                0x000831e0                PROVIDE (__ram_rodata_end, ABSOLUTE (.))
                0x00083180                PROVIDE (__flash_rodata_start, LOADADDR (.rodata))

.rwdata         0x000831e0     0x16f8 load address 0x000848d8
                0x000831e0                PROVIDE (__ram_rwdata_start, ABSOLUTE (.))
                0x000831e0                . = ALIGN (0x4)
 *(.got.plt)
 *(.got)
 *(.data1)
 *(.data .data.* .gnu.linkonce.d.*)
 .data          0x000831e0        0x0 ../bai3_bsp//obj/HAL/src/crt0.o
 .data          0x000831e0        0x0 obj/default/hello_world.o
 .data          0x000831e0        0x0 ../bai3_bsp/\libhal_bsp.a(alt_load.o)
 .data          0x000831e0        0x0 ../bai3_bsp/\libhal_bsp.a(alt_main.o)
 .data          0x000831e0        0x0 ../bai3_bsp/\libhal_bsp.a(alt_usleep.o)
 .data          0x000831e0     0x1124 ../bai3_bsp/\libhal_bsp.a(alt_sys_init.o)
 .data          0x00084304        0x0 ../bai3_bsp/\libhal_bsp.a(altera_avalon_jtag_uart_fd.o)
 .data          0x00084304        0x0 ../bai3_bsp/\libhal_bsp.a(altera_avalon_jtag_uart_init.o)
 .data          0x00084304        0x0 ../bai3_bsp/\libhal_bsp.a(altera_avalon_jtag_uart_ioctl.o)
 .data          0x00084304        0x0 ../bai3_bsp/\libhal_bsp.a(altera_avalon_jtag_uart_read.o)
 .data          0x00084304        0x0 ../bai3_bsp/\libhal_bsp.a(altera_avalon_jtag_uart_write.o)
 .data          0x00084304        0x0 ../bai3_bsp/\libhal_bsp.a(altera_avalon_uart_fd.o)
 .data          0x00084304        0x0 ../bai3_bsp/\libhal_bsp.a(altera_avalon_uart_init.o)
 .data          0x00084304        0x0 ../bai3_bsp/\libhal_bsp.a(altera_avalon_uart_read.o)
 .data          0x00084304        0x0 ../bai3_bsp/\libhal_bsp.a(altera_avalon_uart_write.o)
 .data          0x00084304        0x0 ../bai3_bsp/\libhal_bsp.a(alt_alarm_start.o)
 .data          0x00084304        0x0 ../bai3_bsp/\libhal_bsp.a(alt_busy_sleep.o)
 .data          0x00084304        0x0 ../bai3_bsp/\libhal_bsp.a(alt_close.o)
 .data          0x00084304        0x0 ../bai3_bsp/\libhal_bsp.a(alt_dcache_flush_all.o)
 .data          0x00084304      0x1a8 ../bai3_bsp/\libhal_bsp.a(alt_dev.o)
                0x00084304                alt_dev_null
                0x0008432c                alt_fd_list
 .data          0x000844ac        0x0 ../bai3_bsp/\libhal_bsp.a(alt_dev_llist_insert.o)
 .data          0x000844ac        0x0 ../bai3_bsp/\libhal_bsp.a(alt_do_ctors.o)
 .data          0x000844ac        0x0 ../bai3_bsp/\libhal_bsp.a(alt_do_dtors.o)
 .data          0x000844ac        0x0 ../bai3_bsp/\libhal_bsp.a(alt_errno.o)
 .data          0x000844ac        0x0 ../bai3_bsp/\libhal_bsp.a(alt_icache_flush_all.o)
 .data          0x000844ac        0x0 ../bai3_bsp/\libhal_bsp.a(alt_iic.o)
 .data          0x000844ac        0x0 ../bai3_bsp/\libhal_bsp.a(alt_iic_isr_register.o)
 .data          0x000844ac        0x0 ../bai3_bsp/\libhal_bsp.a(alt_io_redirect.o)
 .data          0x000844ac        0x0 ../bai3_bsp/\libhal_bsp.a(alt_irq_entry.o)
 .data          0x000844ac        0x0 ../bai3_bsp/\libhal_bsp.a(alt_irq_handler.o)
 .data          0x000844ac        0x0 ../bai3_bsp/\libhal_bsp.a(alt_irq_vars.o)
 .data          0x000844ac        0x0 ../bai3_bsp/\libhal_bsp.a(alt_open.o)
 .data          0x000844ac        0x0 ../bai3_bsp/\libhal_bsp.a(alt_release_fd.o)
 .data          0x000844ac        0x0 ../bai3_bsp/\libhal_bsp.a(alt_tick.o)
 .data          0x000844ac        0x0 ../bai3_bsp/\libhal_bsp.a(altera_nios2_qsys_irq.o)
 .data          0x000844ac        0x0 ../bai3_bsp/\libhal_bsp.a(alt_exception_entry.o)
 .data          0x000844ac        0x0 ../bai3_bsp/\libhal_bsp.a(alt_find_dev.o)
 .data          0x000844ac        0x0 ../bai3_bsp/\libhal_bsp.a(alt_find_file.o)
 .data          0x000844ac        0x0 ../bai3_bsp/\libhal_bsp.a(alt_get_fd.o)
 .data          0x000844ac        0x0 c:/altera/13.1/nios2eds/bin/gnu/h-i686-mingw32/bin/../lib/gcc/nios2-elf/4.7.3/../../../../../H-i686-mingw32/nios2-elf/lib/mno-hw-mul\libc.a(lib_a-atexit.o)
 .data          0x000844ac        0x0 c:/altera/13.1/nios2eds/bin/gnu/h-i686-mingw32/bin/../lib/gcc/nios2-elf/4.7.3/../../../../../H-i686-mingw32/nios2-elf/lib/mno-hw-mul\libc.a(lib_a-exit.o)
 .data          0x000844ac      0x400 c:/altera/13.1/nios2eds/bin/gnu/h-i686-mingw32/bin/../lib/gcc/nios2-elf/4.7.3/../../../../../H-i686-mingw32/nios2-elf/lib/mno-hw-mul\libc.a(lib_a-impure.o)
 .data          0x000848ac        0x0 c:/altera/13.1/nios2eds/bin/gnu/h-i686-mingw32/bin/../lib/gcc/nios2-elf/4.7.3/../../../../../H-i686-mingw32/nios2-elf/lib/mno-hw-mul\libc.a(lib_a-int_errno.o)
 .data          0x000848ac        0x0 c:/altera/13.1/nios2eds/bin/gnu/h-i686-mingw32/bin/../lib/gcc/nios2-elf/4.7.3/../../../../../H-i686-mingw32/nios2-elf/lib/mno-hw-mul\libc.a(lib_a-memcmp.o)
 .data          0x000848ac        0x0 c:/altera/13.1/nios2eds/bin/gnu/h-i686-mingw32/bin/../lib/gcc/nios2-elf/4.7.3/../../../../../H-i686-mingw32/nios2-elf/lib/mno-hw-mul\libc.a(lib_a-memcpy.o)
 .data          0x000848ac        0x0 c:/altera/13.1/nios2eds/bin/gnu/h-i686-mingw32/bin/../lib/gcc/nios2-elf/4.7.3/../../../../../H-i686-mingw32/nios2-elf/lib/mno-hw-mul\libc.a(lib_a-strlen.o)
 .data          0x000848ac        0x0 c:/altera/13.1/nios2eds/bin/gnu/h-i686-mingw32/bin/../lib/gcc/nios2-elf/4.7.3/../../../../../H-i686-mingw32/nios2-elf/lib/mno-hw-mul\libc.a(lib_a-__atexit.o)
 .data          0x000848ac        0x0 c:/altera/13.1/nios2eds/bin/gnu/h-i686-mingw32/bin/../lib/gcc/nios2-elf/4.7.3/../../../../../H-i686-mingw32/nios2-elf/lib/mno-hw-mul\libc.a(lib_a-__call_atexit.o)
 .data          0x000848ac        0x0 c:/altera/13.1/nios2eds/bin/gnu/h-i686-mingw32/bin/../lib/gcc/nios2-elf/4.7.3/mno-hw-mul\libgcc.a(lib2-divmod.o)
 .data          0x000848ac        0x0 c:/altera/13.1/nios2eds/bin/gnu/h-i686-mingw32/bin/../lib/gcc/nios2-elf/4.7.3/mno-hw-mul\libgcc.a(lib2-mul.o)
 .data          0x000848ac        0x0 ../bai3_bsp/\libhal_bsp.a(alt_exit.o)
                0x0008c8ac                _gp = ABSOLUTE ((. + 0x8000))
                0x0008c8ac                PROVIDE (gp, _gp)
 *(.rwdata .rwdata.*)
 *(.sdata .sdata.* .gnu.linkonce.s.*)
 .sdata         0x000848ac       0x14 ../bai3_bsp/\libhal_bsp.a(alt_dev.o)
                0x000848ac                alt_fs_list
                0x000848b4                alt_dev_list
                0x000848bc                alt_max_fd
 .sdata         0x000848c0        0x4 ../bai3_bsp/\libhal_bsp.a(alt_errno.o)
                0x000848c0                alt_errno
 .sdata         0x000848c4        0x4 ../bai3_bsp/\libhal_bsp.a(alt_irq_vars.o)
                0x000848c4                alt_priority_mask
 .sdata         0x000848c8        0x8 ../bai3_bsp/\libhal_bsp.a(alt_tick.o)
                0x000848c8                alt_alarm_list
 .sdata         0x000848d0        0x8 c:/altera/13.1/nios2eds/bin/gnu/h-i686-mingw32/bin/../lib/gcc/nios2-elf/4.7.3/../../../../../H-i686-mingw32/nios2-elf/lib/mno-hw-mul\libc.a(lib_a-impure.o)
                0x000848d0                _global_impure_ptr
                0x000848d4                _impure_ptr
 *(.sdata2 .sdata2.* .gnu.linkonce.s2.*)
                0x000848d8                . = ALIGN (0x4)
                0x000848d8                _edata = ABSOLUTE (.)
                0x000848d8                PROVIDE (edata, ABSOLUTE (.))
                0x000848d8                PROVIDE (__ram_rwdata_end, ABSOLUTE (.))
                0x000848d8                PROVIDE (__flash_rwdata_start, LOADADDR (.rwdata))

.bss            0x00085fd0      0x2ac
                0x00085fd0                __bss_start = ABSOLUTE (.)
                0x00085fd0                PROVIDE (__sbss_start, ABSOLUTE (.))
                0x00085fd0                PROVIDE (___sbss_start, ABSOLUTE (.))
 *(.dynsbss)
 *(.sbss .sbss.* .gnu.linkonce.sb.*)
 .sbss          0x00085fd0        0xc ../bai3_bsp/\libhal_bsp.a(alt_main.o)
                0x00085fd0                alt_argc
                0x00085fd4                alt_argv
                0x00085fd8                alt_envp
 .sbss          0x00085fdc        0x4 ../bai3_bsp/\libhal_bsp.a(alt_irq_vars.o)
                0x00085fdc                alt_irq_active
 .sbss          0x00085fe0        0x8 ../bai3_bsp/\libhal_bsp.a(alt_tick.o)
                0x00085fe0                _alt_tick_rate
                0x00085fe4                _alt_nticks
 .sbss          0x00085fe8        0x4 c:/altera/13.1/nios2eds/bin/gnu/h-i686-mingw32/bin/../lib/gcc/nios2-elf/4.7.3/../../../../../H-i686-mingw32/nios2-elf/lib/mno-hw-mul\libc.a(lib_a-int_errno.o)
                0x00085fe8                errno
 *(.sbss2 .sbss2.* .gnu.linkonce.sb2.*)
 *(.scommon)
                0x00085fec                PROVIDE (__sbss_end, ABSOLUTE (.))
                0x00085fec                PROVIDE (___sbss_end, ABSOLUTE (.))
 *(.dynbss)
 *(.bss .bss.* .gnu.linkonce.b.*)
 .bss           0x00085fec        0x0 ../bai3_bsp//obj/HAL/src/crt0.o
 .bss           0x00085fec        0x0 obj/default/hello_world.o
 .bss           0x00085fec        0x0 ../bai3_bsp/\libhal_bsp.a(alt_load.o)
 .bss           0x00085fec        0x0 ../bai3_bsp/\libhal_bsp.a(alt_main.o)
 .bss           0x00085fec        0x0 ../bai3_bsp/\libhal_bsp.a(alt_usleep.o)
 .bss           0x00085fec        0x0 ../bai3_bsp/\libhal_bsp.a(alt_sys_init.o)
 .bss           0x00085fec        0x0 ../bai3_bsp/\libhal_bsp.a(altera_avalon_jtag_uart_fd.o)
 .bss           0x00085fec        0x0 ../bai3_bsp/\libhal_bsp.a(altera_avalon_jtag_uart_init.o)
 .bss           0x00085fec        0x0 ../bai3_bsp/\libhal_bsp.a(altera_avalon_jtag_uart_ioctl.o)
 .bss           0x00085fec        0x0 ../bai3_bsp/\libhal_bsp.a(altera_avalon_jtag_uart_read.o)
 .bss           0x00085fec        0x0 ../bai3_bsp/\libhal_bsp.a(altera_avalon_jtag_uart_write.o)
 .bss           0x00085fec        0x0 ../bai3_bsp/\libhal_bsp.a(altera_avalon_uart_fd.o)
 .bss           0x00085fec        0x0 ../bai3_bsp/\libhal_bsp.a(altera_avalon_uart_init.o)
 .bss           0x00085fec        0x0 ../bai3_bsp/\libhal_bsp.a(altera_avalon_uart_read.o)
 .bss           0x00085fec        0x0 ../bai3_bsp/\libhal_bsp.a(altera_avalon_uart_write.o)
 .bss           0x00085fec        0x0 ../bai3_bsp/\libhal_bsp.a(alt_alarm_start.o)
 .bss           0x00085fec        0x0 ../bai3_bsp/\libhal_bsp.a(alt_busy_sleep.o)
 .bss           0x00085fec        0x0 ../bai3_bsp/\libhal_bsp.a(alt_close.o)
 .bss           0x00085fec        0x0 ../bai3_bsp/\libhal_bsp.a(alt_dcache_flush_all.o)
 .bss           0x00085fec        0x0 ../bai3_bsp/\libhal_bsp.a(alt_dev.o)
 .bss           0x00085fec        0x0 ../bai3_bsp/\libhal_bsp.a(alt_dev_llist_insert.o)
 .bss           0x00085fec        0x0 ../bai3_bsp/\libhal_bsp.a(alt_do_ctors.o)
 .bss           0x00085fec        0x0 ../bai3_bsp/\libhal_bsp.a(alt_do_dtors.o)
 .bss           0x00085fec        0x0 ../bai3_bsp/\libhal_bsp.a(alt_errno.o)
 .bss           0x00085fec        0x0 ../bai3_bsp/\libhal_bsp.a(alt_icache_flush_all.o)
 .bss           0x00085fec        0x0 ../bai3_bsp/\libhal_bsp.a(alt_iic.o)
 .bss           0x00085fec        0x0 ../bai3_bsp/\libhal_bsp.a(alt_iic_isr_register.o)
 .bss           0x00085fec        0x0 ../bai3_bsp/\libhal_bsp.a(alt_io_redirect.o)
 .bss           0x00085fec        0x0 ../bai3_bsp/\libhal_bsp.a(alt_irq_entry.o)
 .bss           0x00085fec        0x0 ../bai3_bsp/\libhal_bsp.a(alt_irq_handler.o)
 .bss           0x00085fec        0x0 ../bai3_bsp/\libhal_bsp.a(alt_irq_vars.o)
 .bss           0x00085fec        0x0 ../bai3_bsp/\libhal_bsp.a(alt_open.o)
 .bss           0x00085fec        0x0 ../bai3_bsp/\libhal_bsp.a(alt_release_fd.o)
 .bss           0x00085fec        0x0 ../bai3_bsp/\libhal_bsp.a(alt_tick.o)
 .bss           0x00085fec        0x0 ../bai3_bsp/\libhal_bsp.a(altera_nios2_qsys_irq.o)
 .bss           0x00085fec        0x0 ../bai3_bsp/\libhal_bsp.a(alt_exception_entry.o)
 .bss           0x00085fec        0x0 ../bai3_bsp/\libhal_bsp.a(alt_find_dev.o)
 .bss           0x00085fec        0x0 ../bai3_bsp/\libhal_bsp.a(alt_find_file.o)
 .bss           0x00085fec        0x0 ../bai3_bsp/\libhal_bsp.a(alt_get_fd.o)
 .bss           0x00085fec        0x0 c:/altera/13.1/nios2eds/bin/gnu/h-i686-mingw32/bin/../lib/gcc/nios2-elf/4.7.3/../../../../../H-i686-mingw32/nios2-elf/lib/mno-hw-mul\libc.a(lib_a-atexit.o)
 .bss           0x00085fec        0x0 c:/altera/13.1/nios2eds/bin/gnu/h-i686-mingw32/bin/../lib/gcc/nios2-elf/4.7.3/../../../../../H-i686-mingw32/nios2-elf/lib/mno-hw-mul\libc.a(lib_a-exit.o)
 .bss           0x00085fec        0x0 c:/altera/13.1/nios2eds/bin/gnu/h-i686-mingw32/bin/../lib/gcc/nios2-elf/4.7.3/../../../../../H-i686-mingw32/nios2-elf/lib/mno-hw-mul\libc.a(lib_a-impure.o)
 .bss           0x00085fec        0x0 c:/altera/13.1/nios2eds/bin/gnu/h-i686-mingw32/bin/../lib/gcc/nios2-elf/4.7.3/../../../../../H-i686-mingw32/nios2-elf/lib/mno-hw-mul\libc.a(lib_a-int_errno.o)
 .bss           0x00085fec        0x0 c:/altera/13.1/nios2eds/bin/gnu/h-i686-mingw32/bin/../lib/gcc/nios2-elf/4.7.3/../../../../../H-i686-mingw32/nios2-elf/lib/mno-hw-mul\libc.a(lib_a-memcmp.o)
 .bss           0x00085fec        0x0 c:/altera/13.1/nios2eds/bin/gnu/h-i686-mingw32/bin/../lib/gcc/nios2-elf/4.7.3/../../../../../H-i686-mingw32/nios2-elf/lib/mno-hw-mul\libc.a(lib_a-memcpy.o)
 .bss           0x00085fec        0x0 c:/altera/13.1/nios2eds/bin/gnu/h-i686-mingw32/bin/../lib/gcc/nios2-elf/4.7.3/../../../../../H-i686-mingw32/nios2-elf/lib/mno-hw-mul\libc.a(lib_a-strlen.o)
 .bss           0x00085fec        0x0 c:/altera/13.1/nios2eds/bin/gnu/h-i686-mingw32/bin/../lib/gcc/nios2-elf/4.7.3/../../../../../H-i686-mingw32/nios2-elf/lib/mno-hw-mul\libc.a(lib_a-__atexit.o)
 .bss           0x00085fec        0x0 c:/altera/13.1/nios2eds/bin/gnu/h-i686-mingw32/bin/../lib/gcc/nios2-elf/4.7.3/../../../../../H-i686-mingw32/nios2-elf/lib/mno-hw-mul\libc.a(lib_a-__call_atexit.o)
 .bss           0x00085fec        0x0 c:/altera/13.1/nios2eds/bin/gnu/h-i686-mingw32/bin/../lib/gcc/nios2-elf/4.7.3/mno-hw-mul\libgcc.a(lib2-divmod.o)
 .bss           0x00085fec        0x0 c:/altera/13.1/nios2eds/bin/gnu/h-i686-mingw32/bin/../lib/gcc/nios2-elf/4.7.3/mno-hw-mul\libgcc.a(lib2-mul.o)
 .bss           0x00085fec        0x0 ../bai3_bsp/\libhal_bsp.a(alt_exit.o)
 *(COMMON)
 COMMON         0x00085fec      0x100 ../bai3_bsp/\libhal_bsp.a(alt_irq_handler.o)
                0x00085fec                alt_irq
 COMMON         0x000860ec      0x190 c:/altera/13.1/nios2eds/bin/gnu/h-i686-mingw32/bin/../lib/gcc/nios2-elf/4.7.3/../../../../../H-i686-mingw32/nios2-elf/lib/mno-hw-mul\libc.a(lib_a-atexit.o)
                0x000860ec                _atexit0
                0x0008627c                . = ALIGN (0x4)
                0x0008627c                __bss_end = ABSOLUTE (.)

.onchip_memory2_0
                0x0008627c        0x0
                0x0008627c                PROVIDE (_alt_partition_onchip_memory2_0_start, ABSOLUTE (.))
 *(.onchip_memory2_0 .onchip_memory2_0. onchip_memory2_0.*)
                0x0008627c                . = ALIGN (0x4)
                0x0008627c                PROVIDE (_alt_partition_onchip_memory2_0_end, ABSOLUTE (.))
                0x0008627c                _end = ABSOLUTE (.)
                0x0008627c                end = ABSOLUTE (.)
                0x0008627c                __alt_stack_base = ABSOLUTE (.)
                0x0008627c                PROVIDE (_alt_partition_onchip_memory2_0_load_addr, LOADADDR (.onchip_memory2_0))

.stab
 *(.stab)

.stabstr
 *(.stabstr)

.stab.excl
 *(.stab.excl)

.stab.exclstr
 *(.stab.exclstr)

.stab.index
 *(.stab.index)

.stab.indexstr
 *(.stab.indexstr)

.comment        0x00000000       0x23
 *(.comment)
 .comment       0x00000000       0x23 obj/default/hello_world.o
                                 0x24 (size before relaxing)
 .comment       0x00000000       0x24 ../bai3_bsp/\libhal_bsp.a(alt_load.o)
 .comment       0x00000000       0x24 ../bai3_bsp/\libhal_bsp.a(alt_main.o)
 .comment       0x00000000       0x24 ../bai3_bsp/\libhal_bsp.a(alt_usleep.o)
 .comment       0x00000000       0x24 ../bai3_bsp/\libhal_bsp.a(alt_sys_init.o)
 .comment       0x00000000       0x24 ../bai3_bsp/\libhal_bsp.a(altera_avalon_jtag_uart_fd.o)
 .comment       0x00000000       0x24 ../bai3_bsp/\libhal_bsp.a(altera_avalon_jtag_uart_init.o)
 .comment       0x00000000       0x24 ../bai3_bsp/\libhal_bsp.a(altera_avalon_jtag_uart_ioctl.o)
 .comment       0x00000000       0x24 ../bai3_bsp/\libhal_bsp.a(altera_avalon_jtag_uart_read.o)
 .comment       0x00000000       0x24 ../bai3_bsp/\libhal_bsp.a(altera_avalon_jtag_uart_write.o)
 .comment       0x00000000       0x24 ../bai3_bsp/\libhal_bsp.a(altera_avalon_uart_fd.o)
 .comment       0x00000000       0x24 ../bai3_bsp/\libhal_bsp.a(altera_avalon_uart_init.o)
 .comment       0x00000000       0x24 ../bai3_bsp/\libhal_bsp.a(altera_avalon_uart_read.o)
 .comment       0x00000000       0x24 ../bai3_bsp/\libhal_bsp.a(altera_avalon_uart_write.o)
 .comment       0x00000000       0x24 ../bai3_bsp/\libhal_bsp.a(alt_alarm_start.o)
 .comment       0x00000000       0x24 ../bai3_bsp/\libhal_bsp.a(alt_busy_sleep.o)
 .comment       0x00000000       0x24 ../bai3_bsp/\libhal_bsp.a(alt_close.o)
 .comment       0x00000000       0x24 ../bai3_bsp/\libhal_bsp.a(alt_dcache_flush_all.o)
 .comment       0x00000000       0x24 ../bai3_bsp/\libhal_bsp.a(alt_dev.o)
 .comment       0x00000000       0x24 ../bai3_bsp/\libhal_bsp.a(alt_dev_llist_insert.o)
 .comment       0x00000000       0x24 ../bai3_bsp/\libhal_bsp.a(alt_do_ctors.o)
 .comment       0x00000000       0x24 ../bai3_bsp/\libhal_bsp.a(alt_do_dtors.o)
 .comment       0x00000000       0x24 ../bai3_bsp/\libhal_bsp.a(alt_errno.o)
 .comment       0x00000000       0x24 ../bai3_bsp/\libhal_bsp.a(alt_icache_flush_all.o)
 .comment       0x00000000       0x24 ../bai3_bsp/\libhal_bsp.a(alt_iic.o)
 .comment       0x00000000       0x24 ../bai3_bsp/\libhal_bsp.a(alt_iic_isr_register.o)
 .comment       0x00000000       0x24 ../bai3_bsp/\libhal_bsp.a(alt_io_redirect.o)
 .comment       0x00000000       0x24 ../bai3_bsp/\libhal_bsp.a(alt_irq_handler.o)
 .comment       0x00000000       0x24 ../bai3_bsp/\libhal_bsp.a(alt_irq_vars.o)
 .comment       0x00000000       0x24 ../bai3_bsp/\libhal_bsp.a(alt_open.o)
 .comment       0x00000000       0x24 ../bai3_bsp/\libhal_bsp.a(alt_release_fd.o)
 .comment       0x00000000       0x24 ../bai3_bsp/\libhal_bsp.a(alt_tick.o)
 .comment       0x00000000       0x24 ../bai3_bsp/\libhal_bsp.a(altera_nios2_qsys_irq.o)
 .comment       0x00000000       0x24 ../bai3_bsp/\libhal_bsp.a(alt_find_dev.o)
 .comment       0x00000000       0x24 ../bai3_bsp/\libhal_bsp.a(alt_find_file.o)
 .comment       0x00000000       0x24 ../bai3_bsp/\libhal_bsp.a(alt_get_fd.o)
 .comment       0x00000000       0x24 c:/altera/13.1/nios2eds/bin/gnu/h-i686-mingw32/bin/../lib/gcc/nios2-elf/4.7.3/../../../../../H-i686-mingw32/nios2-elf/lib/mno-hw-mul\libc.a(lib_a-atexit.o)
 .comment       0x00000000       0x24 c:/altera/13.1/nios2eds/bin/gnu/h-i686-mingw32/bin/../lib/gcc/nios2-elf/4.7.3/../../../../../H-i686-mingw32/nios2-elf/lib/mno-hw-mul\libc.a(lib_a-exit.o)
 .comment       0x00000000       0x24 c:/altera/13.1/nios2eds/bin/gnu/h-i686-mingw32/bin/../lib/gcc/nios2-elf/4.7.3/../../../../../H-i686-mingw32/nios2-elf/lib/mno-hw-mul\libc.a(lib_a-impure.o)
 .comment       0x00000000       0x24 c:/altera/13.1/nios2eds/bin/gnu/h-i686-mingw32/bin/../lib/gcc/nios2-elf/4.7.3/../../../../../H-i686-mingw32/nios2-elf/lib/mno-hw-mul\libc.a(lib_a-int_errno.o)
 .comment       0x00000000       0x24 c:/altera/13.1/nios2eds/bin/gnu/h-i686-mingw32/bin/../lib/gcc/nios2-elf/4.7.3/../../../../../H-i686-mingw32/nios2-elf/lib/mno-hw-mul\libc.a(lib_a-memcmp.o)
 .comment       0x00000000       0x24 c:/altera/13.1/nios2eds/bin/gnu/h-i686-mingw32/bin/../lib/gcc/nios2-elf/4.7.3/../../../../../H-i686-mingw32/nios2-elf/lib/mno-hw-mul\libc.a(lib_a-memcpy.o)
 .comment       0x00000000       0x24 c:/altera/13.1/nios2eds/bin/gnu/h-i686-mingw32/bin/../lib/gcc/nios2-elf/4.7.3/../../../../../H-i686-mingw32/nios2-elf/lib/mno-hw-mul\libc.a(lib_a-strlen.o)
 .comment       0x00000000       0x24 c:/altera/13.1/nios2eds/bin/gnu/h-i686-mingw32/bin/../lib/gcc/nios2-elf/4.7.3/../../../../../H-i686-mingw32/nios2-elf/lib/mno-hw-mul\libc.a(lib_a-__atexit.o)
 .comment       0x00000000       0x24 c:/altera/13.1/nios2eds/bin/gnu/h-i686-mingw32/bin/../lib/gcc/nios2-elf/4.7.3/../../../../../H-i686-mingw32/nios2-elf/lib/mno-hw-mul\libc.a(lib_a-__call_atexit.o)
 .comment       0x00000000       0x24 c:/altera/13.1/nios2eds/bin/gnu/h-i686-mingw32/bin/../lib/gcc/nios2-elf/4.7.3/mno-hw-mul\libgcc.a(lib2-divmod.o)
 .comment       0x00000000       0x24 c:/altera/13.1/nios2eds/bin/gnu/h-i686-mingw32/bin/../lib/gcc/nios2-elf/4.7.3/mno-hw-mul\libgcc.a(lib2-mul.o)
 .comment       0x00000000       0x24 ../bai3_bsp/\libhal_bsp.a(alt_exit.o)

.debug
 *(.debug)

.line
 *(.line)

.debug_srcinfo
 *(.debug_srcinfo)

.debug_sfnames
 *(.debug_sfnames)

.debug_aranges  0x00000000      0x670
 *(.debug_aranges)
 .debug_aranges
                0x00000000       0x28 ../bai3_bsp//obj/HAL/src/crt0.o
 .debug_aranges
                0x00000028       0x20 obj/default/hello_world.o
 .debug_aranges
                0x00000048       0x20 ../bai3_bsp/\libhal_bsp.a(alt_load.o)
 .debug_aranges
                0x00000068       0x20 ../bai3_bsp/\libhal_bsp.a(alt_main.o)
 .debug_aranges
                0x00000088       0x20 ../bai3_bsp/\libhal_bsp.a(alt_usleep.o)
 .debug_aranges
                0x000000a8       0x20 ../bai3_bsp/\libhal_bsp.a(alt_sys_init.o)
 .debug_aranges
                0x000000c8       0x20 ../bai3_bsp/\libhal_bsp.a(altera_avalon_jtag_uart_fd.o)
 .debug_aranges
                0x000000e8       0x20 ../bai3_bsp/\libhal_bsp.a(altera_avalon_jtag_uart_init.o)
 .debug_aranges
                0x00000108       0x20 ../bai3_bsp/\libhal_bsp.a(altera_avalon_jtag_uart_ioctl.o)
 .debug_aranges
                0x00000128       0x20 ../bai3_bsp/\libhal_bsp.a(altera_avalon_jtag_uart_read.o)
 .debug_aranges
                0x00000148       0x20 ../bai3_bsp/\libhal_bsp.a(altera_avalon_jtag_uart_write.o)
 .debug_aranges
                0x00000168       0x20 ../bai3_bsp/\libhal_bsp.a(altera_avalon_uart_fd.o)
 .debug_aranges
                0x00000188       0x20 ../bai3_bsp/\libhal_bsp.a(altera_avalon_uart_init.o)
 .debug_aranges
                0x000001a8       0x20 ../bai3_bsp/\libhal_bsp.a(altera_avalon_uart_read.o)
 .debug_aranges
                0x000001c8       0x20 ../bai3_bsp/\libhal_bsp.a(altera_avalon_uart_write.o)
 .debug_aranges
                0x000001e8       0x20 ../bai3_bsp/\libhal_bsp.a(alt_alarm_start.o)
 .debug_aranges
                0x00000208       0x20 ../bai3_bsp/\libhal_bsp.a(alt_busy_sleep.o)
 .debug_aranges
                0x00000228       0x20 ../bai3_bsp/\libhal_bsp.a(alt_close.o)
 .debug_aranges
                0x00000248       0x20 ../bai3_bsp/\libhal_bsp.a(alt_dcache_flush_all.o)
 .debug_aranges
                0x00000268       0x20 ../bai3_bsp/\libhal_bsp.a(alt_dev.o)
 .debug_aranges
                0x00000288       0x20 ../bai3_bsp/\libhal_bsp.a(alt_dev_llist_insert.o)
 .debug_aranges
                0x000002a8       0x20 ../bai3_bsp/\libhal_bsp.a(alt_do_ctors.o)
 .debug_aranges
                0x000002c8       0x20 ../bai3_bsp/\libhal_bsp.a(alt_do_dtors.o)
 .debug_aranges
                0x000002e8       0x18 ../bai3_bsp/\libhal_bsp.a(alt_errno.o)
 .debug_aranges
                0x00000300       0x20 ../bai3_bsp/\libhal_bsp.a(alt_icache_flush_all.o)
 .debug_aranges
                0x00000320       0x20 ../bai3_bsp/\libhal_bsp.a(alt_iic.o)
 .debug_aranges
                0x00000340       0x20 ../bai3_bsp/\libhal_bsp.a(alt_iic_isr_register.o)
 .debug_aranges
                0x00000360       0x20 ../bai3_bsp/\libhal_bsp.a(alt_io_redirect.o)
 .debug_aranges
                0x00000380       0x30 ../bai3_bsp/\libhal_bsp.a(alt_irq_entry.o)
 .debug_aranges
                0x000003b0       0x20 ../bai3_bsp/\libhal_bsp.a(alt_irq_handler.o)
 .debug_aranges
                0x000003d0       0x18 ../bai3_bsp/\libhal_bsp.a(alt_irq_vars.o)
 .debug_aranges
                0x000003e8       0x20 ../bai3_bsp/\libhal_bsp.a(alt_open.o)
 .debug_aranges
                0x00000408       0x20 ../bai3_bsp/\libhal_bsp.a(alt_release_fd.o)
 .debug_aranges
                0x00000428       0x20 ../bai3_bsp/\libhal_bsp.a(alt_tick.o)
 .debug_aranges
                0x00000448       0x20 ../bai3_bsp/\libhal_bsp.a(altera_nios2_qsys_irq.o)
 .debug_aranges
                0x00000468       0x38 ../bai3_bsp/\libhal_bsp.a(alt_exception_entry.o)
 .debug_aranges
                0x000004a0       0x20 ../bai3_bsp/\libhal_bsp.a(alt_find_dev.o)
 .debug_aranges
                0x000004c0       0x20 ../bai3_bsp/\libhal_bsp.a(alt_find_file.o)
 .debug_aranges
                0x000004e0       0x20 ../bai3_bsp/\libhal_bsp.a(alt_get_fd.o)
 .debug_aranges
                0x00000500       0x20 c:/altera/13.1/nios2eds/bin/gnu/h-i686-mingw32/bin/../lib/gcc/nios2-elf/4.7.3/../../../../../H-i686-mingw32/nios2-elf/lib/mno-hw-mul\libc.a(lib_a-atexit.o)
 .debug_aranges
                0x00000520       0x20 c:/altera/13.1/nios2eds/bin/gnu/h-i686-mingw32/bin/../lib/gcc/nios2-elf/4.7.3/../../../../../H-i686-mingw32/nios2-elf/lib/mno-hw-mul\libc.a(lib_a-exit.o)
 .debug_aranges
                0x00000540       0x18 c:/altera/13.1/nios2eds/bin/gnu/h-i686-mingw32/bin/../lib/gcc/nios2-elf/4.7.3/../../../../../H-i686-mingw32/nios2-elf/lib/mno-hw-mul\libc.a(lib_a-impure.o)
 .debug_aranges
                0x00000558       0x18 c:/altera/13.1/nios2eds/bin/gnu/h-i686-mingw32/bin/../lib/gcc/nios2-elf/4.7.3/../../../../../H-i686-mingw32/nios2-elf/lib/mno-hw-mul\libc.a(lib_a-int_errno.o)
 .debug_aranges
                0x00000570       0x20 c:/altera/13.1/nios2eds/bin/gnu/h-i686-mingw32/bin/../lib/gcc/nios2-elf/4.7.3/../../../../../H-i686-mingw32/nios2-elf/lib/mno-hw-mul\libc.a(lib_a-memcmp.o)
 .debug_aranges
                0x00000590       0x20 c:/altera/13.1/nios2eds/bin/gnu/h-i686-mingw32/bin/../lib/gcc/nios2-elf/4.7.3/../../../../../H-i686-mingw32/nios2-elf/lib/mno-hw-mul\libc.a(lib_a-memcpy.o)
 .debug_aranges
                0x000005b0       0x20 c:/altera/13.1/nios2eds/bin/gnu/h-i686-mingw32/bin/../lib/gcc/nios2-elf/4.7.3/../../../../../H-i686-mingw32/nios2-elf/lib/mno-hw-mul\libc.a(lib_a-strlen.o)
 .debug_aranges
                0x000005d0       0x20 c:/altera/13.1/nios2eds/bin/gnu/h-i686-mingw32/bin/../lib/gcc/nios2-elf/4.7.3/../../../../../H-i686-mingw32/nios2-elf/lib/mno-hw-mul\libc.a(lib_a-__atexit.o)
 .debug_aranges
                0x000005f0       0x20 c:/altera/13.1/nios2eds/bin/gnu/h-i686-mingw32/bin/../lib/gcc/nios2-elf/4.7.3/../../../../../H-i686-mingw32/nios2-elf/lib/mno-hw-mul\libc.a(lib_a-__call_atexit.o)
 .debug_aranges
                0x00000610       0x20 c:/altera/13.1/nios2eds/bin/gnu/h-i686-mingw32/bin/../lib/gcc/nios2-elf/4.7.3/mno-hw-mul\libgcc.a(lib2-divmod.o)
 .debug_aranges
                0x00000630       0x20 c:/altera/13.1/nios2eds/bin/gnu/h-i686-mingw32/bin/../lib/gcc/nios2-elf/4.7.3/mno-hw-mul\libgcc.a(lib2-mul.o)
 .debug_aranges
                0x00000650       0x20 ../bai3_bsp/\libhal_bsp.a(alt_exit.o)

.debug_pubnames
 *(.debug_pubnames)

.debug_info     0x00000000     0x8d96
 *(.debug_info .gnu.linkonce.wi.*)
 .debug_info    0x00000000       0x5d ../bai3_bsp//obj/HAL/src/crt0.o
 .debug_info    0x0000005d      0x161 obj/default/hello_world.o
 .debug_info    0x000001be      0x135 ../bai3_bsp/\libhal_bsp.a(alt_load.o)
 .debug_info    0x000002f3      0x139 ../bai3_bsp/\libhal_bsp.a(alt_main.o)
 .debug_info    0x0000042c       0xad ../bai3_bsp/\libhal_bsp.a(alt_usleep.o)
 .debug_info    0x000004d9      0x60a ../bai3_bsp/\libhal_bsp.a(alt_sys_init.o)
 .debug_info    0x00000ae3      0x58a ../bai3_bsp/\libhal_bsp.a(altera_avalon_jtag_uart_fd.o)
 .debug_info    0x0000106d      0x3d8 ../bai3_bsp/\libhal_bsp.a(altera_avalon_jtag_uart_init.o)
 .debug_info    0x00001445      0x2a9 ../bai3_bsp/\libhal_bsp.a(altera_avalon_jtag_uart_ioctl.o)
 .debug_info    0x000016ee      0x371 ../bai3_bsp/\libhal_bsp.a(altera_avalon_jtag_uart_read.o)
 .debug_info    0x00001a5f      0x36c ../bai3_bsp/\libhal_bsp.a(altera_avalon_jtag_uart_write.o)
 .debug_info    0x00001dcb      0x481 ../bai3_bsp/\libhal_bsp.a(altera_avalon_uart_fd.o)
 .debug_info    0x0000224c      0x356 ../bai3_bsp/\libhal_bsp.a(altera_avalon_uart_init.o)
 .debug_info    0x000025a2      0x33f ../bai3_bsp/\libhal_bsp.a(altera_avalon_uart_read.o)
 .debug_info    0x000028e1      0x336 ../bai3_bsp/\libhal_bsp.a(altera_avalon_uart_write.o)
 .debug_info    0x00002c17      0x2e4 ../bai3_bsp/\libhal_bsp.a(alt_alarm_start.o)
 .debug_info    0x00002efb       0xd5 ../bai3_bsp/\libhal_bsp.a(alt_busy_sleep.o)
 .debug_info    0x00002fd0      0x350 ../bai3_bsp/\libhal_bsp.a(alt_close.o)
 .debug_info    0x00003320       0x90 ../bai3_bsp/\libhal_bsp.a(alt_dcache_flush_all.o)
 .debug_info    0x000033b0      0x4e3 ../bai3_bsp/\libhal_bsp.a(alt_dev.o)
 .debug_info    0x00003893      0x1b9 ../bai3_bsp/\libhal_bsp.a(alt_dev_llist_insert.o)
 .debug_info    0x00003a4c       0x8d ../bai3_bsp/\libhal_bsp.a(alt_do_ctors.o)
 .debug_info    0x00003ad9       0x8d ../bai3_bsp/\libhal_bsp.a(alt_do_dtors.o)
 .debug_info    0x00003b66       0xa3 ../bai3_bsp/\libhal_bsp.a(alt_errno.o)
 .debug_info    0x00003c09       0x90 ../bai3_bsp/\libhal_bsp.a(alt_icache_flush_all.o)
 .debug_info    0x00003c99      0x364 ../bai3_bsp/\libhal_bsp.a(alt_iic.o)
 .debug_info    0x00003ffd      0x1f6 ../bai3_bsp/\libhal_bsp.a(alt_iic_isr_register.o)
 .debug_info    0x000041f3      0x4f0 ../bai3_bsp/\libhal_bsp.a(alt_io_redirect.o)
 .debug_info    0x000046e3       0x66 ../bai3_bsp/\libhal_bsp.a(alt_irq_entry.o)
 .debug_info    0x00004749      0x190 ../bai3_bsp/\libhal_bsp.a(alt_irq_handler.o)
 .debug_info    0x000048d9       0x8a ../bai3_bsp/\libhal_bsp.a(alt_irq_vars.o)
 .debug_info    0x00004963      0x3f0 ../bai3_bsp/\libhal_bsp.a(alt_open.o)
 .debug_info    0x00004d53      0x2dd ../bai3_bsp/\libhal_bsp.a(alt_release_fd.o)
 .debug_info    0x00005030      0x2b1 ../bai3_bsp/\libhal_bsp.a(alt_tick.o)
 .debug_info    0x000052e1       0x90 ../bai3_bsp/\libhal_bsp.a(altera_nios2_qsys_irq.o)
 .debug_info    0x00005371       0x6c ../bai3_bsp/\libhal_bsp.a(alt_exception_entry.o)
 .debug_info    0x000053dd      0x30d ../bai3_bsp/\libhal_bsp.a(alt_find_dev.o)
 .debug_info    0x000056ea      0x30c ../bai3_bsp/\libhal_bsp.a(alt_find_file.o)
 .debug_info    0x000059f6      0x339 ../bai3_bsp/\libhal_bsp.a(alt_get_fd.o)
 .debug_info    0x00005d2f      0x1e6 c:/altera/13.1/nios2eds/bin/gnu/h-i686-mingw32/bin/../lib/gcc/nios2-elf/4.7.3/../../../../../H-i686-mingw32/nios2-elf/lib/mno-hw-mul\libc.a(lib_a-atexit.o)
 .debug_info    0x00005f15      0x993 c:/altera/13.1/nios2eds/bin/gnu/h-i686-mingw32/bin/../lib/gcc/nios2-elf/4.7.3/../../../../../H-i686-mingw32/nios2-elf/lib/mno-hw-mul\libc.a(lib_a-exit.o)
 .debug_info    0x000068a8      0x938 c:/altera/13.1/nios2eds/bin/gnu/h-i686-mingw32/bin/../lib/gcc/nios2-elf/4.7.3/../../../../../H-i686-mingw32/nios2-elf/lib/mno-hw-mul\libc.a(lib_a-impure.o)
 .debug_info    0x000071e0       0x84 c:/altera/13.1/nios2eds/bin/gnu/h-i686-mingw32/bin/../lib/gcc/nios2-elf/4.7.3/../../../../../H-i686-mingw32/nios2-elf/lib/mno-hw-mul\libc.a(lib_a-int_errno.o)
 .debug_info    0x00007264      0x117 c:/altera/13.1/nios2eds/bin/gnu/h-i686-mingw32/bin/../lib/gcc/nios2-elf/4.7.3/../../../../../H-i686-mingw32/nios2-elf/lib/mno-hw-mul\libc.a(lib_a-memcmp.o)
 .debug_info    0x0000737b      0x10f c:/altera/13.1/nios2eds/bin/gnu/h-i686-mingw32/bin/../lib/gcc/nios2-elf/4.7.3/../../../../../H-i686-mingw32/nios2-elf/lib/mno-hw-mul\libc.a(lib_a-memcpy.o)
 .debug_info    0x0000748a       0xdf c:/altera/13.1/nios2eds/bin/gnu/h-i686-mingw32/bin/../lib/gcc/nios2-elf/4.7.3/../../../../../H-i686-mingw32/nios2-elf/lib/mno-hw-mul\libc.a(lib_a-strlen.o)
 .debug_info    0x00007569      0x9f9 c:/altera/13.1/nios2eds/bin/gnu/h-i686-mingw32/bin/../lib/gcc/nios2-elf/4.7.3/../../../../../H-i686-mingw32/nios2-elf/lib/mno-hw-mul\libc.a(lib_a-__atexit.o)
 .debug_info    0x00007f62      0xa07 c:/altera/13.1/nios2eds/bin/gnu/h-i686-mingw32/bin/../lib/gcc/nios2-elf/4.7.3/../../../../../H-i686-mingw32/nios2-elf/lib/mno-hw-mul\libc.a(lib_a-__call_atexit.o)
 .debug_info    0x00008969      0x289 c:/altera/13.1/nios2eds/bin/gnu/h-i686-mingw32/bin/../lib/gcc/nios2-elf/4.7.3/mno-hw-mul\libgcc.a(lib2-divmod.o)
 .debug_info    0x00008bf2       0xb8 c:/altera/13.1/nios2eds/bin/gnu/h-i686-mingw32/bin/../lib/gcc/nios2-elf/4.7.3/mno-hw-mul\libgcc.a(lib2-mul.o)
 .debug_info    0x00008caa       0xec ../bai3_bsp/\libhal_bsp.a(alt_exit.o)

.debug_abbrev   0x00000000     0x2fb5
 *(.debug_abbrev)
 .debug_abbrev  0x00000000       0x12 ../bai3_bsp//obj/HAL/src/crt0.o
 .debug_abbrev  0x00000012       0xdb obj/default/hello_world.o
 .debug_abbrev  0x000000ed       0x9d ../bai3_bsp/\libhal_bsp.a(alt_load.o)
 .debug_abbrev  0x0000018a       0xba ../bai3_bsp/\libhal_bsp.a(alt_main.o)
 .debug_abbrev  0x00000244       0x60 ../bai3_bsp/\libhal_bsp.a(alt_usleep.o)
 .debug_abbrev  0x000002a4      0x17f ../bai3_bsp/\libhal_bsp.a(alt_sys_init.o)
 .debug_abbrev  0x00000423      0x118 ../bai3_bsp/\libhal_bsp.a(altera_avalon_jtag_uart_fd.o)
 .debug_abbrev  0x0000053b      0x18f ../bai3_bsp/\libhal_bsp.a(altera_avalon_jtag_uart_init.o)
 .debug_abbrev  0x000006ca      0x102 ../bai3_bsp/\libhal_bsp.a(altera_avalon_jtag_uart_ioctl.o)
 .debug_abbrev  0x000007cc      0x19b ../bai3_bsp/\libhal_bsp.a(altera_avalon_jtag_uart_read.o)
 .debug_abbrev  0x00000967      0x199 ../bai3_bsp/\libhal_bsp.a(altera_avalon_jtag_uart_write.o)
 .debug_abbrev  0x00000b00      0x109 ../bai3_bsp/\libhal_bsp.a(altera_avalon_uart_fd.o)
 .debug_abbrev  0x00000c09      0x178 ../bai3_bsp/\libhal_bsp.a(altera_avalon_uart_init.o)
 .debug_abbrev  0x00000d81      0x183 ../bai3_bsp/\libhal_bsp.a(altera_avalon_uart_read.o)
 .debug_abbrev  0x00000f04      0x18a ../bai3_bsp/\libhal_bsp.a(altera_avalon_uart_write.o)
 .debug_abbrev  0x0000108e      0x162 ../bai3_bsp/\libhal_bsp.a(alt_alarm_start.o)
 .debug_abbrev  0x000011f0       0x7e ../bai3_bsp/\libhal_bsp.a(alt_busy_sleep.o)
 .debug_abbrev  0x0000126e      0x11f ../bai3_bsp/\libhal_bsp.a(alt_close.o)
 .debug_abbrev  0x0000138d       0x42 ../bai3_bsp/\libhal_bsp.a(alt_dcache_flush_all.o)
 .debug_abbrev  0x000013cf       0xd9 ../bai3_bsp/\libhal_bsp.a(alt_dev.o)
 .debug_abbrev  0x000014a8      0x114 ../bai3_bsp/\libhal_bsp.a(alt_dev_llist_insert.o)
 .debug_abbrev  0x000015bc       0x79 ../bai3_bsp/\libhal_bsp.a(alt_do_ctors.o)
 .debug_abbrev  0x00001635       0x79 ../bai3_bsp/\libhal_bsp.a(alt_do_dtors.o)
 .debug_abbrev  0x000016ae       0x5a ../bai3_bsp/\libhal_bsp.a(alt_errno.o)
 .debug_abbrev  0x00001708       0x42 ../bai3_bsp/\libhal_bsp.a(alt_icache_flush_all.o)
 .debug_abbrev  0x0000174a      0x16a ../bai3_bsp/\libhal_bsp.a(alt_iic.o)
 .debug_abbrev  0x000018b4      0x169 ../bai3_bsp/\libhal_bsp.a(alt_iic_isr_register.o)
 .debug_abbrev  0x00001a1d      0x114 ../bai3_bsp/\libhal_bsp.a(alt_io_redirect.o)
 .debug_abbrev  0x00001b31       0x12 ../bai3_bsp/\libhal_bsp.a(alt_irq_entry.o)
 .debug_abbrev  0x00001b43      0x124 ../bai3_bsp/\libhal_bsp.a(alt_irq_handler.o)
 .debug_abbrev  0x00001c67       0x40 ../bai3_bsp/\libhal_bsp.a(alt_irq_vars.o)
 .debug_abbrev  0x00001ca7      0x148 ../bai3_bsp/\libhal_bsp.a(alt_open.o)
 .debug_abbrev  0x00001def       0xde ../bai3_bsp/\libhal_bsp.a(alt_release_fd.o)
 .debug_abbrev  0x00001ecd      0x15a ../bai3_bsp/\libhal_bsp.a(alt_tick.o)
 .debug_abbrev  0x00002027       0x42 ../bai3_bsp/\libhal_bsp.a(altera_nios2_qsys_irq.o)
 .debug_abbrev  0x00002069       0x12 ../bai3_bsp/\libhal_bsp.a(alt_exception_entry.o)
 .debug_abbrev  0x0000207b       0xf0 ../bai3_bsp/\libhal_bsp.a(alt_find_dev.o)
 .debug_abbrev  0x0000216b       0xf0 ../bai3_bsp/\libhal_bsp.a(alt_find_file.o)
 .debug_abbrev  0x0000225b      0x10d ../bai3_bsp/\libhal_bsp.a(alt_get_fd.o)
 .debug_abbrev  0x00002368      0x106 c:/altera/13.1/nios2eds/bin/gnu/h-i686-mingw32/bin/../lib/gcc/nios2-elf/4.7.3/../../../../../H-i686-mingw32/nios2-elf/lib/mno-hw-mul\libc.a(lib_a-atexit.o)
 .debug_abbrev  0x0000246e      0x1c8 c:/altera/13.1/nios2eds/bin/gnu/h-i686-mingw32/bin/../lib/gcc/nios2-elf/4.7.3/../../../../../H-i686-mingw32/nios2-elf/lib/mno-hw-mul\libc.a(lib_a-exit.o)
 .debug_abbrev  0x00002636      0x162 c:/altera/13.1/nios2eds/bin/gnu/h-i686-mingw32/bin/../lib/gcc/nios2-elf/4.7.3/../../../../../H-i686-mingw32/nios2-elf/lib/mno-hw-mul\libc.a(lib_a-impure.o)
 .debug_abbrev  0x00002798       0x37 c:/altera/13.1/nios2eds/bin/gnu/h-i686-mingw32/bin/../lib/gcc/nios2-elf/4.7.3/../../../../../H-i686-mingw32/nios2-elf/lib/mno-hw-mul\libc.a(lib_a-int_errno.o)
 .debug_abbrev  0x000027cf       0x7f c:/altera/13.1/nios2eds/bin/gnu/h-i686-mingw32/bin/../lib/gcc/nios2-elf/4.7.3/../../../../../H-i686-mingw32/nios2-elf/lib/mno-hw-mul\libc.a(lib_a-memcmp.o)
 .debug_abbrev  0x0000284e       0x9c c:/altera/13.1/nios2eds/bin/gnu/h-i686-mingw32/bin/../lib/gcc/nios2-elf/4.7.3/../../../../../H-i686-mingw32/nios2-elf/lib/mno-hw-mul\libc.a(lib_a-memcpy.o)
 .debug_abbrev  0x000028ea       0x90 c:/altera/13.1/nios2eds/bin/gnu/h-i686-mingw32/bin/../lib/gcc/nios2-elf/4.7.3/../../../../../H-i686-mingw32/nios2-elf/lib/mno-hw-mul\libc.a(lib_a-strlen.o)
 .debug_abbrev  0x0000297a      0x211 c:/altera/13.1/nios2eds/bin/gnu/h-i686-mingw32/bin/../lib/gcc/nios2-elf/4.7.3/../../../../../H-i686-mingw32/nios2-elf/lib/mno-hw-mul\libc.a(lib_a-__atexit.o)
 .debug_abbrev  0x00002b8b      0x203 c:/altera/13.1/nios2eds/bin/gnu/h-i686-mingw32/bin/../lib/gcc/nios2-elf/4.7.3/../../../../../H-i686-mingw32/nios2-elf/lib/mno-hw-mul\libc.a(lib_a-__call_atexit.o)
 .debug_abbrev  0x00002d8e      0x112 c:/altera/13.1/nios2eds/bin/gnu/h-i686-mingw32/bin/../lib/gcc/nios2-elf/4.7.3/mno-hw-mul\libgcc.a(lib2-divmod.o)
 .debug_abbrev  0x00002ea0       0x6f c:/altera/13.1/nios2eds/bin/gnu/h-i686-mingw32/bin/../lib/gcc/nios2-elf/4.7.3/mno-hw-mul\libgcc.a(lib2-mul.o)
 .debug_abbrev  0x00002f0f       0xa6 ../bai3_bsp/\libhal_bsp.a(alt_exit.o)

.debug_line     0x00000000     0x3282
 *(.debug_line)
 .debug_line    0x00000000       0x66 ../bai3_bsp//obj/HAL/src/crt0.o
 .debug_line    0x00000066       0xca obj/default/hello_world.o
 .debug_line    0x00000130       0x92 ../bai3_bsp/\libhal_bsp.a(alt_load.o)
 .debug_line    0x000001c2       0xa4 ../bai3_bsp/\libhal_bsp.a(alt_main.o)
 .debug_line    0x00000266       0xce ../bai3_bsp/\libhal_bsp.a(alt_usleep.o)
 .debug_line    0x00000334      0x16b ../bai3_bsp/\libhal_bsp.a(alt_sys_init.o)
 .debug_line    0x0000049f      0x131 ../bai3_bsp/\libhal_bsp.a(altera_avalon_jtag_uart_fd.o)
 .debug_line    0x000005d0      0x199 ../bai3_bsp/\libhal_bsp.a(altera_avalon_jtag_uart_init.o)
 .debug_line    0x00000769      0x129 ../bai3_bsp/\libhal_bsp.a(altera_avalon_jtag_uart_ioctl.o)
 .debug_line    0x00000892      0x174 ../bai3_bsp/\libhal_bsp.a(altera_avalon_jtag_uart_read.o)
 .debug_line    0x00000a06      0x173 ../bai3_bsp/\libhal_bsp.a(altera_avalon_jtag_uart_write.o)
 .debug_line    0x00000b79       0xf0 ../bai3_bsp/\libhal_bsp.a(altera_avalon_uart_fd.o)
 .debug_line    0x00000c69      0x182 ../bai3_bsp/\libhal_bsp.a(altera_avalon_uart_init.o)
 .debug_line    0x00000deb      0x188 ../bai3_bsp/\libhal_bsp.a(altera_avalon_uart_read.o)
 .debug_line    0x00000f73      0x166 ../bai3_bsp/\libhal_bsp.a(altera_avalon_uart_write.o)
 .debug_line    0x000010d9       0xfa ../bai3_bsp/\libhal_bsp.a(alt_alarm_start.o)
 .debug_line    0x000011d3       0xa2 ../bai3_bsp/\libhal_bsp.a(alt_busy_sleep.o)
 .debug_line    0x00001275      0x186 ../bai3_bsp/\libhal_bsp.a(alt_close.o)
 .debug_line    0x000013fb       0x51 ../bai3_bsp/\libhal_bsp.a(alt_dcache_flush_all.o)
 .debug_line    0x0000144c      0x119 ../bai3_bsp/\libhal_bsp.a(alt_dev.o)
 .debug_line    0x00001565       0xd0 ../bai3_bsp/\libhal_bsp.a(alt_dev_llist_insert.o)
 .debug_line    0x00001635       0x59 ../bai3_bsp/\libhal_bsp.a(alt_do_ctors.o)
 .debug_line    0x0000168e       0x59 ../bai3_bsp/\libhal_bsp.a(alt_do_dtors.o)
 .debug_line    0x000016e7       0x51 ../bai3_bsp/\libhal_bsp.a(alt_errno.o)
 .debug_line    0x00001738       0x4f ../bai3_bsp/\libhal_bsp.a(alt_icache_flush_all.o)
 .debug_line    0x00001787       0xed ../bai3_bsp/\libhal_bsp.a(alt_iic.o)
 .debug_line    0x00001874       0xdb ../bai3_bsp/\libhal_bsp.a(alt_iic_isr_register.o)
 .debug_line    0x0000194f      0x156 ../bai3_bsp/\libhal_bsp.a(alt_io_redirect.o)
 .debug_line    0x00001aa5       0x6b ../bai3_bsp/\libhal_bsp.a(alt_irq_entry.o)
 .debug_line    0x00001b10       0xae ../bai3_bsp/\libhal_bsp.a(alt_irq_handler.o)
 .debug_line    0x00001bbe       0x50 ../bai3_bsp/\libhal_bsp.a(alt_irq_vars.o)
 .debug_line    0x00001c0e      0x128 ../bai3_bsp/\libhal_bsp.a(alt_open.o)
 .debug_line    0x00001d36       0xb0 ../bai3_bsp/\libhal_bsp.a(alt_release_fd.o)
 .debug_line    0x00001de6      0x102 ../bai3_bsp/\libhal_bsp.a(alt_tick.o)
 .debug_line    0x00001ee8       0x51 ../bai3_bsp/\libhal_bsp.a(altera_nios2_qsys_irq.o)
 .debug_line    0x00001f39       0xab ../bai3_bsp/\libhal_bsp.a(alt_exception_entry.o)
 .debug_line    0x00001fe4       0xb9 ../bai3_bsp/\libhal_bsp.a(alt_find_dev.o)
 .debug_line    0x0000209d       0xd5 ../bai3_bsp/\libhal_bsp.a(alt_find_file.o)
 .debug_line    0x00002172       0xd4 ../bai3_bsp/\libhal_bsp.a(alt_get_fd.o)
 .debug_line    0x00002246      0x170 c:/altera/13.1/nios2eds/bin/gnu/h-i686-mingw32/bin/../lib/gcc/nios2-elf/4.7.3/../../../../../H-i686-mingw32/nios2-elf/lib/mno-hw-mul\libc.a(lib_a-atexit.o)
 .debug_line    0x000023b6      0x21c c:/altera/13.1/nios2eds/bin/gnu/h-i686-mingw32/bin/../lib/gcc/nios2-elf/4.7.3/../../../../../H-i686-mingw32/nios2-elf/lib/mno-hw-mul\libc.a(lib_a-exit.o)
 .debug_line    0x000025d2      0x176 c:/altera/13.1/nios2eds/bin/gnu/h-i686-mingw32/bin/../lib/gcc/nios2-elf/4.7.3/../../../../../H-i686-mingw32/nios2-elf/lib/mno-hw-mul\libc.a(lib_a-impure.o)
 .debug_line    0x00002748       0x60 c:/altera/13.1/nios2eds/bin/gnu/h-i686-mingw32/bin/../lib/gcc/nios2-elf/4.7.3/../../../../../H-i686-mingw32/nios2-elf/lib/mno-hw-mul\libc.a(lib_a-int_errno.o)
 .debug_line    0x000027a8      0x190 c:/altera/13.1/nios2eds/bin/gnu/h-i686-mingw32/bin/../lib/gcc/nios2-elf/4.7.3/../../../../../H-i686-mingw32/nios2-elf/lib/mno-hw-mul\libc.a(lib_a-memcmp.o)
 .debug_line    0x00002938      0x144 c:/altera/13.1/nios2eds/bin/gnu/h-i686-mingw32/bin/../lib/gcc/nios2-elf/4.7.3/../../../../../H-i686-mingw32/nios2-elf/lib/mno-hw-mul\libc.a(lib_a-memcpy.o)
 .debug_line    0x00002a7c      0x185 c:/altera/13.1/nios2eds/bin/gnu/h-i686-mingw32/bin/../lib/gcc/nios2-elf/4.7.3/../../../../../H-i686-mingw32/nios2-elf/lib/mno-hw-mul\libc.a(lib_a-strlen.o)
 .debug_line    0x00002c01      0x253 c:/altera/13.1/nios2eds/bin/gnu/h-i686-mingw32/bin/../lib/gcc/nios2-elf/4.7.3/../../../../../H-i686-mingw32/nios2-elf/lib/mno-hw-mul\libc.a(lib_a-__atexit.o)
 .debug_line    0x00002e54      0x267 c:/altera/13.1/nios2eds/bin/gnu/h-i686-mingw32/bin/../lib/gcc/nios2-elf/4.7.3/../../../../../H-i686-mingw32/nios2-elf/lib/mno-hw-mul\libc.a(lib_a-__call_atexit.o)
 .debug_line    0x000030bb       0xd6 c:/altera/13.1/nios2eds/bin/gnu/h-i686-mingw32/bin/../lib/gcc/nios2-elf/4.7.3/mno-hw-mul\libgcc.a(lib2-divmod.o)
 .debug_line    0x00003191       0x80 c:/altera/13.1/nios2eds/bin/gnu/h-i686-mingw32/bin/../lib/gcc/nios2-elf/4.7.3/mno-hw-mul\libgcc.a(lib2-mul.o)
 .debug_line    0x00003211       0x71 ../bai3_bsp/\libhal_bsp.a(alt_exit.o)

.debug_frame    0x00000000      0xad0
 *(.debug_frame)
 .debug_frame   0x00000000       0x64 obj/default/hello_world.o
 .debug_frame   0x00000064       0x48 ../bai3_bsp/\libhal_bsp.a(alt_load.o)
 .debug_frame   0x000000ac       0x2c ../bai3_bsp/\libhal_bsp.a(alt_main.o)
 .debug_frame   0x000000d8       0x2c ../bai3_bsp/\libhal_bsp.a(alt_usleep.o)
 .debug_frame   0x00000104       0x64 ../bai3_bsp/\libhal_bsp.a(alt_sys_init.o)
 .debug_frame   0x00000168       0x80 ../bai3_bsp/\libhal_bsp.a(altera_avalon_jtag_uart_fd.o)
 .debug_frame   0x000001e8       0x80 ../bai3_bsp/\libhal_bsp.a(altera_avalon_jtag_uart_init.o)
 .debug_frame   0x00000268       0x2c ../bai3_bsp/\libhal_bsp.a(altera_avalon_jtag_uart_ioctl.o)
 .debug_frame   0x00000294       0x2c ../bai3_bsp/\libhal_bsp.a(altera_avalon_jtag_uart_read.o)
 .debug_frame   0x000002c0       0x2c ../bai3_bsp/\libhal_bsp.a(altera_avalon_jtag_uart_write.o)
 .debug_frame   0x000002ec       0x64 ../bai3_bsp/\libhal_bsp.a(altera_avalon_uart_fd.o)
 .debug_frame   0x00000350       0x9c ../bai3_bsp/\libhal_bsp.a(altera_avalon_uart_init.o)
 .debug_frame   0x000003ec       0x48 ../bai3_bsp/\libhal_bsp.a(altera_avalon_uart_read.o)
 .debug_frame   0x00000434       0x48 ../bai3_bsp/\libhal_bsp.a(altera_avalon_uart_write.o)
 .debug_frame   0x0000047c       0x2c ../bai3_bsp/\libhal_bsp.a(alt_alarm_start.o)
 .debug_frame   0x000004a8       0x2c ../bai3_bsp/\libhal_bsp.a(alt_busy_sleep.o)
 .debug_frame   0x000004d4       0x48 ../bai3_bsp/\libhal_bsp.a(alt_close.o)
 .debug_frame   0x0000051c       0x2c ../bai3_bsp/\libhal_bsp.a(alt_dcache_flush_all.o)
 .debug_frame   0x00000548       0x2c ../bai3_bsp/\libhal_bsp.a(alt_dev.o)
 .debug_frame   0x00000574       0x48 ../bai3_bsp/\libhal_bsp.a(alt_dev_llist_insert.o)
 .debug_frame   0x000005bc       0x2c ../bai3_bsp/\libhal_bsp.a(alt_do_ctors.o)
 .debug_frame   0x000005e8       0x2c ../bai3_bsp/\libhal_bsp.a(alt_do_dtors.o)
 .debug_frame   0x00000614       0x2c ../bai3_bsp/\libhal_bsp.a(alt_icache_flush_all.o)
 .debug_frame   0x00000640       0x80 ../bai3_bsp/\libhal_bsp.a(alt_iic.o)
 .debug_frame   0x000006c0       0x2c ../bai3_bsp/\libhal_bsp.a(alt_iic_isr_register.o)
 .debug_frame   0x000006ec       0x4c ../bai3_bsp/\libhal_bsp.a(alt_io_redirect.o)
 .debug_frame   0x00000738       0x2c ../bai3_bsp/\libhal_bsp.a(alt_irq_handler.o)
 .debug_frame   0x00000764       0x68 ../bai3_bsp/\libhal_bsp.a(alt_open.o)
 .debug_frame   0x000007cc       0x30 ../bai3_bsp/\libhal_bsp.a(alt_release_fd.o)
 .debug_frame   0x000007fc       0x48 ../bai3_bsp/\libhal_bsp.a(alt_tick.o)
 .debug_frame   0x00000844       0x2c ../bai3_bsp/\libhal_bsp.a(altera_nios2_qsys_irq.o)
 .debug_frame   0x00000870       0x2c ../bai3_bsp/\libhal_bsp.a(alt_find_dev.o)
 .debug_frame   0x0000089c       0x2c ../bai3_bsp/\libhal_bsp.a(alt_find_file.o)
 .debug_frame   0x000008c8       0x30 ../bai3_bsp/\libhal_bsp.a(alt_get_fd.o)
 .debug_frame   0x000008f8       0x20 c:/altera/13.1/nios2eds/bin/gnu/h-i686-mingw32/bin/../lib/gcc/nios2-elf/4.7.3/../../../../../H-i686-mingw32/nios2-elf/lib/mno-hw-mul\libc.a(lib_a-atexit.o)
 .debug_frame   0x00000918       0x28 c:/altera/13.1/nios2eds/bin/gnu/h-i686-mingw32/bin/../lib/gcc/nios2-elf/4.7.3/../../../../../H-i686-mingw32/nios2-elf/lib/mno-hw-mul\libc.a(lib_a-exit.o)
 .debug_frame   0x00000940       0x20 c:/altera/13.1/nios2eds/bin/gnu/h-i686-mingw32/bin/../lib/gcc/nios2-elf/4.7.3/../../../../../H-i686-mingw32/nios2-elf/lib/mno-hw-mul\libc.a(lib_a-memcmp.o)
 .debug_frame   0x00000960       0x30 c:/altera/13.1/nios2eds/bin/gnu/h-i686-mingw32/bin/../lib/gcc/nios2-elf/4.7.3/../../../../../H-i686-mingw32/nios2-elf/lib/mno-hw-mul\libc.a(lib_a-memcpy.o)
 .debug_frame   0x00000990       0x20 c:/altera/13.1/nios2eds/bin/gnu/h-i686-mingw32/bin/../lib/gcc/nios2-elf/4.7.3/../../../../../H-i686-mingw32/nios2-elf/lib/mno-hw-mul\libc.a(lib_a-strlen.o)
 .debug_frame   0x000009b0       0x2c c:/altera/13.1/nios2eds/bin/gnu/h-i686-mingw32/bin/../lib/gcc/nios2-elf/4.7.3/../../../../../H-i686-mingw32/nios2-elf/lib/mno-hw-mul\libc.a(lib_a-__atexit.o)
 .debug_frame   0x000009dc       0x38 c:/altera/13.1/nios2eds/bin/gnu/h-i686-mingw32/bin/../lib/gcc/nios2-elf/4.7.3/../../../../../H-i686-mingw32/nios2-elf/lib/mno-hw-mul\libc.a(lib_a-__call_atexit.o)
 .debug_frame   0x00000a14       0x70 c:/altera/13.1/nios2eds/bin/gnu/h-i686-mingw32/bin/../lib/gcc/nios2-elf/4.7.3/mno-hw-mul\libgcc.a(lib2-divmod.o)
 .debug_frame   0x00000a84       0x20 c:/altera/13.1/nios2eds/bin/gnu/h-i686-mingw32/bin/../lib/gcc/nios2-elf/4.7.3/mno-hw-mul\libgcc.a(lib2-mul.o)
 .debug_frame   0x00000aa4       0x2c ../bai3_bsp/\libhal_bsp.a(alt_exit.o)

.debug_str      0x00000000     0x18ee
 *(.debug_str)
 .debug_str     0x00000000       0xfe obj/default/hello_world.o
                                0x141 (size before relaxing)
 .debug_str     0x000000fe      0x11a ../bai3_bsp/\libhal_bsp.a(alt_load.o)
                                0x1b8 (size before relaxing)
 .debug_str     0x00000218       0x44 ../bai3_bsp/\libhal_bsp.a(alt_main.o)
                                0x143 (size before relaxing)
 .debug_str     0x0000025c       0x27 ../bai3_bsp/\libhal_bsp.a(alt_usleep.o)
                                 0xee (size before relaxing)
 .debug_str     0x00000283      0x224 ../bai3_bsp/\libhal_bsp.a(alt_sys_init.o)
                                0x394 (size before relaxing)
 .debug_str     0x000004a7       0xb9 ../bai3_bsp/\libhal_bsp.a(altera_avalon_jtag_uart_fd.o)
                                0x34a (size before relaxing)
 .debug_str     0x00000560       0xd1 ../bai3_bsp/\libhal_bsp.a(altera_avalon_jtag_uart_init.o)
                                0x2de (size before relaxing)
 .debug_str     0x00000631       0x4a ../bai3_bsp/\libhal_bsp.a(altera_avalon_jtag_uart_ioctl.o)
                                0x239 (size before relaxing)
 .debug_str     0x0000067b       0x7f ../bai3_bsp/\libhal_bsp.a(altera_avalon_jtag_uart_read.o)
                                0x28e (size before relaxing)
 .debug_str     0x000006fa       0x4a ../bai3_bsp/\libhal_bsp.a(altera_avalon_jtag_uart_write.o)
                                0x28f (size before relaxing)
 .debug_str     0x00000744       0x77 ../bai3_bsp/\libhal_bsp.a(altera_avalon_uart_fd.o)
                                0x29b (size before relaxing)
 .debug_str     0x000007bb       0xaa ../bai3_bsp/\libhal_bsp.a(altera_avalon_uart_init.o)
                                0x25d (size before relaxing)
 .debug_str     0x00000865       0x5d ../bai3_bsp/\libhal_bsp.a(altera_avalon_uart_read.o)
                                0x23e (size before relaxing)
 .debug_str     0x000008c2       0x49 ../bai3_bsp/\libhal_bsp.a(altera_avalon_uart_write.o)
                                0x232 (size before relaxing)
 .debug_str     0x0000090b       0x5f ../bai3_bsp/\libhal_bsp.a(alt_alarm_start.o)
                                0x224 (size before relaxing)
 .debug_str     0x0000096a       0x42 ../bai3_bsp/\libhal_bsp.a(alt_busy_sleep.o)
                                0x111 (size before relaxing)
 .debug_str     0x000009ac       0x2c ../bai3_bsp/\libhal_bsp.a(alt_close.o)
                                0x1b1 (size before relaxing)
 .debug_str     0x000009d8       0x34 ../bai3_bsp/\libhal_bsp.a(alt_dcache_flush_all.o)
                                 0xfb (size before relaxing)
 .debug_str     0x00000a0c      0x120 ../bai3_bsp/\libhal_bsp.a(alt_dev.o)
                                0x2ab (size before relaxing)
 .debug_str     0x00000b2c       0x34 ../bai3_bsp/\libhal_bsp.a(alt_dev_llist_insert.o)
                                0x172 (size before relaxing)
 .debug_str     0x00000b60       0x48 ../bai3_bsp/\libhal_bsp.a(alt_do_ctors.o)
                                 0x82 (size before relaxing)
 .debug_str     0x00000ba8       0x4c ../bai3_bsp/\libhal_bsp.a(alt_do_dtors.o)
                                 0x81 (size before relaxing)
 .debug_str     0x00000bf4       0x14 ../bai3_bsp/\libhal_bsp.a(alt_errno.o)
                                 0xeb (size before relaxing)
 .debug_str     0x00000c08       0x34 ../bai3_bsp/\libhal_bsp.a(alt_icache_flush_all.o)
                                 0xfb (size before relaxing)
 .debug_str     0x00000c3c       0xbd ../bai3_bsp/\libhal_bsp.a(alt_iic.o)
                                0x1e4 (size before relaxing)
 .debug_str     0x00000cf9       0x4c ../bai3_bsp/\libhal_bsp.a(alt_iic_isr_register.o)
                                0x18e (size before relaxing)
 .debug_str     0x00000d45       0x56 ../bai3_bsp/\libhal_bsp.a(alt_io_redirect.o)
                                0x2bc (size before relaxing)
 .debug_str     0x00000d9b       0x3a ../bai3_bsp/\libhal_bsp.a(alt_irq_handler.o)
                                0x13d (size before relaxing)
 .debug_str     0x00000dd5       0x17 ../bai3_bsp/\libhal_bsp.a(alt_irq_vars.o)
                                 0xec (size before relaxing)
 .debug_str     0x00000dec       0x2f ../bai3_bsp/\libhal_bsp.a(alt_open.o)
                                0x1f1 (size before relaxing)
 .debug_str     0x00000e1b       0x28 ../bai3_bsp/\libhal_bsp.a(alt_release_fd.o)
                                0x185 (size before relaxing)
 .debug_str     0x00000e43       0x4a ../bai3_bsp/\libhal_bsp.a(alt_tick.o)
                                0x1f8 (size before relaxing)
 .debug_str     0x00000e8d       0x3b ../bai3_bsp/\libhal_bsp.a(altera_nios2_qsys_irq.o)
                                0x102 (size before relaxing)
 .debug_str     0x00000ec8       0x24 ../bai3_bsp/\libhal_bsp.a(alt_find_dev.o)
                                0x192 (size before relaxing)
 .debug_str     0x00000eec       0x26 ../bai3_bsp/\libhal_bsp.a(alt_find_file.o)
                                0x1a0 (size before relaxing)
 .debug_str     0x00000f12       0x30 ../bai3_bsp/\libhal_bsp.a(alt_get_fd.o)
                                0x1c2 (size before relaxing)
 .debug_str     0x00000f42      0x16a c:/altera/13.1/nios2eds/bin/gnu/h-i686-mingw32/bin/../lib/gcc/nios2-elf/4.7.3/../../../../../H-i686-mingw32/nios2-elf/lib/mno-hw-mul\libc.a(lib_a-atexit.o)
                                0x21d (size before relaxing)
 .debug_str     0x000010ac      0x35c c:/altera/13.1/nios2eds/bin/gnu/h-i686-mingw32/bin/../lib/gcc/nios2-elf/4.7.3/../../../../../H-i686-mingw32/nios2-elf/lib/mno-hw-mul\libc.a(lib_a-exit.o)
                                0x53d (size before relaxing)
 .debug_str     0x00001408       0xe2 c:/altera/13.1/nios2eds/bin/gnu/h-i686-mingw32/bin/../lib/gcc/nios2-elf/4.7.3/../../../../../H-i686-mingw32/nios2-elf/lib/mno-hw-mul\libc.a(lib_a-impure.o)
                                0x534 (size before relaxing)
 .debug_str     0x000014ea       0x40 c:/altera/13.1/nios2eds/bin/gnu/h-i686-mingw32/bin/../lib/gcc/nios2-elf/4.7.3/../../../../../H-i686-mingw32/nios2-elf/lib/mno-hw-mul\libc.a(lib_a-int_errno.o)
                                0x17d (size before relaxing)
 .debug_str     0x0000152a       0xe6 c:/altera/13.1/nios2eds/bin/gnu/h-i686-mingw32/bin/../lib/gcc/nios2-elf/4.7.3/../../../../../H-i686-mingw32/nios2-elf/lib/mno-hw-mul\libc.a(lib_a-memcmp.o)
                                0x184 (size before relaxing)
 .debug_str     0x00001610       0x6c c:/altera/13.1/nios2eds/bin/gnu/h-i686-mingw32/bin/../lib/gcc/nios2-elf/4.7.3/../../../../../H-i686-mingw32/nios2-elf/lib/mno-hw-mul\libc.a(lib_a-memcpy.o)
                                0x134 (size before relaxing)
 .debug_str     0x0000167c       0x52 c:/altera/13.1/nios2eds/bin/gnu/h-i686-mingw32/bin/../lib/gcc/nios2-elf/4.7.3/../../../../../H-i686-mingw32/nios2-elf/lib/mno-hw-mul\libc.a(lib_a-strlen.o)
                                0x197 (size before relaxing)
 .debug_str     0x000016ce       0x40 c:/altera/13.1/nios2eds/bin/gnu/h-i686-mingw32/bin/../lib/gcc/nios2-elf/4.7.3/../../../../../H-i686-mingw32/nios2-elf/lib/mno-hw-mul\libc.a(lib_a-__atexit.o)
                                0x581 (size before relaxing)
 .debug_str     0x0000170e       0x64 c:/altera/13.1/nios2eds/bin/gnu/h-i686-mingw32/bin/../lib/gcc/nios2-elf/4.7.3/../../../../../H-i686-mingw32/nios2-elf/lib/mno-hw-mul\libc.a(lib_a-__call_atexit.o)
                                0x55f (size before relaxing)
 .debug_str     0x00001772      0x112 c:/altera/13.1/nios2eds/bin/gnu/h-i686-mingw32/bin/../lib/gcc/nios2-elf/4.7.3/mno-hw-mul\libgcc.a(lib2-divmod.o)
                                0x169 (size before relaxing)
 .debug_str     0x00001884       0x40 c:/altera/13.1/nios2eds/bin/gnu/h-i686-mingw32/bin/../lib/gcc/nios2-elf/4.7.3/mno-hw-mul\libgcc.a(lib2-mul.o)
                                0x12a (size before relaxing)
 .debug_str     0x000018c4       0x2a ../bai3_bsp/\libhal_bsp.a(alt_exit.o)
                                 0xf7 (size before relaxing)

.debug_loc      0x00000000     0x166f
 *(.debug_loc)
 .debug_loc     0x00000000       0x84 obj/default/hello_world.o
 .debug_loc     0x00000084       0x58 ../bai3_bsp/\libhal_bsp.a(alt_load.o)
 .debug_loc     0x000000dc       0x2c ../bai3_bsp/\libhal_bsp.a(alt_main.o)
 .debug_loc     0x00000108       0x2c ../bai3_bsp/\libhal_bsp.a(alt_usleep.o)
 .debug_loc     0x00000134       0x84 ../bai3_bsp/\libhal_bsp.a(alt_sys_init.o)
 .debug_loc     0x000001b8       0xb0 ../bai3_bsp/\libhal_bsp.a(altera_avalon_jtag_uart_fd.o)
 .debug_loc     0x00000268       0xb0 ../bai3_bsp/\libhal_bsp.a(altera_avalon_jtag_uart_init.o)
 .debug_loc     0x00000318       0x2c ../bai3_bsp/\libhal_bsp.a(altera_avalon_jtag_uart_ioctl.o)
 .debug_loc     0x00000344       0x2c ../bai3_bsp/\libhal_bsp.a(altera_avalon_jtag_uart_read.o)
 .debug_loc     0x00000370       0x2c ../bai3_bsp/\libhal_bsp.a(altera_avalon_jtag_uart_write.o)
 .debug_loc     0x0000039c       0x84 ../bai3_bsp/\libhal_bsp.a(altera_avalon_uart_fd.o)
 .debug_loc     0x00000420       0xdc ../bai3_bsp/\libhal_bsp.a(altera_avalon_uart_init.o)
 .debug_loc     0x000004fc       0x58 ../bai3_bsp/\libhal_bsp.a(altera_avalon_uart_read.o)
 .debug_loc     0x00000554       0x58 ../bai3_bsp/\libhal_bsp.a(altera_avalon_uart_write.o)
 .debug_loc     0x000005ac       0x2c ../bai3_bsp/\libhal_bsp.a(alt_alarm_start.o)
 .debug_loc     0x000005d8       0x2c ../bai3_bsp/\libhal_bsp.a(alt_busy_sleep.o)
 .debug_loc     0x00000604       0x58 ../bai3_bsp/\libhal_bsp.a(alt_close.o)
 .debug_loc     0x0000065c       0x2c ../bai3_bsp/\libhal_bsp.a(alt_dcache_flush_all.o)
 .debug_loc     0x00000688       0x2c ../bai3_bsp/\libhal_bsp.a(alt_dev.o)
 .debug_loc     0x000006b4       0x58 ../bai3_bsp/\libhal_bsp.a(alt_dev_llist_insert.o)
 .debug_loc     0x0000070c       0x2c ../bai3_bsp/\libhal_bsp.a(alt_do_ctors.o)
 .debug_loc     0x00000738       0x2c ../bai3_bsp/\libhal_bsp.a(alt_do_dtors.o)
 .debug_loc     0x00000764       0x2c ../bai3_bsp/\libhal_bsp.a(alt_icache_flush_all.o)
 .debug_loc     0x00000790       0xb0 ../bai3_bsp/\libhal_bsp.a(alt_iic.o)
 .debug_loc     0x00000840       0x2c ../bai3_bsp/\libhal_bsp.a(alt_iic_isr_register.o)
 .debug_loc     0x0000086c       0x58 ../bai3_bsp/\libhal_bsp.a(alt_io_redirect.o)
 .debug_loc     0x000008c4       0x2c ../bai3_bsp/\libhal_bsp.a(alt_irq_handler.o)
 .debug_loc     0x000008f0       0x84 ../bai3_bsp/\libhal_bsp.a(alt_open.o)
 .debug_loc     0x00000974       0x2c ../bai3_bsp/\libhal_bsp.a(alt_release_fd.o)
 .debug_loc     0x000009a0       0x58 ../bai3_bsp/\libhal_bsp.a(alt_tick.o)
 .debug_loc     0x000009f8       0x2c ../bai3_bsp/\libhal_bsp.a(altera_nios2_qsys_irq.o)
 .debug_loc     0x00000a24       0x2c ../bai3_bsp/\libhal_bsp.a(alt_find_dev.o)
 .debug_loc     0x00000a50       0x2c ../bai3_bsp/\libhal_bsp.a(alt_find_file.o)
 .debug_loc     0x00000a7c       0x2c ../bai3_bsp/\libhal_bsp.a(alt_get_fd.o)
 .debug_loc     0x00000aa8       0x2c c:/altera/13.1/nios2eds/bin/gnu/h-i686-mingw32/bin/../lib/gcc/nios2-elf/4.7.3/../../../../../H-i686-mingw32/nios2-elf/lib/mno-hw-mul\libc.a(lib_a-atexit.o)
 .debug_loc     0x00000ad4       0x3e c:/altera/13.1/nios2eds/bin/gnu/h-i686-mingw32/bin/../lib/gcc/nios2-elf/4.7.3/../../../../../H-i686-mingw32/nios2-elf/lib/mno-hw-mul\libc.a(lib_a-exit.o)
 .debug_loc     0x00000b12      0x103 c:/altera/13.1/nios2eds/bin/gnu/h-i686-mingw32/bin/../lib/gcc/nios2-elf/4.7.3/../../../../../H-i686-mingw32/nios2-elf/lib/mno-hw-mul\libc.a(lib_a-memcmp.o)
 .debug_loc     0x00000c15      0x29c c:/altera/13.1/nios2eds/bin/gnu/h-i686-mingw32/bin/../lib/gcc/nios2-elf/4.7.3/../../../../../H-i686-mingw32/nios2-elf/lib/mno-hw-mul\libc.a(lib_a-memcpy.o)
 .debug_loc     0x00000eb1       0x52 c:/altera/13.1/nios2eds/bin/gnu/h-i686-mingw32/bin/../lib/gcc/nios2-elf/4.7.3/../../../../../H-i686-mingw32/nios2-elf/lib/mno-hw-mul\libc.a(lib_a-strlen.o)
 .debug_loc     0x00000f03      0x194 c:/altera/13.1/nios2eds/bin/gnu/h-i686-mingw32/bin/../lib/gcc/nios2-elf/4.7.3/../../../../../H-i686-mingw32/nios2-elf/lib/mno-hw-mul\libc.a(lib_a-__atexit.o)
 .debug_loc     0x00001097      0x1e1 c:/altera/13.1/nios2eds/bin/gnu/h-i686-mingw32/bin/../lib/gcc/nios2-elf/4.7.3/../../../../../H-i686-mingw32/nios2-elf/lib/mno-hw-mul\libc.a(lib_a-__call_atexit.o)
 .debug_loc     0x00001278      0x338 c:/altera/13.1/nios2eds/bin/gnu/h-i686-mingw32/bin/../lib/gcc/nios2-elf/4.7.3/mno-hw-mul\libgcc.a(lib2-divmod.o)
 .debug_loc     0x000015b0       0x93 c:/altera/13.1/nios2eds/bin/gnu/h-i686-mingw32/bin/../lib/gcc/nios2-elf/4.7.3/mno-hw-mul\libgcc.a(lib2-mul.o)
 .debug_loc     0x00001643       0x2c ../bai3_bsp/\libhal_bsp.a(alt_exit.o)

.debug_macinfo
 *(.debug_macinfo)

.debug_weaknames
 *(.debug_weaknames)

.debug_funcnames
 *(.debug_funcnames)

.debug_typenames
 *(.debug_typenames)

.debug_varnames
 *(.debug_varnames)

.debug_alt_sim_info
                0x00000000       0x40
 *(.debug_alt_sim_info)
 .debug_alt_sim_info
                0x00000000       0x10 ../bai3_bsp//obj/HAL/src/crt0.o
 .debug_alt_sim_info
                0x00000010       0x30 ../bai3_bsp/\libhal_bsp.a(alt_busy_sleep.o)
                0x000e1a80                __alt_data_end = 0xe1a80
                0x000e1a80                PROVIDE (__alt_stack_pointer, __alt_data_end)
                0x0008627c                PROVIDE (__alt_stack_limit, __alt_stack_base)
                0x0008627c                PROVIDE (__alt_heap_start, end)
                0x000e1a80                PROVIDE (__alt_heap_limit, 0xe1a80)
OUTPUT(bai3.elf elf32-littlenios2)

.debug_ranges   0x00000000      0x118
 .debug_ranges  0x00000000       0x20 ../bai3_bsp//obj/HAL/src/crt0.o
 .debug_ranges  0x00000020       0x30 ../bai3_bsp/\libhal_bsp.a(altera_avalon_jtag_uart_init.o)
 .debug_ranges  0x00000050       0x18 ../bai3_bsp/\libhal_bsp.a(altera_avalon_jtag_uart_read.o)
 .debug_ranges  0x00000068       0x30 ../bai3_bsp/\libhal_bsp.a(alt_iic.o)
 .debug_ranges  0x00000098       0x28 ../bai3_bsp/\libhal_bsp.a(alt_irq_entry.o)
 .debug_ranges  0x000000c0       0x10 ../bai3_bsp/\libhal_bsp.a(alt_irq_handler.o)
 .debug_ranges  0x000000d0       0x30 ../bai3_bsp/\libhal_bsp.a(alt_exception_entry.o)
 .debug_ranges  0x00000100       0x18 c:/altera/13.1/nios2eds/bin/gnu/h-i686-mingw32/bin/../lib/gcc/nios2-elf/4.7.3/../../../../../H-i686-mingw32/nios2-elf/lib/mno-hw-mul\libc.a(lib_a-__call_atexit.o)
