Archive member included because of file (symbol)

c:/altera/13.0sp1/nios2eds/bin/gnu/h-i686-mingw32/bin/../lib/gcc/nios2-elf/4.1.2\libgcc.a(lib2-divmod.o)
                              obj/default/hello_world.o (__divsi3)
c:/altera/13.0sp1/nios2eds/bin/gnu/h-i686-mingw32/bin/../lib/gcc/nios2-elf/4.1.2/../../../../nios2-elf/lib\libsmallc.a(lib_a-printf.o)
                              obj/default/hello_world.o (printf)
c:/altera/13.0sp1/nios2eds/bin/gnu/h-i686-mingw32/bin/../lib/gcc/nios2-elf/4.1.2/../../../../nios2-elf/lib\libsmallc.a(lib_a-puts.o)
                              obj/default/hello_world.o (puts)
c:/altera/13.0sp1/nios2eds/bin/gnu/h-i686-mingw32/bin/../lib/gcc/nios2-elf/4.1.2/../../../../nios2-elf/lib\libsmallc.a(lib_a-strlen.o)
                              c:/altera/13.0sp1/nios2eds/bin/gnu/h-i686-mingw32/bin/../lib/gcc/nios2-elf/4.1.2/../../../../nios2-elf/lib\libsmallc.a(lib_a-puts.o) (strlen)
c:/altera/13.0sp1/nios2eds/bin/gnu/h-i686-mingw32/bin/../lib/gcc/nios2-elf/4.1.2/../../../../nios2-elf/lib\libsmallc.a(lib_a-vfprintf.o)
                              c:/altera/13.0sp1/nios2eds/bin/gnu/h-i686-mingw32/bin/../lib/gcc/nios2-elf/4.1.2/../../../../nios2-elf/lib\libsmallc.a(lib_a-printf.o) (___vfprintf_internal_r)
c:/altera/13.0sp1/nios2eds/bin/gnu/h-i686-mingw32/bin/../lib/gcc/nios2-elf/4.1.2/../../../../nios2-elf/lib\libsmallc.a(lib_a-fvwrite_small_dev.o)
                              c:/altera/13.0sp1/nios2eds/bin/gnu/h-i686-mingw32/bin/../lib/gcc/nios2-elf/4.1.2/../../../../nios2-elf/lib\libsmallc.a(lib_a-printf.o) (__sfvwrite_small_dev)
c:/altera/13.0sp1/nios2eds/bin/gnu/h-i686-mingw32/bin/../lib/gcc/nios2-elf/4.1.2/../../../../nios2-elf/lib\libsmallc.a(lib_a-impure.o)
                              c:/altera/13.0sp1/nios2eds/bin/gnu/h-i686-mingw32/bin/../lib/gcc/nios2-elf/4.1.2/../../../../nios2-elf/lib\libsmallc.a(lib_a-printf.o) (_impure_ptr)
c:/altera/13.0sp1/nios2eds/bin/gnu/h-i686-mingw32/bin/../lib/gcc/nios2-elf/4.1.2/../../../../nios2-elf/lib\libsmallc.a(lib_a-writer.o)
                              c:/altera/13.0sp1/nios2eds/bin/gnu/h-i686-mingw32/bin/../lib/gcc/nios2-elf/4.1.2/../../../../nios2-elf/lib\libsmallc.a(lib_a-fvwrite_small_dev.o) (_write_r)
c:/altera/13.0sp1/nios2eds/bin/gnu/h-i686-mingw32/bin/../lib/gcc/nios2-elf/4.1.2/../../../../nios2-elf/lib\libsmallc.a(lib_a-int_errno.o)
                              c:/altera/13.0sp1/nios2eds/bin/gnu/h-i686-mingw32/bin/../lib/gcc/nios2-elf/4.1.2/../../../../nios2-elf/lib\libsmallc.a(lib_a-writer.o) (errno)
../bai3_bsp/\libhal_bsp.a(alt_iic.o)
                              obj/default/hello_world.o (alt_ic_isr_register)
../bai3_bsp/\libhal_bsp.a(alt_iic_isr_register.o)
                              ../bai3_bsp/\libhal_bsp.a(alt_iic.o) (alt_iic_isr_register)
../bai3_bsp/\libhal_bsp.a(alt_irq_entry.o)
                              ../bai3_bsp/\libhal_bsp.a(alt_iic_isr_register.o) (alt_irq_entry)
../bai3_bsp/\libhal_bsp.a(alt_irq_handler.o)
                              ../bai3_bsp/\libhal_bsp.a(alt_iic_isr_register.o) (alt_irq_handler)
../bai3_bsp/\libhal_bsp.a(alt_irq_vars.o)
                              ../bai3_bsp/\libhal_bsp.a(alt_iic.o) (alt_irq_active)
../bai3_bsp/\libhal_bsp.a(alt_load.o)
                              ../bai3_bsp//obj/HAL/src/crt0.o (alt_load)
../bai3_bsp/\libhal_bsp.a(alt_main.o)
                              ../bai3_bsp//obj/HAL/src/crt0.o (alt_main)
../bai3_bsp/\libhal_bsp.a(alt_write.o)
                              c:/altera/13.0sp1/nios2eds/bin/gnu/h-i686-mingw32/bin/../lib/gcc/nios2-elf/4.1.2/../../../../nios2-elf/lib\libsmallc.a(lib_a-writer.o) (write)
../bai3_bsp/\libhal_bsp.a(alt_sys_init.o)
                              ../bai3_bsp/\libhal_bsp.a(alt_main.o) (alt_irq_init)
../bai3_bsp/\libhal_bsp.a(altera_avalon_jtag_uart_fd.o)
                              ../bai3_bsp/\libhal_bsp.a(alt_sys_init.o) (altera_avalon_jtag_uart_read_fd)
../bai3_bsp/\libhal_bsp.a(altera_avalon_jtag_uart_read.o)
                              ../bai3_bsp/\libhal_bsp.a(altera_avalon_jtag_uart_fd.o) (altera_avalon_jtag_uart_read)
../bai3_bsp/\libhal_bsp.a(altera_avalon_jtag_uart_write.o)
                              ../bai3_bsp/\libhal_bsp.a(altera_avalon_jtag_uart_fd.o) (altera_avalon_jtag_uart_write)
../bai3_bsp/\libhal_bsp.a(altera_avalon_timer_sc.o)
                              ../bai3_bsp/\libhal_bsp.a(alt_sys_init.o) (alt_avalon_timer_sc_init)
../bai3_bsp/\libhal_bsp.a(alt_close.o)
                              ../bai3_bsp/\libhal_bsp.a(alt_main.o) (close)
../bai3_bsp/\libhal_bsp.a(alt_dcache_flush_all.o)
                              ../bai3_bsp/\libhal_bsp.a(alt_load.o) (alt_dcache_flush_all)
../bai3_bsp/\libhal_bsp.a(alt_dev.o)
                              ../bai3_bsp/\libhal_bsp.a(alt_sys_init.o) (alt_dev_list)
../bai3_bsp/\libhal_bsp.a(alt_dev_llist_insert.o)
                              ../bai3_bsp/\libhal_bsp.a(alt_sys_init.o) (alt_dev_llist_insert)
../bai3_bsp/\libhal_bsp.a(alt_do_ctors.o)
                              ../bai3_bsp/\libhal_bsp.a(alt_main.o) (_do_ctors)
../bai3_bsp/\libhal_bsp.a(alt_do_dtors.o)
                              ../bai3_bsp/\libhal_bsp.a(alt_main.o) (_do_dtors)
../bai3_bsp/\libhal_bsp.a(alt_errno.o)
                              ../bai3_bsp/\libhal_bsp.a(alt_write.o) (alt_errno)
../bai3_bsp/\libhal_bsp.a(alt_exception_entry.o)
                              ../bai3_bsp/\libhal_bsp.a(alt_irq_entry.o) (alt_exception)
../bai3_bsp/\libhal_bsp.a(alt_icache_flush_all.o)
                              ../bai3_bsp/\libhal_bsp.a(alt_load.o) (alt_icache_flush_all)
../bai3_bsp/\libhal_bsp.a(alt_io_redirect.o)
                              ../bai3_bsp/\libhal_bsp.a(alt_main.o) (alt_io_redirect)
../bai3_bsp/\libhal_bsp.a(alt_open.o)
                              ../bai3_bsp/\libhal_bsp.a(alt_io_redirect.o) (open)
../bai3_bsp/\libhal_bsp.a(alt_release_fd.o)
                              ../bai3_bsp/\libhal_bsp.a(alt_close.o) (alt_release_fd)
../bai3_bsp/\libhal_bsp.a(alt_tick.o)
                              ../bai3_bsp/\libhal_bsp.a(altera_avalon_timer_sc.o) (_alt_tick_rate)
../bai3_bsp/\libhal_bsp.a(altera_nios2_qsys_irq.o)
                              ../bai3_bsp/\libhal_bsp.a(alt_sys_init.o) (altera_nios2_qsys_irq_init)
../bai3_bsp/\libhal_bsp.a(alt_find_dev.o)
                              ../bai3_bsp/\libhal_bsp.a(alt_open.o) (alt_find_dev)
../bai3_bsp/\libhal_bsp.a(alt_find_file.o)
                              ../bai3_bsp/\libhal_bsp.a(alt_open.o) (alt_find_file)
../bai3_bsp/\libhal_bsp.a(alt_get_fd.o)
                              ../bai3_bsp/\libhal_bsp.a(alt_open.o) (alt_get_fd)
../bai3_bsp/\libhal_bsp.a(alt_icache_flush.o)
                              ../bai3_bsp/\libhal_bsp.a(alt_icache_flush_all.o) (alt_icache_flush)
c:/altera/13.0sp1/nios2eds/bin/gnu/h-i686-mingw32/bin/../lib/gcc/nios2-elf/4.1.2/../../../../nios2-elf/lib\libsmallc.a(lib_a-atexit.o)
                              ../bai3_bsp/\libhal_bsp.a(alt_main.o) (atexit)
c:/altera/13.0sp1/nios2eds/bin/gnu/h-i686-mingw32/bin/../lib/gcc/nios2-elf/4.1.2/../../../../nios2-elf/lib\libsmallc.a(lib_a-exit.o)
                              ../bai3_bsp/\libhal_bsp.a(alt_main.o) (exit)
c:/altera/13.0sp1/nios2eds/bin/gnu/h-i686-mingw32/bin/../lib/gcc/nios2-elf/4.1.2/../../../../nios2-elf/lib\libsmallc.a(lib_a-memcmp.o)
                              ../bai3_bsp/\libhal_bsp.a(alt_find_dev.o) (memcmp)
c:/altera/13.0sp1/nios2eds/bin/gnu/h-i686-mingw32/bin/../lib/gcc/nios2-elf/4.1.2/../../../../nios2-elf/lib\libsmallc.a(lib_a-__atexit.o)
                              c:/altera/13.0sp1/nios2eds/bin/gnu/h-i686-mingw32/bin/../lib/gcc/nios2-elf/4.1.2/../../../../nios2-elf/lib\libsmallc.a(lib_a-atexit.o) (__register_exitproc)
c:/altera/13.0sp1/nios2eds/bin/gnu/h-i686-mingw32/bin/../lib/gcc/nios2-elf/4.1.2/../../../../nios2-elf/lib\libsmallc.a(lib_a-__call_atexit.o)
                              c:/altera/13.0sp1/nios2eds/bin/gnu/h-i686-mingw32/bin/../lib/gcc/nios2-elf/4.1.2/../../../../nios2-elf/lib\libsmallc.a(lib_a-exit.o) (__call_exitprocs)
../bai3_bsp/\libhal_bsp.a(alt_exit.o)
                              c:/altera/13.0sp1/nios2eds/bin/gnu/h-i686-mingw32/bin/../lib/gcc/nios2-elf/4.1.2/../../../../nios2-elf/lib\libsmallc.a(lib_a-exit.o) (_exit)

Allocating common symbols
Common symbol       size              file

alt_irq             0x100             ../bai3_bsp/\libhal_bsp.a(alt_irq_handler.o)
errno               0x4               c:/altera/13.0sp1/nios2eds/bin/gnu/h-i686-mingw32/bin/../lib/gcc/nios2-elf/4.1.2/../../../../nios2-elf/lib\libsmallc.a(lib_a-int_errno.o)
_atexit0            0x8c              c:/altera/13.0sp1/nios2eds/bin/gnu/h-i686-mingw32/bin/../lib/gcc/nios2-elf/4.1.2/../../../../nios2-elf/lib\libsmallc.a(lib_a-atexit.o)

Memory Configuration

Name             Origin             Length             Attributes
reset            0x00010000         0x00000020
onchip_memory2_0 0x00010020         0x00009c20
*default*        0x00000000         0xffffffff

Linker script and memory map

LOAD ../bai3_bsp//obj/HAL/src/crt0.o
LOAD obj/default/hello_world.o
LOAD c:/altera/13.0sp1/nios2eds/bin/gnu/h-i686-mingw32/bin/../lib/gcc/nios2-elf/4.1.2/../../../../nios2-elf/lib\libstdc++.a
LOAD c:/altera/13.0sp1/nios2eds/bin/gnu/h-i686-mingw32/bin/../lib/gcc/nios2-elf/4.1.2/../../../../nios2-elf/lib\libm.a
LOAD c:/altera/13.0sp1/nios2eds/bin/gnu/h-i686-mingw32/bin/../lib/gcc/nios2-elf/4.1.2\libgcc.a
START GROUP
LOAD c:/altera/13.0sp1/nios2eds/bin/gnu/h-i686-mingw32/bin/../lib/gcc/nios2-elf/4.1.2/../../../../nios2-elf/lib\libsmallc.a
LOAD c:/altera/13.0sp1/nios2eds/bin/gnu/h-i686-mingw32/bin/../lib/gcc/nios2-elf/4.1.2\libgcc.a
LOAD ../bai3_bsp/\libhal_bsp.a
END GROUP
LOAD c:/altera/13.0sp1/nios2eds/bin/gnu/h-i686-mingw32/bin/../lib/gcc/nios2-elf/4.1.2\libgcc.a
                0x00010000                __alt_mem_onchip_memory2_0 = 0x10000

.entry          0x00010000       0x20
 *(.entry)
 .entry         0x00010000       0x20 ../bai3_bsp//obj/HAL/src/crt0.o
                0x00010000                __reset

.exceptions     0x00010020      0x194
                0x00010020                PROVIDE (__ram_exceptions_start, ABSOLUTE (.))
                0x00010020                . = ALIGN (0x20)
 *(.irq)
 *(.exceptions.entry.label)
 .exceptions.entry.label
                0x00010020        0x0 ../bai3_bsp/\libhal_bsp.a(alt_irq_entry.o)
                0x00010020                alt_irq_entry
 .exceptions.entry.label
                0x00010020        0x0 ../bai3_bsp/\libhal_bsp.a(alt_exception_entry.o)
                0x00010020                alt_exception
 *(.exceptions.entry.user)
 *(.exceptions.entry)
 .exceptions.entry
                0x00010020       0x54 ../bai3_bsp/\libhal_bsp.a(alt_exception_entry.o)
 *(.exceptions.irqtest.user)
 *(.exceptions.irqtest)
 .exceptions.irqtest
                0x00010074       0x10 ../bai3_bsp/\libhal_bsp.a(alt_irq_entry.o)
 *(.exceptions.irqhandler.user)
 *(.exceptions.irqhandler)
 .exceptions.irqhandler
                0x00010084        0x4 ../bai3_bsp/\libhal_bsp.a(alt_irq_entry.o)
 *(.exceptions.irqreturn.user)
 *(.exceptions.irqreturn)
 .exceptions.irqreturn
                0x00010088        0x4 ../bai3_bsp/\libhal_bsp.a(alt_irq_entry.o)
 *(.exceptions.notirq.label)
 .exceptions.notirq.label
                0x0001008c        0x0 ../bai3_bsp/\libhal_bsp.a(alt_irq_entry.o)
 *(.exceptions.notirq.user)
 *(.exceptions.notirq)
 .exceptions.notirq
                0x0001008c        0x8 ../bai3_bsp/\libhal_bsp.a(alt_exception_entry.o)
 *(.exceptions.soft.user)
 *(.exceptions.soft)
 *(.exceptions.unknown.user)
 *(.exceptions.unknown)
 .exceptions.unknown
                0x00010094        0x4 ../bai3_bsp/\libhal_bsp.a(alt_exception_entry.o)
 *(.exceptions.exit.label)
 .exceptions.exit.label
                0x00010098        0x0 ../bai3_bsp/\libhal_bsp.a(alt_irq_entry.o)
 .exceptions.exit.label
                0x00010098        0x0 ../bai3_bsp/\libhal_bsp.a(alt_exception_entry.o)
 *(.exceptions.exit.user)
 *(.exceptions.exit)
 .exceptions.exit
                0x00010098       0x54 ../bai3_bsp/\libhal_bsp.a(alt_exception_entry.o)
 *(.exceptions)
 .exceptions    0x000100ec       0xc8 ../bai3_bsp/\libhal_bsp.a(alt_irq_handler.o)
                0x000100ec                alt_irq_handler
                0x000101b4                PROVIDE (__ram_exceptions_end, ABSOLUTE (.))
                0x00010020                PROVIDE (__flash_exceptions_start, LOADADDR (.exceptions))

.text           0x000101b4     0x2a04
                0x000101b4                PROVIDE (stext, ABSOLUTE (.))
 *(.interp)
 *(.hash)
 *(.dynsym)
 *(.dynstr)
 *(.gnu.version)
 *(.gnu.version_d)
 *(.gnu.version_r)
 *(.rel.init)
 *(.rela.init)
 *(.rel.text .rel.text.* .rel.gnu.linkonce.t.*)
 *(.rela.text .rela.text.* .rela.gnu.linkonce.t.*)
 *(.rel.fini)
 *(.rela.fini)
 *(.rel.rodata .rel.rodata.* .rel.gnu.linkonce.r.*)
 *(.rela.rodata .rela.rodata.* .rela.gnu.linkonce.r.*)
 *(.rel.data .rel.data.* .rel.gnu.linkonce.d.*)
 *(.rela.data .rela.data.* .rela.gnu.linkonce.d.*)
 *(.rel.tdata .rel.tdata.* .rel.gnu.linkonce.td.*)
 *(.rela.tdata .rela.tdata.* .rela.gnu.linkonce.td.*)
 *(.rel.tbss .rel.tbss.* .rel.gnu.linkonce.tb.*)
 *(.rela.tbss .rela.tbss.* .rela.gnu.linkonce.tb.*)
 *(.rel.ctors)
 *(.rela.ctors)
 *(.rel.dtors)
 *(.rela.dtors)
 *(.rel.got)
 *(.rela.got)
 *(.rel.sdata .rel.sdata.* .rel.gnu.linkonce.s.*)
 *(.rela.sdata .rela.sdata.* .rela.gnu.linkonce.s.*)
 *(.rel.sbss .rel.sbss.* .rel.gnu.linkonce.sb.*)
 *(.rela.sbss .rela.sbss.* .rela.gnu.linkonce.sb.*)
 *(.rel.sdata2 .rel.sdata2.* .rel.gnu.linkonce.s2.*)
 *(.rela.sdata2 .rela.sdata2.* .rela.gnu.linkonce.s2.*)
 *(.rel.sbss2 .rel.sbss2.* .rel.gnu.linkonce.sb2.*)
 *(.rela.sbss2 .rela.sbss2.* .rela.gnu.linkonce.sb2.*)
 *(.rel.bss .rel.bss.* .rel.gnu.linkonce.b.*)
 *(.rela.bss .rela.bss.* .rela.gnu.linkonce.b.*)
 *(.rel.plt)
 *(.rela.plt)
 *(.rel.dyn)
 *(.init)
 *(.plt)
 *(.text .stub .text.* .gnu.linkonce.t.*)
 .text          0x000101b4       0x1c ../bai3_bsp//obj/HAL/src/crt0.o
                0x000101b4                _start
 .text          0x000101d0      0x4b8 obj/default/hello_world.o
                0x000101d0                Timer_IRQ_Handler
                0x0001035c                Timer_Init
                0x000103cc                main
 .text          0x00010688      0x14c c:/altera/13.0sp1/nios2eds/bin/gnu/h-i686-mingw32/bin/../lib/gcc/nios2-elf/4.1.2\libgcc.a(lib2-divmod.o)
                0x00010704                __divsi3
                0x00010764                __modsi3
                0x000107c4                __udivsi3
                0x000107cc                __umodsi3
 .text          0x000107d4       0x98 c:/altera/13.0sp1/nios2eds/bin/gnu/h-i686-mingw32/bin/../lib/gcc/nios2-elf/4.1.2/../../../../nios2-elf/lib\libsmallc.a(lib_a-printf.o)
                0x000107d4                printf
                0x00010828                _printf_r
 .text          0x0001086c       0xa4 c:/altera/13.0sp1/nios2eds/bin/gnu/h-i686-mingw32/bin/../lib/gcc/nios2-elf/4.1.2/../../../../nios2-elf/lib\libsmallc.a(lib_a-puts.o)
                0x0001086c                _puts_r
                0x000108fc                puts
 .text          0x00010910       0x20 c:/altera/13.0sp1/nios2eds/bin/gnu/h-i686-mingw32/bin/../lib/gcc/nios2-elf/4.1.2/../../../../nios2-elf/lib\libsmallc.a(lib_a-strlen.o)
                0x00010910                strlen
 .text          0x00010930      0x6d4 c:/altera/13.0sp1/nios2eds/bin/gnu/h-i686-mingw32/bin/../lib/gcc/nios2-elf/4.1.2/../../../../nios2-elf/lib\libsmallc.a(lib_a-vfprintf.o)
                0x000109b0                ___vfprintf_internal_r
                0x00010fe0                __vfprintf_internal
 .text          0x00011004       0xbc c:/altera/13.0sp1/nios2eds/bin/gnu/h-i686-mingw32/bin/../lib/gcc/nios2-elf/4.1.2/../../../../nios2-elf/lib\libsmallc.a(lib_a-fvwrite_small_dev.o)
                0x00011004                __sfvwrite_small_dev
 .text          0x000110c0        0x0 c:/altera/13.0sp1/nios2eds/bin/gnu/h-i686-mingw32/bin/../lib/gcc/nios2-elf/4.1.2/../../../../nios2-elf/lib\libsmallc.a(lib_a-impure.o)
 .text          0x000110c0       0x78 c:/altera/13.0sp1/nios2eds/bin/gnu/h-i686-mingw32/bin/../lib/gcc/nios2-elf/4.1.2/../../../../nios2-elf/lib\libsmallc.a(lib_a-writer.o)
                0x000110c0                _write_r
 .text          0x00011138        0x0 c:/altera/13.0sp1/nios2eds/bin/gnu/h-i686-mingw32/bin/../lib/gcc/nios2-elf/4.1.2/../../../../nios2-elf/lib\libsmallc.a(lib_a-int_errno.o)
 .text          0x00011138      0x1d4 ../bai3_bsp/\libhal_bsp.a(alt_iic.o)
                0x00011138                alt_ic_isr_register
                0x00011188                alt_ic_irq_enable
                0x00011224                alt_ic_irq_disable
                0x000112c4                alt_ic_irq_enabled
 .text          0x0001130c       0xf8 ../bai3_bsp/\libhal_bsp.a(alt_iic_isr_register.o)
                0x0001130c                alt_iic_isr_register
 .text          0x00011404        0x0 ../bai3_bsp/\libhal_bsp.a(alt_irq_entry.o)
 .text          0x00011404        0x0 ../bai3_bsp/\libhal_bsp.a(alt_irq_handler.o)
 .text          0x00011404        0x0 ../bai3_bsp/\libhal_bsp.a(alt_irq_vars.o)
 .text          0x00011404       0xec ../bai3_bsp/\libhal_bsp.a(alt_load.o)
                0x00011404                alt_load
 .text          0x000114f0       0x6c ../bai3_bsp/\libhal_bsp.a(alt_main.o)
                0x000114f0                alt_main
 .text          0x0001155c      0x180 ../bai3_bsp/\libhal_bsp.a(alt_write.o)
                0x0001155c                write
 .text          0x000116dc       0xb4 ../bai3_bsp/\libhal_bsp.a(alt_sys_init.o)
                0x000116dc                alt_irq_init
                0x00011710                alt_sys_init
 .text          0x00011790       0xb0 ../bai3_bsp/\libhal_bsp.a(altera_avalon_jtag_uart_fd.o)
                0x00011790                altera_avalon_jtag_uart_read_fd
                0x000117e8                altera_avalon_jtag_uart_write_fd
 .text          0x00011840      0x104 ../bai3_bsp/\libhal_bsp.a(altera_avalon_jtag_uart_read.o)
                0x00011840                altera_avalon_jtag_uart_read
 .text          0x00011944       0xa4 ../bai3_bsp/\libhal_bsp.a(altera_avalon_jtag_uart_write.o)
                0x00011944                altera_avalon_jtag_uart_write
 .text          0x000119e8      0x100 ../bai3_bsp/\libhal_bsp.a(altera_avalon_timer_sc.o)
                0x00011a58                alt_avalon_timer_sc_init
 .text          0x00011ae8      0x15c ../bai3_bsp/\libhal_bsp.a(alt_close.o)
                0x00011ae8                close
 .text          0x00011c44       0x1c ../bai3_bsp/\libhal_bsp.a(alt_dcache_flush_all.o)
                0x00011c44                alt_dcache_flush_all
 .text          0x00011c60       0x2c ../bai3_bsp/\libhal_bsp.a(alt_dev.o)
 .text          0x00011c8c      0x114 ../bai3_bsp/\libhal_bsp.a(alt_dev_llist_insert.o)
                0x00011c8c                alt_dev_llist_insert
 .text          0x00011da0       0x64 ../bai3_bsp/\libhal_bsp.a(alt_do_ctors.o)
                0x00011da0                _do_ctors
 .text          0x00011e04       0x64 ../bai3_bsp/\libhal_bsp.a(alt_do_dtors.o)
                0x00011e04                _do_dtors
 .text          0x00011e68        0x0 ../bai3_bsp/\libhal_bsp.a(alt_errno.o)
 .text          0x00011e68        0x0 ../bai3_bsp/\libhal_bsp.a(alt_exception_entry.o)
 .text          0x00011e68       0x30 ../bai3_bsp/\libhal_bsp.a(alt_icache_flush_all.o)
                0x00011e68                alt_icache_flush_all
 .text          0x00011e98      0x13c ../bai3_bsp/\libhal_bsp.a(alt_io_redirect.o)
                0x00011f5c                alt_io_redirect
 .text          0x00011fd4      0x2c4 ../bai3_bsp/\libhal_bsp.a(alt_open.o)
                0x000120b0                open
 .text          0x00012298       0x60 ../bai3_bsp/\libhal_bsp.a(alt_release_fd.o)
                0x00012298                alt_release_fd
 .text          0x000122f8      0x1a4 ../bai3_bsp/\libhal_bsp.a(alt_tick.o)
                0x000122f8                alt_alarm_stop
                0x00012390                alt_tick
 .text          0x0001249c       0x20 ../bai3_bsp/\libhal_bsp.a(altera_nios2_qsys_irq.o)
                0x0001249c                altera_nios2_qsys_irq_init
 .text          0x000124bc       0x94 ../bai3_bsp/\libhal_bsp.a(alt_find_dev.o)
                0x000124bc                alt_find_dev
 .text          0x00012550      0x120 ../bai3_bsp/\libhal_bsp.a(alt_find_file.o)
                0x00012550                alt_find_file
 .text          0x00012670       0xb8 ../bai3_bsp/\libhal_bsp.a(alt_get_fd.o)
                0x00012670                alt_get_fd
 .text          0x00012728       0x90 ../bai3_bsp/\libhal_bsp.a(alt_icache_flush.o)
                0x00012728                alt_icache_flush
 .text          0x000127b8       0x14 c:/altera/13.0sp1/nios2eds/bin/gnu/h-i686-mingw32/bin/../lib/gcc/nios2-elf/4.1.2/../../../../nios2-elf/lib\libsmallc.a(lib_a-atexit.o)
                0x000127b8                atexit
 .text          0x000127cc       0x20 c:/altera/13.0sp1/nios2eds/bin/gnu/h-i686-mingw32/bin/../lib/gcc/nios2-elf/4.1.2/../../../../nios2-elf/lib\libsmallc.a(lib_a-exit.o)
                0x000127cc                exit
 .text          0x000127ec       0x3c c:/altera/13.0sp1/nios2eds/bin/gnu/h-i686-mingw32/bin/../lib/gcc/nios2-elf/4.1.2/../../../../nios2-elf/lib\libsmallc.a(lib_a-memcmp.o)
                0x000127ec                memcmp
 .text          0x00012828      0x16c c:/altera/13.0sp1/nios2eds/bin/gnu/h-i686-mingw32/bin/../lib/gcc/nios2-elf/4.1.2/../../../../nios2-elf/lib\libsmallc.a(lib_a-__atexit.o)
                0x00012828                __register_exitproc
 .text          0x00012994      0x1c0 c:/altera/13.0sp1/nios2eds/bin/gnu/h-i686-mingw32/bin/../lib/gcc/nios2-elf/4.1.2/../../../../nios2-elf/lib\libsmallc.a(lib_a-__call_atexit.o)
                0x00012998                __call_exitprocs
 .text          0x00012b54       0x60 ../bai3_bsp/\libhal_bsp.a(alt_exit.o)
                0x00012b94                _exit
 *(.gnu.warning.*)
 *(.fini)
                0x00012bb4                PROVIDE (__etext, ABSOLUTE (.))
                0x00012bb4                PROVIDE (_etext, ABSOLUTE (.))
                0x00012bb4                PROVIDE (etext, ABSOLUTE (.))
 *(.eh_frame_hdr)
                0x00012bb4                . = ALIGN (0x4)
                0x00012bb4                PROVIDE (__preinit_array_start, ABSOLUTE (.))
 *(.preinit_array)
                0x00012bb4                PROVIDE (__preinit_array_end, ABSOLUTE (.))
                0x00012bb4                PROVIDE (__init_array_start, ABSOLUTE (.))
 *(.init_array)
                0x00012bb4                PROVIDE (__init_array_end, ABSOLUTE (.))
                0x00012bb4                PROVIDE (__fini_array_start, ABSOLUTE (.))
 *(.fini_array)
                0x00012bb4                PROVIDE (__fini_array_end, ABSOLUTE (.))
 *(.eh_frame)
 *(.gcc_except_table)
 *(.dynamic)
                0x00012bb4                PROVIDE (__CTOR_LIST__, ABSOLUTE (.))
 *(.ctors)
 *(SORT(.ctors.*))
 .ctors.65535   0x00012bb4        0x4 c:/altera/13.0sp1/nios2eds/bin/gnu/h-i686-mingw32/bin/../lib/gcc/nios2-elf/4.1.2/../../../../nios2-elf/lib\libsmallc.a(lib_a-__call_atexit.o)
                0x00012bb8                PROVIDE (__CTOR_END__, ABSOLUTE (.))
                0x00012bb8                PROVIDE (__DTOR_LIST__, ABSOLUTE (.))
 *(.dtors)
 *(SORT(.dtors.*))
                0x00012bb8                PROVIDE (__DTOR_END__, ABSOLUTE (.))
 *(.jcr)
                0x00012bb8                . = ALIGN (0x4)

.rodata         0x00012bb8       0x7c
                0x00012bb8                PROVIDE (__ram_rodata_start, ABSOLUTE (.))
                0x00012bb8                . = ALIGN (0x4)
 *(.rodata .rodata.* .gnu.linkonce.r.*)
 .rodata        0x00012bb8       0x44 obj/default/hello_world.o
                0x00012bb8                hex_table
 .rodata.str1.4
                0x00012bfc        0x4 c:/altera/13.0sp1/nios2eds/bin/gnu/h-i686-mingw32/bin/../lib/gcc/nios2-elf/4.1.2/../../../../nios2-elf/lib\libsmallc.a(lib_a-puts.o)
 .rodata        0x00012c00       0x14 ../bai3_bsp/\libhal_bsp.a(alt_main.o)
 .rodata        0x00012c14       0x14 ../bai3_bsp/\libhal_bsp.a(alt_sys_init.o)
 .rodata        0x00012c28        0xc ../bai3_bsp/\libhal_bsp.a(alt_dev.o)
 *(.rodata1)
                0x00012c34                . = ALIGN (0x4)
                0x00012c34                PROVIDE (__ram_rodata_end, ABSOLUTE (.))
                0x00012bb8                PROVIDE (__flash_rodata_start, LOADADDR (.rodata))

.rwdata         0x00012c34      0x2f8 load address 0x00012f2c
                0x00012c34                PROVIDE (__ram_rwdata_start, ABSOLUTE (.))
                0x00012c34                . = ALIGN (0x4)
 *(.got.plt)
 *(.got)
 *(.data1)
 *(.data .data.* .gnu.linkonce.d.*)
 .data          0x00012c34        0x0 ../bai3_bsp//obj/HAL/src/crt0.o
 .data          0x00012c34        0x0 obj/default/hello_world.o
 .data          0x00012c34        0x0 c:/altera/13.0sp1/nios2eds/bin/gnu/h-i686-mingw32/bin/../lib/gcc/nios2-elf/4.1.2\libgcc.a(lib2-divmod.o)
 .data          0x00012c34        0x0 c:/altera/13.0sp1/nios2eds/bin/gnu/h-i686-mingw32/bin/../lib/gcc/nios2-elf/4.1.2/../../../../nios2-elf/lib\libsmallc.a(lib_a-printf.o)
 .data          0x00012c34        0x0 c:/altera/13.0sp1/nios2eds/bin/gnu/h-i686-mingw32/bin/../lib/gcc/nios2-elf/4.1.2/../../../../nios2-elf/lib\libsmallc.a(lib_a-puts.o)
 .data          0x00012c34        0x0 c:/altera/13.0sp1/nios2eds/bin/gnu/h-i686-mingw32/bin/../lib/gcc/nios2-elf/4.1.2/../../../../nios2-elf/lib\libsmallc.a(lib_a-strlen.o)
 .data          0x00012c34        0x0 c:/altera/13.0sp1/nios2eds/bin/gnu/h-i686-mingw32/bin/../lib/gcc/nios2-elf/4.1.2/../../../../nios2-elf/lib\libsmallc.a(lib_a-vfprintf.o)
 .data          0x00012c34        0x0 c:/altera/13.0sp1/nios2eds/bin/gnu/h-i686-mingw32/bin/../lib/gcc/nios2-elf/4.1.2/../../../../nios2-elf/lib\libsmallc.a(lib_a-fvwrite_small_dev.o)
 .data          0x00012c34       0xe0 c:/altera/13.0sp1/nios2eds/bin/gnu/h-i686-mingw32/bin/../lib/gcc/nios2-elf/4.1.2/../../../../nios2-elf/lib\libsmallc.a(lib_a-impure.o)
 .data          0x00012d14        0x0 c:/altera/13.0sp1/nios2eds/bin/gnu/h-i686-mingw32/bin/../lib/gcc/nios2-elf/4.1.2/../../../../nios2-elf/lib\libsmallc.a(lib_a-writer.o)
 .data          0x00012d14        0x0 c:/altera/13.0sp1/nios2eds/bin/gnu/h-i686-mingw32/bin/../lib/gcc/nios2-elf/4.1.2/../../../../nios2-elf/lib\libsmallc.a(lib_a-int_errno.o)
 .data          0x00012d14        0x0 ../bai3_bsp/\libhal_bsp.a(alt_iic.o)
 .data          0x00012d14        0x0 ../bai3_bsp/\libhal_bsp.a(alt_iic_isr_register.o)
 .data          0x00012d14        0x0 ../bai3_bsp/\libhal_bsp.a(alt_irq_entry.o)
 .data          0x00012d14        0x0 ../bai3_bsp/\libhal_bsp.a(alt_irq_handler.o)
 .data          0x00012d14        0x0 ../bai3_bsp/\libhal_bsp.a(alt_irq_vars.o)
 .data          0x00012d14        0x0 ../bai3_bsp/\libhal_bsp.a(alt_load.o)
 .data          0x00012d14        0x0 ../bai3_bsp/\libhal_bsp.a(alt_main.o)
 .data          0x00012d14        0x0 ../bai3_bsp/\libhal_bsp.a(alt_write.o)
 .data          0x00012d14       0x2c ../bai3_bsp/\libhal_bsp.a(alt_sys_init.o)
 .data          0x00012d40        0x0 ../bai3_bsp/\libhal_bsp.a(altera_avalon_jtag_uart_fd.o)
 .data          0x00012d40        0x0 ../bai3_bsp/\libhal_bsp.a(altera_avalon_jtag_uart_read.o)
 .data          0x00012d40        0x0 ../bai3_bsp/\libhal_bsp.a(altera_avalon_jtag_uart_write.o)
 .data          0x00012d40        0x0 ../bai3_bsp/\libhal_bsp.a(altera_avalon_timer_sc.o)
 .data          0x00012d40        0x0 ../bai3_bsp/\libhal_bsp.a(alt_close.o)
 .data          0x00012d40        0x0 ../bai3_bsp/\libhal_bsp.a(alt_dcache_flush_all.o)
 .data          0x00012d40      0x1a8 ../bai3_bsp/\libhal_bsp.a(alt_dev.o)
                0x00012d40                alt_dev_null
                0x00012d68                alt_fd_list
 .data          0x00012ee8        0x0 ../bai3_bsp/\libhal_bsp.a(alt_dev_llist_insert.o)
 .data          0x00012ee8        0x0 ../bai3_bsp/\libhal_bsp.a(alt_do_ctors.o)
 .data          0x00012ee8        0x0 ../bai3_bsp/\libhal_bsp.a(alt_do_dtors.o)
 .data          0x00012ee8        0x0 ../bai3_bsp/\libhal_bsp.a(alt_errno.o)
 .data          0x00012ee8        0x0 ../bai3_bsp/\libhal_bsp.a(alt_exception_entry.o)
 .data          0x00012ee8        0x0 ../bai3_bsp/\libhal_bsp.a(alt_icache_flush_all.o)
 .data          0x00012ee8        0x0 ../bai3_bsp/\libhal_bsp.a(alt_io_redirect.o)
 .data          0x00012ee8        0x0 ../bai3_bsp/\libhal_bsp.a(alt_open.o)
 .data          0x00012ee8        0x0 ../bai3_bsp/\libhal_bsp.a(alt_release_fd.o)
 .data          0x00012ee8        0x0 ../bai3_bsp/\libhal_bsp.a(alt_tick.o)
 .data          0x00012ee8        0x0 ../bai3_bsp/\libhal_bsp.a(altera_nios2_qsys_irq.o)
 .data          0x00012ee8        0x0 ../bai3_bsp/\libhal_bsp.a(alt_find_dev.o)
 .data          0x00012ee8        0x0 ../bai3_bsp/\libhal_bsp.a(alt_find_file.o)
 .data          0x00012ee8        0x0 ../bai3_bsp/\libhal_bsp.a(alt_get_fd.o)
 .data          0x00012ee8        0x0 ../bai3_bsp/\libhal_bsp.a(alt_icache_flush.o)
 .data          0x00012ee8        0x0 c:/altera/13.0sp1/nios2eds/bin/gnu/h-i686-mingw32/bin/../lib/gcc/nios2-elf/4.1.2/../../../../nios2-elf/lib\libsmallc.a(lib_a-atexit.o)
 .data          0x00012ee8        0x0 c:/altera/13.0sp1/nios2eds/bin/gnu/h-i686-mingw32/bin/../lib/gcc/nios2-elf/4.1.2/../../../../nios2-elf/lib\libsmallc.a(lib_a-exit.o)
 .data          0x00012ee8        0x0 c:/altera/13.0sp1/nios2eds/bin/gnu/h-i686-mingw32/bin/../lib/gcc/nios2-elf/4.1.2/../../../../nios2-elf/lib\libsmallc.a(lib_a-memcmp.o)
 .data          0x00012ee8        0x0 c:/altera/13.0sp1/nios2eds/bin/gnu/h-i686-mingw32/bin/../lib/gcc/nios2-elf/4.1.2/../../../../nios2-elf/lib\libsmallc.a(lib_a-__atexit.o)
 .data          0x00012ee8        0x0 c:/altera/13.0sp1/nios2eds/bin/gnu/h-i686-mingw32/bin/../lib/gcc/nios2-elf/4.1.2/../../../../nios2-elf/lib\libsmallc.a(lib_a-__call_atexit.o)
 .data          0x00012ee8        0x0 ../bai3_bsp/\libhal_bsp.a(alt_exit.o)
                0x0001aee8                _gp = ABSOLUTE ((. + 0x8000))
                0x0001aee8                PROVIDE (gp, _gp)
 *(.rwdata .rwdata.*)
 *(.sdata .sdata.* .gnu.linkonce.s.*)
 .sdata         0x00012ee8       0x18 obj/default/hello_world.o
                0x00012ee8                hh
                0x00012eec                mm
                0x00012ef0                ss
                0x00012ef4                dd
                0x00012ef8                month
                0x00012efc                year
 .sdata         0x00012f00        0x8 c:/altera/13.0sp1/nios2eds/bin/gnu/h-i686-mingw32/bin/../lib/gcc/nios2-elf/4.1.2/../../../../nios2-elf/lib\libsmallc.a(lib_a-impure.o)
                0x00012f00                _impure_ptr
                0x00012f04                _global_impure_ptr
 .sdata         0x00012f08        0x4 ../bai3_bsp/\libhal_bsp.a(alt_irq_vars.o)
                0x00012f08                alt_priority_mask
 .sdata         0x00012f0c       0x14 ../bai3_bsp/\libhal_bsp.a(alt_dev.o)
                0x00012f0c                alt_fs_list
                0x00012f14                alt_dev_list
                0x00012f1c                alt_max_fd
 .sdata         0x00012f20        0x4 ../bai3_bsp/\libhal_bsp.a(alt_errno.o)
                0x00012f20                alt_errno
 .sdata         0x00012f24        0x8 ../bai3_bsp/\libhal_bsp.a(alt_tick.o)
                0x00012f24                alt_alarm_list
 *(.sdata2 .sdata2.* .gnu.linkonce.s2.*)
                0x00012f2c                . = ALIGN (0x4)
                0x00012f2c                _edata = ABSOLUTE (.)
                0x00012f2c                PROVIDE (edata, ABSOLUTE (.))
                0x00012f2c                PROVIDE (__ram_rwdata_end, ABSOLUTE (.))
                0x00012f2c                PROVIDE (__flash_rwdata_start, LOADADDR (.rwdata))

.bss            0x00013224      0x1a8
                0x00013224                __bss_start = ABSOLUTE (.)
                0x00013224                PROVIDE (__sbss_start, ABSOLUTE (.))
                0x00013224                PROVIDE (___sbss_start, ABSOLUTE (.))
 *(.dynsbss)
 *(.sbss .sbss.* .gnu.linkonce.sb.*)
 .sbss          0x00013224        0x4 c:/altera/13.0sp1/nios2eds/bin/gnu/h-i686-mingw32/bin/../lib/gcc/nios2-elf/4.1.2/../../../../nios2-elf/lib\libsmallc.a(lib_a-int_errno.o)
                0x00013224                errno
 .sbss          0x00013228        0x4 ../bai3_bsp/\libhal_bsp.a(alt_irq_vars.o)
                0x00013228                alt_irq_active
 .sbss          0x0001322c        0xc ../bai3_bsp/\libhal_bsp.a(alt_main.o)
                0x0001322c                alt_argc
                0x00013230                alt_argv
                0x00013234                alt_envp
 .sbss          0x00013238        0x8 ../bai3_bsp/\libhal_bsp.a(alt_tick.o)
                0x00013238                _alt_tick_rate
                0x0001323c                _alt_nticks
 *(.sbss2 .sbss2.* .gnu.linkonce.sb2.*)
 *(.scommon)
                0x00013240                PROVIDE (__sbss_end, ABSOLUTE (.))
                0x00013240                PROVIDE (___sbss_end, ABSOLUTE (.))
 *(.dynbss)
 *(.bss .bss.* .gnu.linkonce.b.*)
 .bss           0x00013240        0x0 ../bai3_bsp//obj/HAL/src/crt0.o
 .bss           0x00013240        0x0 obj/default/hello_world.o
 .bss           0x00013240        0x0 c:/altera/13.0sp1/nios2eds/bin/gnu/h-i686-mingw32/bin/../lib/gcc/nios2-elf/4.1.2\libgcc.a(lib2-divmod.o)
 .bss           0x00013240        0x0 c:/altera/13.0sp1/nios2eds/bin/gnu/h-i686-mingw32/bin/../lib/gcc/nios2-elf/4.1.2/../../../../nios2-elf/lib\libsmallc.a(lib_a-printf.o)
 .bss           0x00013240        0x0 c:/altera/13.0sp1/nios2eds/bin/gnu/h-i686-mingw32/bin/../lib/gcc/nios2-elf/4.1.2/../../../../nios2-elf/lib\libsmallc.a(lib_a-puts.o)
 .bss           0x00013240        0x0 c:/altera/13.0sp1/nios2eds/bin/gnu/h-i686-mingw32/bin/../lib/gcc/nios2-elf/4.1.2/../../../../nios2-elf/lib\libsmallc.a(lib_a-strlen.o)
 .bss           0x00013240        0x0 c:/altera/13.0sp1/nios2eds/bin/gnu/h-i686-mingw32/bin/../lib/gcc/nios2-elf/4.1.2/../../../../nios2-elf/lib\libsmallc.a(lib_a-vfprintf.o)
 .bss           0x00013240        0x0 c:/altera/13.0sp1/nios2eds/bin/gnu/h-i686-mingw32/bin/../lib/gcc/nios2-elf/4.1.2/../../../../nios2-elf/lib\libsmallc.a(lib_a-fvwrite_small_dev.o)
 .bss           0x00013240        0x0 c:/altera/13.0sp1/nios2eds/bin/gnu/h-i686-mingw32/bin/../lib/gcc/nios2-elf/4.1.2/../../../../nios2-elf/lib\libsmallc.a(lib_a-impure.o)
 .bss           0x00013240        0x0 c:/altera/13.0sp1/nios2eds/bin/gnu/h-i686-mingw32/bin/../lib/gcc/nios2-elf/4.1.2/../../../../nios2-elf/lib\libsmallc.a(lib_a-writer.o)
 .bss           0x00013240        0x0 c:/altera/13.0sp1/nios2eds/bin/gnu/h-i686-mingw32/bin/../lib/gcc/nios2-elf/4.1.2/../../../../nios2-elf/lib\libsmallc.a(lib_a-int_errno.o)
 .bss           0x00013240        0x0 ../bai3_bsp/\libhal_bsp.a(alt_iic.o)
 .bss           0x00013240        0x0 ../bai3_bsp/\libhal_bsp.a(alt_iic_isr_register.o)
 .bss           0x00013240        0x0 ../bai3_bsp/\libhal_bsp.a(alt_irq_entry.o)
 .bss           0x00013240        0x0 ../bai3_bsp/\libhal_bsp.a(alt_irq_handler.o)
 .bss           0x00013240        0x0 ../bai3_bsp/\libhal_bsp.a(alt_irq_vars.o)
 .bss           0x00013240        0x0 ../bai3_bsp/\libhal_bsp.a(alt_load.o)
 .bss           0x00013240        0x0 ../bai3_bsp/\libhal_bsp.a(alt_main.o)
 .bss           0x00013240        0x0 ../bai3_bsp/\libhal_bsp.a(alt_write.o)
 .bss           0x00013240        0x0 ../bai3_bsp/\libhal_bsp.a(alt_sys_init.o)
 .bss           0x00013240        0x0 ../bai3_bsp/\libhal_bsp.a(altera_avalon_jtag_uart_fd.o)
 .bss           0x00013240        0x0 ../bai3_bsp/\libhal_bsp.a(altera_avalon_jtag_uart_read.o)
 .bss           0x00013240        0x0 ../bai3_bsp/\libhal_bsp.a(altera_avalon_jtag_uart_write.o)
 .bss           0x00013240        0x0 ../bai3_bsp/\libhal_bsp.a(altera_avalon_timer_sc.o)
 .bss           0x00013240        0x0 ../bai3_bsp/\libhal_bsp.a(alt_close.o)
 .bss           0x00013240        0x0 ../bai3_bsp/\libhal_bsp.a(alt_dcache_flush_all.o)
 .bss           0x00013240        0x0 ../bai3_bsp/\libhal_bsp.a(alt_dev.o)
 .bss           0x00013240        0x0 ../bai3_bsp/\libhal_bsp.a(alt_dev_llist_insert.o)
 .bss           0x00013240        0x0 ../bai3_bsp/\libhal_bsp.a(alt_do_ctors.o)
 .bss           0x00013240        0x0 ../bai3_bsp/\libhal_bsp.a(alt_do_dtors.o)
 .bss           0x00013240        0x0 ../bai3_bsp/\libhal_bsp.a(alt_errno.o)
 .bss           0x00013240        0x0 ../bai3_bsp/\libhal_bsp.a(alt_exception_entry.o)
 .bss           0x00013240        0x0 ../bai3_bsp/\libhal_bsp.a(alt_icache_flush_all.o)
 .bss           0x00013240        0x0 ../bai3_bsp/\libhal_bsp.a(alt_io_redirect.o)
 .bss           0x00013240        0x0 ../bai3_bsp/\libhal_bsp.a(alt_open.o)
 .bss           0x00013240        0x0 ../bai3_bsp/\libhal_bsp.a(alt_release_fd.o)
 .bss           0x00013240        0x0 ../bai3_bsp/\libhal_bsp.a(alt_tick.o)
 .bss           0x00013240        0x0 ../bai3_bsp/\libhal_bsp.a(altera_nios2_qsys_irq.o)
 .bss           0x00013240        0x0 ../bai3_bsp/\libhal_bsp.a(alt_find_dev.o)
 .bss           0x00013240        0x0 ../bai3_bsp/\libhal_bsp.a(alt_find_file.o)
 .bss           0x00013240        0x0 ../bai3_bsp/\libhal_bsp.a(alt_get_fd.o)
 .bss           0x00013240        0x0 ../bai3_bsp/\libhal_bsp.a(alt_icache_flush.o)
 .bss           0x00013240        0x0 c:/altera/13.0sp1/nios2eds/bin/gnu/h-i686-mingw32/bin/../lib/gcc/nios2-elf/4.1.2/../../../../nios2-elf/lib\libsmallc.a(lib_a-atexit.o)
 .bss           0x00013240        0x0 c:/altera/13.0sp1/nios2eds/bin/gnu/h-i686-mingw32/bin/../lib/gcc/nios2-elf/4.1.2/../../../../nios2-elf/lib\libsmallc.a(lib_a-exit.o)
 .bss           0x00013240        0x0 c:/altera/13.0sp1/nios2eds/bin/gnu/h-i686-mingw32/bin/../lib/gcc/nios2-elf/4.1.2/../../../../nios2-elf/lib\libsmallc.a(lib_a-memcmp.o)
 .bss           0x00013240        0x0 c:/altera/13.0sp1/nios2eds/bin/gnu/h-i686-mingw32/bin/../lib/gcc/nios2-elf/4.1.2/../../../../nios2-elf/lib\libsmallc.a(lib_a-__atexit.o)
 .bss           0x00013240        0x0 c:/altera/13.0sp1/nios2eds/bin/gnu/h-i686-mingw32/bin/../lib/gcc/nios2-elf/4.1.2/../../../../nios2-elf/lib\libsmallc.a(lib_a-__call_atexit.o)
 .bss           0x00013240        0x0 ../bai3_bsp/\libhal_bsp.a(alt_exit.o)
 *(COMMON)
 COMMON         0x00013240      0x100 ../bai3_bsp/\libhal_bsp.a(alt_irq_handler.o)
                0x00013240                alt_irq
 COMMON         0x00013340       0x8c c:/altera/13.0sp1/nios2eds/bin/gnu/h-i686-mingw32/bin/../lib/gcc/nios2-elf/4.1.2/../../../../nios2-elf/lib\libsmallc.a(lib_a-atexit.o)
                0x00013340                _atexit0
                0x000133cc                . = ALIGN (0x4)
                0x000133cc                __bss_end = ABSOLUTE (.)

.onchip_memory2_0
                0x000133cc        0x0
                0x000133cc                PROVIDE (_alt_partition_onchip_memory2_0_start, ABSOLUTE (.))
 *(.onchip_memory2_0. onchip_memory2_0.*)
                0x000133cc                . = ALIGN (0x4)
                0x000133cc                PROVIDE (_alt_partition_onchip_memory2_0_end, ABSOLUTE (.))
                0x000133cc                _end = ABSOLUTE (.)
                0x000133cc                end = ABSOLUTE (.)
                0x000133cc                __alt_stack_base = ABSOLUTE (.)
                0x000133cc                PROVIDE (_alt_partition_onchip_memory2_0_load_addr, LOADADDR (.onchip_memory2_0))

.stab
 *(.stab)

.stabstr
 *(.stabstr)

.stab.excl
 *(.stab.excl)

.stab.exclstr
 *(.stab.exclstr)

.stab.index
 *(.stab.index)

.stab.indexstr
 *(.stab.indexstr)

.comment        0x00000000       0x26
 *(.comment)
 .comment       0x00000000       0x26 obj/default/hello_world.o
                                 0x27 (size before relaxing)
 .comment       0x00000000       0x27 c:/altera/13.0sp1/nios2eds/bin/gnu/h-i686-mingw32/bin/../lib/gcc/nios2-elf/4.1.2\libgcc.a(lib2-divmod.o)
 .comment       0x00000000       0x27 c:/altera/13.0sp1/nios2eds/bin/gnu/h-i686-mingw32/bin/../lib/gcc/nios2-elf/4.1.2/../../../../nios2-elf/lib\libsmallc.a(lib_a-printf.o)
 .comment       0x00000000       0x27 c:/altera/13.0sp1/nios2eds/bin/gnu/h-i686-mingw32/bin/../lib/gcc/nios2-elf/4.1.2/../../../../nios2-elf/lib\libsmallc.a(lib_a-puts.o)
 .comment       0x00000000       0x27 c:/altera/13.0sp1/nios2eds/bin/gnu/h-i686-mingw32/bin/../lib/gcc/nios2-elf/4.1.2/../../../../nios2-elf/lib\libsmallc.a(lib_a-strlen.o)
 .comment       0x00000000       0x27 c:/altera/13.0sp1/nios2eds/bin/gnu/h-i686-mingw32/bin/../lib/gcc/nios2-elf/4.1.2/../../../../nios2-elf/lib\libsmallc.a(lib_a-vfprintf.o)
 .comment       0x00000000       0x27 c:/altera/13.0sp1/nios2eds/bin/gnu/h-i686-mingw32/bin/../lib/gcc/nios2-elf/4.1.2/../../../../nios2-elf/lib\libsmallc.a(lib_a-fvwrite_small_dev.o)
 .comment       0x00000000       0x27 c:/altera/13.0sp1/nios2eds/bin/gnu/h-i686-mingw32/bin/../lib/gcc/nios2-elf/4.1.2/../../../../nios2-elf/lib\libsmallc.a(lib_a-impure.o)
 .comment       0x00000000       0x27 c:/altera/13.0sp1/nios2eds/bin/gnu/h-i686-mingw32/bin/../lib/gcc/nios2-elf/4.1.2/../../../../nios2-elf/lib\libsmallc.a(lib_a-writer.o)
 .comment       0x00000000       0x27 c:/altera/13.0sp1/nios2eds/bin/gnu/h-i686-mingw32/bin/../lib/gcc/nios2-elf/4.1.2/../../../../nios2-elf/lib\libsmallc.a(lib_a-int_errno.o)
 .comment       0x00000000       0x27 ../bai3_bsp/\libhal_bsp.a(alt_iic.o)
 .comment       0x00000000       0x27 ../bai3_bsp/\libhal_bsp.a(alt_iic_isr_register.o)
 .comment       0x00000000       0x27 ../bai3_bsp/\libhal_bsp.a(alt_irq_handler.o)
 .comment       0x00000000       0x27 ../bai3_bsp/\libhal_bsp.a(alt_irq_vars.o)
 .comment       0x00000000       0x27 ../bai3_bsp/\libhal_bsp.a(alt_load.o)
 .comment       0x00000000       0x27 ../bai3_bsp/\libhal_bsp.a(alt_main.o)
 .comment       0x00000000       0x27 ../bai3_bsp/\libhal_bsp.a(alt_write.o)
 .comment       0x00000000       0x27 ../bai3_bsp/\libhal_bsp.a(alt_sys_init.o)
 .comment       0x00000000       0x27 ../bai3_bsp/\libhal_bsp.a(altera_avalon_jtag_uart_fd.o)
 .comment       0x00000000       0x27 ../bai3_bsp/\libhal_bsp.a(altera_avalon_jtag_uart_read.o)
 .comment       0x00000000       0x27 ../bai3_bsp/\libhal_bsp.a(altera_avalon_jtag_uart_write.o)
 .comment       0x00000000       0x27 ../bai3_bsp/\libhal_bsp.a(altera_avalon_timer_sc.o)
 .comment       0x00000000       0x27 ../bai3_bsp/\libhal_bsp.a(alt_close.o)
 .comment       0x00000000       0x27 ../bai3_bsp/\libhal_bsp.a(alt_dcache_flush_all.o)
 .comment       0x00000000       0x27 ../bai3_bsp/\libhal_bsp.a(alt_dev.o)
 .comment       0x00000000       0x27 ../bai3_bsp/\libhal_bsp.a(alt_dev_llist_insert.o)
 .comment       0x00000000       0x27 ../bai3_bsp/\libhal_bsp.a(alt_do_ctors.o)
 .comment       0x00000000       0x27 ../bai3_bsp/\libhal_bsp.a(alt_do_dtors.o)
 .comment       0x00000000       0x27 ../bai3_bsp/\libhal_bsp.a(alt_errno.o)
 .comment       0x00000000       0x27 ../bai3_bsp/\libhal_bsp.a(alt_icache_flush_all.o)
 .comment       0x00000000       0x27 ../bai3_bsp/\libhal_bsp.a(alt_io_redirect.o)
 .comment       0x00000000       0x27 ../bai3_bsp/\libhal_bsp.a(alt_open.o)
 .comment       0x00000000       0x27 ../bai3_bsp/\libhal_bsp.a(alt_release_fd.o)
 .comment       0x00000000       0x27 ../bai3_bsp/\libhal_bsp.a(alt_tick.o)
 .comment       0x00000000       0x27 ../bai3_bsp/\libhal_bsp.a(altera_nios2_qsys_irq.o)
 .comment       0x00000000       0x27 ../bai3_bsp/\libhal_bsp.a(alt_find_dev.o)
 .comment       0x00000000       0x27 ../bai3_bsp/\libhal_bsp.a(alt_find_file.o)
 .comment       0x00000000       0x27 ../bai3_bsp/\libhal_bsp.a(alt_get_fd.o)
 .comment       0x00000000       0x27 ../bai3_bsp/\libhal_bsp.a(alt_icache_flush.o)
 .comment       0x00000000       0x27 c:/altera/13.0sp1/nios2eds/bin/gnu/h-i686-mingw32/bin/../lib/gcc/nios2-elf/4.1.2/../../../../nios2-elf/lib\libsmallc.a(lib_a-atexit.o)
 .comment       0x00000000       0x27 c:/altera/13.0sp1/nios2eds/bin/gnu/h-i686-mingw32/bin/../lib/gcc/nios2-elf/4.1.2/../../../../nios2-elf/lib\libsmallc.a(lib_a-exit.o)
 .comment       0x00000000       0x27 c:/altera/13.0sp1/nios2eds/bin/gnu/h-i686-mingw32/bin/../lib/gcc/nios2-elf/4.1.2/../../../../nios2-elf/lib\libsmallc.a(lib_a-memcmp.o)
 .comment       0x00000000       0x27 c:/altera/13.0sp1/nios2eds/bin/gnu/h-i686-mingw32/bin/../lib/gcc/nios2-elf/4.1.2/../../../../nios2-elf/lib\libsmallc.a(lib_a-__atexit.o)
 .comment       0x00000000       0x27 c:/altera/13.0sp1/nios2eds/bin/gnu/h-i686-mingw32/bin/../lib/gcc/nios2-elf/4.1.2/../../../../nios2-elf/lib\libsmallc.a(lib_a-__call_atexit.o)
 .comment       0x00000000       0x27 ../bai3_bsp/\libhal_bsp.a(alt_exit.o)

.debug
 *(.debug)

.line
 *(.line)

.debug_srcinfo
 *(.debug_srcinfo)

.debug_sfnames
 *(.debug_sfnames)

.debug_aranges  0x00000000      0x5b8
 *(.debug_aranges)
 .debug_aranges
                0x00000000       0x28 ../bai3_bsp//obj/HAL/src/crt0.o
 .debug_aranges
                0x00000028       0x20 obj/default/hello_world.o
 .debug_aranges
                0x00000048       0x20 c:/altera/13.0sp1/nios2eds/bin/gnu/h-i686-mingw32/bin/../lib/gcc/nios2-elf/4.1.2\libgcc.a(lib2-divmod.o)
 .debug_aranges
                0x00000068       0x20 c:/altera/13.0sp1/nios2eds/bin/gnu/h-i686-mingw32/bin/../lib/gcc/nios2-elf/4.1.2/../../../../nios2-elf/lib\libsmallc.a(lib_a-printf.o)
 .debug_aranges
                0x00000088       0x20 c:/altera/13.0sp1/nios2eds/bin/gnu/h-i686-mingw32/bin/../lib/gcc/nios2-elf/4.1.2/../../../../nios2-elf/lib\libsmallc.a(lib_a-puts.o)
 .debug_aranges
                0x000000a8       0x20 c:/altera/13.0sp1/nios2eds/bin/gnu/h-i686-mingw32/bin/../lib/gcc/nios2-elf/4.1.2/../../../../nios2-elf/lib\libsmallc.a(lib_a-strlen.o)
 .debug_aranges
                0x000000c8       0x20 c:/altera/13.0sp1/nios2eds/bin/gnu/h-i686-mingw32/bin/../lib/gcc/nios2-elf/4.1.2/../../../../nios2-elf/lib\libsmallc.a(lib_a-vfprintf.o)
 .debug_aranges
                0x000000e8       0x20 c:/altera/13.0sp1/nios2eds/bin/gnu/h-i686-mingw32/bin/../lib/gcc/nios2-elf/4.1.2/../../../../nios2-elf/lib\libsmallc.a(lib_a-fvwrite_small_dev.o)
 .debug_aranges
                0x00000108       0x20 c:/altera/13.0sp1/nios2eds/bin/gnu/h-i686-mingw32/bin/../lib/gcc/nios2-elf/4.1.2/../../../../nios2-elf/lib\libsmallc.a(lib_a-writer.o)
 .debug_aranges
                0x00000128       0x20 ../bai3_bsp/\libhal_bsp.a(alt_iic.o)
 .debug_aranges
                0x00000148       0x20 ../bai3_bsp/\libhal_bsp.a(alt_iic_isr_register.o)
 .debug_aranges
                0x00000168       0x30 ../bai3_bsp/\libhal_bsp.a(alt_irq_entry.o)
 .debug_aranges
                0x00000198       0x28 ../bai3_bsp/\libhal_bsp.a(alt_irq_handler.o)
 .debug_aranges
                0x000001c0       0x20 ../bai3_bsp/\libhal_bsp.a(alt_load.o)
 .debug_aranges
                0x000001e0       0x20 ../bai3_bsp/\libhal_bsp.a(alt_main.o)
 .debug_aranges
                0x00000200       0x20 ../bai3_bsp/\libhal_bsp.a(alt_write.o)
 .debug_aranges
                0x00000220       0x20 ../bai3_bsp/\libhal_bsp.a(alt_sys_init.o)
 .debug_aranges
                0x00000240       0x20 ../bai3_bsp/\libhal_bsp.a(altera_avalon_jtag_uart_fd.o)
 .debug_aranges
                0x00000260       0x20 ../bai3_bsp/\libhal_bsp.a(altera_avalon_jtag_uart_read.o)
 .debug_aranges
                0x00000280       0x20 ../bai3_bsp/\libhal_bsp.a(altera_avalon_jtag_uart_write.o)
 .debug_aranges
                0x000002a0       0x20 ../bai3_bsp/\libhal_bsp.a(altera_avalon_timer_sc.o)
 .debug_aranges
                0x000002c0       0x20 ../bai3_bsp/\libhal_bsp.a(alt_close.o)
 .debug_aranges
                0x000002e0       0x20 ../bai3_bsp/\libhal_bsp.a(alt_dcache_flush_all.o)
 .debug_aranges
                0x00000300       0x20 ../bai3_bsp/\libhal_bsp.a(alt_dev.o)
 .debug_aranges
                0x00000320       0x20 ../bai3_bsp/\libhal_bsp.a(alt_dev_llist_insert.o)
 .debug_aranges
                0x00000340       0x20 ../bai3_bsp/\libhal_bsp.a(alt_do_ctors.o)
 .debug_aranges
                0x00000360       0x20 ../bai3_bsp/\libhal_bsp.a(alt_do_dtors.o)
 .debug_aranges
                0x00000380       0x38 ../bai3_bsp/\libhal_bsp.a(alt_exception_entry.o)
 .debug_aranges
                0x000003b8       0x20 ../bai3_bsp/\libhal_bsp.a(alt_icache_flush_all.o)
 .debug_aranges
                0x000003d8       0x20 ../bai3_bsp/\libhal_bsp.a(alt_io_redirect.o)
 .debug_aranges
                0x000003f8       0x20 ../bai3_bsp/\libhal_bsp.a(alt_open.o)
 .debug_aranges
                0x00000418       0x20 ../bai3_bsp/\libhal_bsp.a(alt_release_fd.o)
 .debug_aranges
                0x00000438       0x20 ../bai3_bsp/\libhal_bsp.a(alt_tick.o)
 .debug_aranges
                0x00000458       0x20 ../bai3_bsp/\libhal_bsp.a(altera_nios2_qsys_irq.o)
 .debug_aranges
                0x00000478       0x20 ../bai3_bsp/\libhal_bsp.a(alt_find_dev.o)
 .debug_aranges
                0x00000498       0x20 ../bai3_bsp/\libhal_bsp.a(alt_find_file.o)
 .debug_aranges
                0x000004b8       0x20 ../bai3_bsp/\libhal_bsp.a(alt_get_fd.o)
 .debug_aranges
                0x000004d8       0x20 ../bai3_bsp/\libhal_bsp.a(alt_icache_flush.o)
 .debug_aranges
                0x000004f8       0x20 c:/altera/13.0sp1/nios2eds/bin/gnu/h-i686-mingw32/bin/../lib/gcc/nios2-elf/4.1.2/../../../../nios2-elf/lib\libsmallc.a(lib_a-atexit.o)
 .debug_aranges
                0x00000518       0x20 c:/altera/13.0sp1/nios2eds/bin/gnu/h-i686-mingw32/bin/../lib/gcc/nios2-elf/4.1.2/../../../../nios2-elf/lib\libsmallc.a(lib_a-exit.o)
 .debug_aranges
                0x00000538       0x20 c:/altera/13.0sp1/nios2eds/bin/gnu/h-i686-mingw32/bin/../lib/gcc/nios2-elf/4.1.2/../../../../nios2-elf/lib\libsmallc.a(lib_a-memcmp.o)
 .debug_aranges
                0x00000558       0x20 c:/altera/13.0sp1/nios2eds/bin/gnu/h-i686-mingw32/bin/../lib/gcc/nios2-elf/4.1.2/../../../../nios2-elf/lib\libsmallc.a(lib_a-__atexit.o)
 .debug_aranges
                0x00000578       0x20 c:/altera/13.0sp1/nios2eds/bin/gnu/h-i686-mingw32/bin/../lib/gcc/nios2-elf/4.1.2/../../../../nios2-elf/lib\libsmallc.a(lib_a-__call_atexit.o)
 .debug_aranges
                0x00000598       0x20 ../bai3_bsp/\libhal_bsp.a(alt_exit.o)

.debug_pubnames
                0x00000000      0x881
 *(.debug_pubnames)
 .debug_pubnames
                0x00000000       0x7d obj/default/hello_world.o
 .debug_pubnames
                0x0000007d       0x48 c:/altera/13.0sp1/nios2eds/bin/gnu/h-i686-mingw32/bin/../lib/gcc/nios2-elf/4.1.2\libgcc.a(lib2-divmod.o)
 .debug_pubnames
                0x000000c5       0x2b c:/altera/13.0sp1/nios2eds/bin/gnu/h-i686-mingw32/bin/../lib/gcc/nios2-elf/4.1.2/../../../../nios2-elf/lib\libsmallc.a(lib_a-printf.o)
 .debug_pubnames
                0x000000f0       0x27 c:/altera/13.0sp1/nios2eds/bin/gnu/h-i686-mingw32/bin/../lib/gcc/nios2-elf/4.1.2/../../../../nios2-elf/lib\libsmallc.a(lib_a-puts.o)
 .debug_pubnames
                0x00000117       0x1d c:/altera/13.0sp1/nios2eds/bin/gnu/h-i686-mingw32/bin/../lib/gcc/nios2-elf/4.1.2/../../../../nios2-elf/lib\libsmallc.a(lib_a-strlen.o)
 .debug_pubnames
                0x00000134       0x45 c:/altera/13.0sp1/nios2eds/bin/gnu/h-i686-mingw32/bin/../lib/gcc/nios2-elf/4.1.2/../../../../nios2-elf/lib\libsmallc.a(lib_a-vfprintf.o)
 .debug_pubnames
                0x00000179       0x2b c:/altera/13.0sp1/nios2eds/bin/gnu/h-i686-mingw32/bin/../lib/gcc/nios2-elf/4.1.2/../../../../nios2-elf/lib\libsmallc.a(lib_a-fvwrite_small_dev.o)
 .debug_pubnames
                0x000001a4       0x39 c:/altera/13.0sp1/nios2eds/bin/gnu/h-i686-mingw32/bin/../lib/gcc/nios2-elf/4.1.2/../../../../nios2-elf/lib\libsmallc.a(lib_a-impure.o)
 .debug_pubnames
                0x000001dd       0x1f c:/altera/13.0sp1/nios2eds/bin/gnu/h-i686-mingw32/bin/../lib/gcc/nios2-elf/4.1.2/../../../../nios2-elf/lib\libsmallc.a(lib_a-writer.o)
 .debug_pubnames
                0x000001fc       0x1c c:/altera/13.0sp1/nios2eds/bin/gnu/h-i686-mingw32/bin/../lib/gcc/nios2-elf/4.1.2/../../../../nios2-elf/lib\libsmallc.a(lib_a-int_errno.o)
 .debug_pubnames
                0x00000218       0x6e ../bai3_bsp/\libhal_bsp.a(alt_iic.o)
 .debug_pubnames
                0x00000286       0x2b ../bai3_bsp/\libhal_bsp.a(alt_iic_isr_register.o)
 .debug_pubnames
                0x000002b1       0x32 ../bai3_bsp/\libhal_bsp.a(alt_irq_handler.o)
 .debug_pubnames
                0x000002e3       0x3b ../bai3_bsp/\libhal_bsp.a(alt_irq_vars.o)
 .debug_pubnames
                0x0000031e       0x1f ../bai3_bsp/\libhal_bsp.a(alt_load.o)
 .debug_pubnames
                0x0000033d       0x46 ../bai3_bsp/\libhal_bsp.a(alt_main.o)
 .debug_pubnames
                0x00000383       0x1c ../bai3_bsp/\libhal_bsp.a(alt_write.o)
 .debug_pubnames
                0x0000039f       0x34 ../bai3_bsp/\libhal_bsp.a(alt_sys_init.o)
 .debug_pubnames
                0x000003d3       0x5b ../bai3_bsp/\libhal_bsp.a(altera_avalon_jtag_uart_fd.o)
 .debug_pubnames
                0x0000042e       0x33 ../bai3_bsp/\libhal_bsp.a(altera_avalon_jtag_uart_read.o)
 .debug_pubnames
                0x00000461       0x34 ../bai3_bsp/\libhal_bsp.a(altera_avalon_jtag_uart_write.o)
 .debug_pubnames
                0x00000495       0x2f ../bai3_bsp/\libhal_bsp.a(altera_avalon_timer_sc.o)
 .debug_pubnames
                0x000004c4       0x1c ../bai3_bsp/\libhal_bsp.a(alt_close.o)
 .debug_pubnames
                0x000004e0       0x2b ../bai3_bsp/\libhal_bsp.a(alt_dcache_flush_all.o)
 .debug_pubnames
                0x0000050b       0x63 ../bai3_bsp/\libhal_bsp.a(alt_dev.o)
 .debug_pubnames
                0x0000056e       0x2b ../bai3_bsp/\libhal_bsp.a(alt_dev_llist_insert.o)
 .debug_pubnames
                0x00000599       0x20 ../bai3_bsp/\libhal_bsp.a(alt_do_ctors.o)
 .debug_pubnames
                0x000005b9       0x20 ../bai3_bsp/\libhal_bsp.a(alt_do_dtors.o)
 .debug_pubnames
                0x000005d9       0x20 ../bai3_bsp/\libhal_bsp.a(alt_errno.o)
 .debug_pubnames
                0x000005f9       0x2b ../bai3_bsp/\libhal_bsp.a(alt_icache_flush_all.o)
 .debug_pubnames
                0x00000624       0x26 ../bai3_bsp/\libhal_bsp.a(alt_io_redirect.o)
 .debug_pubnames
                0x0000064a       0x1b ../bai3_bsp/\libhal_bsp.a(alt_open.o)
 .debug_pubnames
                0x00000665       0x25 ../bai3_bsp/\libhal_bsp.a(alt_release_fd.o)
 .debug_pubnames
                0x0000068a       0x68 ../bai3_bsp/\libhal_bsp.a(alt_tick.o)
 .debug_pubnames
                0x000006f2       0x31 ../bai3_bsp/\libhal_bsp.a(altera_nios2_qsys_irq.o)
 .debug_pubnames
                0x00000723       0x23 ../bai3_bsp/\libhal_bsp.a(alt_find_dev.o)
 .debug_pubnames
                0x00000746       0x24 ../bai3_bsp/\libhal_bsp.a(alt_find_file.o)
 .debug_pubnames
                0x0000076a       0x21 ../bai3_bsp/\libhal_bsp.a(alt_get_fd.o)
 .debug_pubnames
                0x0000078b       0x27 ../bai3_bsp/\libhal_bsp.a(alt_icache_flush.o)
 .debug_pubnames
                0x000007b2       0x2a c:/altera/13.0sp1/nios2eds/bin/gnu/h-i686-mingw32/bin/../lib/gcc/nios2-elf/4.1.2/../../../../nios2-elf/lib\libsmallc.a(lib_a-atexit.o)
 .debug_pubnames
                0x000007dc       0x1b c:/altera/13.0sp1/nios2eds/bin/gnu/h-i686-mingw32/bin/../lib/gcc/nios2-elf/4.1.2/../../../../nios2-elf/lib\libsmallc.a(lib_a-exit.o)
 .debug_pubnames
                0x000007f7       0x1d c:/altera/13.0sp1/nios2eds/bin/gnu/h-i686-mingw32/bin/../lib/gcc/nios2-elf/4.1.2/../../../../nios2-elf/lib\libsmallc.a(lib_a-memcmp.o)
 .debug_pubnames
                0x00000814       0x2a c:/altera/13.0sp1/nios2eds/bin/gnu/h-i686-mingw32/bin/../lib/gcc/nios2-elf/4.1.2/../../../../nios2-elf/lib\libsmallc.a(lib_a-__atexit.o)
 .debug_pubnames
                0x0000083e       0x27 c:/altera/13.0sp1/nios2eds/bin/gnu/h-i686-mingw32/bin/../lib/gcc/nios2-elf/4.1.2/../../../../nios2-elf/lib\libsmallc.a(lib_a-__call_atexit.o)
 .debug_pubnames
                0x00000865       0x1c ../bai3_bsp/\libhal_bsp.a(alt_exit.o)

.debug_info     0x00000000     0xa4dc
 *(.debug_info .gnu.linkonce.wi.*)
 .debug_info    0x00000000       0x68 ../bai3_bsp//obj/HAL/src/crt0.o
 .debug_info    0x00000068      0x329 obj/default/hello_world.o
 .debug_info    0x00000391      0x21c c:/altera/13.0sp1/nios2eds/bin/gnu/h-i686-mingw32/bin/../lib/gcc/nios2-elf/4.1.2\libgcc.a(lib2-divmod.o)
 .debug_info    0x000005ad      0x6c8 c:/altera/13.0sp1/nios2eds/bin/gnu/h-i686-mingw32/bin/../lib/gcc/nios2-elf/4.1.2/../../../../nios2-elf/lib\libsmallc.a(lib_a-printf.o)
 .debug_info    0x00000c75      0x685 c:/altera/13.0sp1/nios2eds/bin/gnu/h-i686-mingw32/bin/../lib/gcc/nios2-elf/4.1.2/../../../../nios2-elf/lib\libsmallc.a(lib_a-puts.o)
 .debug_info    0x000012fa       0xc2 c:/altera/13.0sp1/nios2eds/bin/gnu/h-i686-mingw32/bin/../lib/gcc/nios2-elf/4.1.2/../../../../nios2-elf/lib\libsmallc.a(lib_a-strlen.o)
 .debug_info    0x000013bc      0x9b5 c:/altera/13.0sp1/nios2eds/bin/gnu/h-i686-mingw32/bin/../lib/gcc/nios2-elf/4.1.2/../../../../nios2-elf/lib\libsmallc.a(lib_a-vfprintf.o)
 .debug_info    0x00001d71      0x68e c:/altera/13.0sp1/nios2eds/bin/gnu/h-i686-mingw32/bin/../lib/gcc/nios2-elf/4.1.2/../../../../nios2-elf/lib\libsmallc.a(lib_a-fvwrite_small_dev.o)
 .debug_info    0x000023ff      0x636 c:/altera/13.0sp1/nios2eds/bin/gnu/h-i686-mingw32/bin/../lib/gcc/nios2-elf/4.1.2/../../../../nios2-elf/lib\libsmallc.a(lib_a-impure.o)
 .debug_info    0x00002a35      0x68c c:/altera/13.0sp1/nios2eds/bin/gnu/h-i686-mingw32/bin/../lib/gcc/nios2-elf/4.1.2/../../../../nios2-elf/lib\libsmallc.a(lib_a-writer.o)
 .debug_info    0x000030c1       0x8c c:/altera/13.0sp1/nios2eds/bin/gnu/h-i686-mingw32/bin/../lib/gcc/nios2-elf/4.1.2/../../../../nios2-elf/lib\libsmallc.a(lib_a-int_errno.o)
 .debug_info    0x0000314d      0x480 ../bai3_bsp/\libhal_bsp.a(alt_iic.o)
 .debug_info    0x000035cd      0x301 ../bai3_bsp/\libhal_bsp.a(alt_iic_isr_register.o)
 .debug_info    0x000038ce       0x71 ../bai3_bsp/\libhal_bsp.a(alt_irq_entry.o)
 .debug_info    0x0000393f      0x262 ../bai3_bsp/\libhal_bsp.a(alt_irq_handler.o)
 .debug_info    0x00003ba1      0x154 ../bai3_bsp/\libhal_bsp.a(alt_irq_vars.o)
 .debug_info    0x00003cf5      0x27a ../bai3_bsp/\libhal_bsp.a(alt_load.o)
 .debug_info    0x00003f6f      0x212 ../bai3_bsp/\libhal_bsp.a(alt_main.o)
 .debug_info    0x00004181      0x680 ../bai3_bsp/\libhal_bsp.a(alt_write.o)
 .debug_info    0x00004801      0x5b0 ../bai3_bsp/\libhal_bsp.a(alt_sys_init.o)
 .debug_info    0x00004db1      0x5a6 ../bai3_bsp/\libhal_bsp.a(altera_avalon_jtag_uart_fd.o)
 .debug_info    0x00005357      0x2f6 ../bai3_bsp/\libhal_bsp.a(altera_avalon_jtag_uart_read.o)
 .debug_info    0x0000564d      0x2d3 ../bai3_bsp/\libhal_bsp.a(altera_avalon_jtag_uart_write.o)
 .debug_info    0x00005920      0x378 ../bai3_bsp/\libhal_bsp.a(altera_avalon_timer_sc.o)
 .debug_info    0x00005c98      0x454 ../bai3_bsp/\libhal_bsp.a(alt_close.o)
 .debug_info    0x000060ec      0x149 ../bai3_bsp/\libhal_bsp.a(alt_dcache_flush_all.o)
 .debug_info    0x00006235      0x66c ../bai3_bsp/\libhal_bsp.a(alt_dev.o)
 .debug_info    0x000068a1      0x2a4 ../bai3_bsp/\libhal_bsp.a(alt_dev_llist_insert.o)
 .debug_info    0x00006b45       0xfc ../bai3_bsp/\libhal_bsp.a(alt_do_ctors.o)
 .debug_info    0x00006c41       0xfb ../bai3_bsp/\libhal_bsp.a(alt_do_dtors.o)
 .debug_info    0x00006d3c      0x151 ../bai3_bsp/\libhal_bsp.a(alt_errno.o)
 .debug_info    0x00006e8d       0x77 ../bai3_bsp/\libhal_bsp.a(alt_exception_entry.o)
 .debug_info    0x00006f04      0x149 ../bai3_bsp/\libhal_bsp.a(alt_icache_flush_all.o)
 .debug_info    0x0000704d      0x682 ../bai3_bsp/\libhal_bsp.a(alt_io_redirect.o)
 .debug_info    0x000076cf      0x512 ../bai3_bsp/\libhal_bsp.a(alt_open.o)
 .debug_info    0x00007be1      0x3df ../bai3_bsp/\libhal_bsp.a(alt_release_fd.o)
 .debug_info    0x00007fc0      0x3eb ../bai3_bsp/\libhal_bsp.a(alt_tick.o)
 .debug_info    0x000083ab      0x150 ../bai3_bsp/\libhal_bsp.a(altera_nios2_qsys_irq.o)
 .debug_info    0x000084fb      0x405 ../bai3_bsp/\libhal_bsp.a(alt_find_dev.o)
 .debug_info    0x00008900      0x40c ../bai3_bsp/\libhal_bsp.a(alt_find_file.o)
 .debug_info    0x00008d0c      0x44d ../bai3_bsp/\libhal_bsp.a(alt_get_fd.o)
 .debug_info    0x00009159      0x191 ../bai3_bsp/\libhal_bsp.a(alt_icache_flush.o)
 .debug_info    0x000092ea      0x186 c:/altera/13.0sp1/nios2eds/bin/gnu/h-i686-mingw32/bin/../lib/gcc/nios2-elf/4.1.2/../../../../nios2-elf/lib\libsmallc.a(lib_a-atexit.o)
 .debug_info    0x00009470       0x9f c:/altera/13.0sp1/nios2eds/bin/gnu/h-i686-mingw32/bin/../lib/gcc/nios2-elf/4.1.2/../../../../nios2-elf/lib\libsmallc.a(lib_a-exit.o)
 .debug_info    0x0000950f       0xef c:/altera/13.0sp1/nios2eds/bin/gnu/h-i686-mingw32/bin/../lib/gcc/nios2-elf/4.1.2/../../../../nios2-elf/lib\libsmallc.a(lib_a-memcmp.o)
 .debug_info    0x000095fe      0x68f c:/altera/13.0sp1/nios2eds/bin/gnu/h-i686-mingw32/bin/../lib/gcc/nios2-elf/4.1.2/../../../../nios2-elf/lib\libsmallc.a(lib_a-__atexit.o)
 .debug_info    0x00009c8d      0x6d5 c:/altera/13.0sp1/nios2eds/bin/gnu/h-i686-mingw32/bin/../lib/gcc/nios2-elf/4.1.2/../../../../nios2-elf/lib\libsmallc.a(lib_a-__call_atexit.o)
 .debug_info    0x0000a362      0x17a ../bai3_bsp/\libhal_bsp.a(alt_exit.o)

.debug_abbrev   0x00000000     0x27de
 *(.debug_abbrev)
 .debug_abbrev  0x00000000       0x12 ../bai3_bsp//obj/HAL/src/crt0.o
 .debug_abbrev  0x00000012       0xb2 obj/default/hello_world.o
 .debug_abbrev  0x000000c4       0xe0 c:/altera/13.0sp1/nios2eds/bin/gnu/h-i686-mingw32/bin/../lib/gcc/nios2-elf/4.1.2\libgcc.a(lib2-divmod.o)
 .debug_abbrev  0x000001a4      0x179 c:/altera/13.0sp1/nios2eds/bin/gnu/h-i686-mingw32/bin/../lib/gcc/nios2-elf/4.1.2/../../../../nios2-elf/lib\libsmallc.a(lib_a-printf.o)
 .debug_abbrev  0x0000031d      0x180 c:/altera/13.0sp1/nios2eds/bin/gnu/h-i686-mingw32/bin/../lib/gcc/nios2-elf/4.1.2/../../../../nios2-elf/lib\libsmallc.a(lib_a-puts.o)
 .debug_abbrev  0x0000049d       0x7a c:/altera/13.0sp1/nios2eds/bin/gnu/h-i686-mingw32/bin/../lib/gcc/nios2-elf/4.1.2/../../../../nios2-elf/lib\libsmallc.a(lib_a-strlen.o)
 .debug_abbrev  0x00000517      0x263 c:/altera/13.0sp1/nios2eds/bin/gnu/h-i686-mingw32/bin/../lib/gcc/nios2-elf/4.1.2/../../../../nios2-elf/lib\libsmallc.a(lib_a-vfprintf.o)
 .debug_abbrev  0x0000077a      0x179 c:/altera/13.0sp1/nios2eds/bin/gnu/h-i686-mingw32/bin/../lib/gcc/nios2-elf/4.1.2/../../../../nios2-elf/lib\libsmallc.a(lib_a-fvwrite_small_dev.o)
 .debug_abbrev  0x000008f3      0x13f c:/altera/13.0sp1/nios2eds/bin/gnu/h-i686-mingw32/bin/../lib/gcc/nios2-elf/4.1.2/../../../../nios2-elf/lib\libsmallc.a(lib_a-impure.o)
 .debug_abbrev  0x00000a32      0x16c c:/altera/13.0sp1/nios2eds/bin/gnu/h-i686-mingw32/bin/../lib/gcc/nios2-elf/4.1.2/../../../../nios2-elf/lib\libsmallc.a(lib_a-writer.o)
 .debug_abbrev  0x00000b9e       0x3b c:/altera/13.0sp1/nios2eds/bin/gnu/h-i686-mingw32/bin/../lib/gcc/nios2-elf/4.1.2/../../../../nios2-elf/lib\libsmallc.a(lib_a-int_errno.o)
 .debug_abbrev  0x00000bd9      0x134 ../bai3_bsp/\libhal_bsp.a(alt_iic.o)
 .debug_abbrev  0x00000d0d      0x14e ../bai3_bsp/\libhal_bsp.a(alt_iic_isr_register.o)
 .debug_abbrev  0x00000e5b       0x12 ../bai3_bsp/\libhal_bsp.a(alt_irq_entry.o)
 .debug_abbrev  0x00000e6d      0x10c ../bai3_bsp/\libhal_bsp.a(alt_irq_handler.o)
 .debug_abbrev  0x00000f79       0x44 ../bai3_bsp/\libhal_bsp.a(alt_irq_vars.o)
 .debug_abbrev  0x00000fbd       0x88 ../bai3_bsp/\libhal_bsp.a(alt_load.o)
 .debug_abbrev  0x00001045       0xb7 ../bai3_bsp/\libhal_bsp.a(alt_main.o)
 .debug_abbrev  0x000010fc      0x100 ../bai3_bsp/\libhal_bsp.a(alt_write.o)
 .debug_abbrev  0x000011fc      0x121 ../bai3_bsp/\libhal_bsp.a(alt_sys_init.o)
 .debug_abbrev  0x0000131d       0xcb ../bai3_bsp/\libhal_bsp.a(altera_avalon_jtag_uart_fd.o)
 .debug_abbrev  0x000013e8       0xb6 ../bai3_bsp/\libhal_bsp.a(altera_avalon_jtag_uart_read.o)
 .debug_abbrev  0x0000149e       0xb4 ../bai3_bsp/\libhal_bsp.a(altera_avalon_jtag_uart_write.o)
 .debug_abbrev  0x00001552      0x137 ../bai3_bsp/\libhal_bsp.a(altera_avalon_timer_sc.o)
 .debug_abbrev  0x00001689       0xfb ../bai3_bsp/\libhal_bsp.a(alt_close.o)
 .debug_abbrev  0x00001784       0x3f ../bai3_bsp/\libhal_bsp.a(alt_dcache_flush_all.o)
 .debug_abbrev  0x000017c3       0xc7 ../bai3_bsp/\libhal_bsp.a(alt_dev.o)
 .debug_abbrev  0x0000188a       0xf6 ../bai3_bsp/\libhal_bsp.a(alt_dev_llist_insert.o)
 .debug_abbrev  0x00001980       0x76 ../bai3_bsp/\libhal_bsp.a(alt_do_ctors.o)
 .debug_abbrev  0x000019f6       0x76 ../bai3_bsp/\libhal_bsp.a(alt_do_dtors.o)
 .debug_abbrev  0x00001a6c       0x5e ../bai3_bsp/\libhal_bsp.a(alt_errno.o)
 .debug_abbrev  0x00001aca       0x12 ../bai3_bsp/\libhal_bsp.a(alt_exception_entry.o)
 .debug_abbrev  0x00001adc       0x3f ../bai3_bsp/\libhal_bsp.a(alt_icache_flush_all.o)
 .debug_abbrev  0x00001b1b       0xf0 ../bai3_bsp/\libhal_bsp.a(alt_io_redirect.o)
 .debug_abbrev  0x00001c0b      0x112 ../bai3_bsp/\libhal_bsp.a(alt_open.o)
 .debug_abbrev  0x00001d1d       0xc1 ../bai3_bsp/\libhal_bsp.a(alt_release_fd.o)
 .debug_abbrev  0x00001dde      0x150 ../bai3_bsp/\libhal_bsp.a(alt_tick.o)
 .debug_abbrev  0x00001f2e       0x3f ../bai3_bsp/\libhal_bsp.a(altera_nios2_qsys_irq.o)
 .debug_abbrev  0x00001f6d       0xcf ../bai3_bsp/\libhal_bsp.a(alt_find_dev.o)
 .debug_abbrev  0x0000203c       0xcf ../bai3_bsp/\libhal_bsp.a(alt_find_file.o)
 .debug_abbrev  0x0000210b       0xfb ../bai3_bsp/\libhal_bsp.a(alt_get_fd.o)
 .debug_abbrev  0x00002206       0x7a ../bai3_bsp/\libhal_bsp.a(alt_icache_flush.o)
 .debug_abbrev  0x00002280       0xc6 c:/altera/13.0sp1/nios2eds/bin/gnu/h-i686-mingw32/bin/../lib/gcc/nios2-elf/4.1.2/../../../../nios2-elf/lib\libsmallc.a(lib_a-atexit.o)
 .debug_abbrev  0x00002346       0x4e c:/altera/13.0sp1/nios2eds/bin/gnu/h-i686-mingw32/bin/../lib/gcc/nios2-elf/4.1.2/../../../../nios2-elf/lib\libsmallc.a(lib_a-exit.o)
 .debug_abbrev  0x00002394       0x7c c:/altera/13.0sp1/nios2eds/bin/gnu/h-i686-mingw32/bin/../lib/gcc/nios2-elf/4.1.2/../../../../nios2-elf/lib\libsmallc.a(lib_a-memcmp.o)
 .debug_abbrev  0x00002410      0x196 c:/altera/13.0sp1/nios2eds/bin/gnu/h-i686-mingw32/bin/../lib/gcc/nios2-elf/4.1.2/../../../../nios2-elf/lib\libsmallc.a(lib_a-__atexit.o)
 .debug_abbrev  0x000025a6      0x1c6 c:/altera/13.0sp1/nios2eds/bin/gnu/h-i686-mingw32/bin/../lib/gcc/nios2-elf/4.1.2/../../../../nios2-elf/lib\libsmallc.a(lib_a-__call_atexit.o)
 .debug_abbrev  0x0000276c       0x72 ../bai3_bsp/\libhal_bsp.a(alt_exit.o)

.debug_line     0x00000000     0x6d4e
 *(.debug_line)
 .debug_line    0x00000000       0x5c ../bai3_bsp//obj/HAL/src/crt0.o
 .debug_line    0x0000005c      0x3ea obj/default/hello_world.o
 .debug_line    0x00000446      0x24f c:/altera/13.0sp1/nios2eds/bin/gnu/h-i686-mingw32/bin/../lib/gcc/nios2-elf/4.1.2\libgcc.a(lib2-divmod.o)
 .debug_line    0x00000695      0x2bb c:/altera/13.0sp1/nios2eds/bin/gnu/h-i686-mingw32/bin/../lib/gcc/nios2-elf/4.1.2/../../../../nios2-elf/lib\libsmallc.a(lib_a-printf.o)
 .debug_line    0x00000950      0x2af c:/altera/13.0sp1/nios2eds/bin/gnu/h-i686-mingw32/bin/../lib/gcc/nios2-elf/4.1.2/../../../../nios2-elf/lib\libsmallc.a(lib_a-puts.o)
 .debug_line    0x00000bff      0x24d c:/altera/13.0sp1/nios2eds/bin/gnu/h-i686-mingw32/bin/../lib/gcc/nios2-elf/4.1.2/../../../../nios2-elf/lib\libsmallc.a(lib_a-strlen.o)
 .debug_line    0x00000e4c      0x62c c:/altera/13.0sp1/nios2eds/bin/gnu/h-i686-mingw32/bin/../lib/gcc/nios2-elf/4.1.2/../../../../nios2-elf/lib\libsmallc.a(lib_a-vfprintf.o)
 .debug_line    0x00001478      0x2a6 c:/altera/13.0sp1/nios2eds/bin/gnu/h-i686-mingw32/bin/../lib/gcc/nios2-elf/4.1.2/../../../../nios2-elf/lib\libsmallc.a(lib_a-fvwrite_small_dev.o)
 .debug_line    0x0000171e      0x22d c:/altera/13.0sp1/nios2eds/bin/gnu/h-i686-mingw32/bin/../lib/gcc/nios2-elf/4.1.2/../../../../nios2-elf/lib\libsmallc.a(lib_a-impure.o)
 .debug_line    0x0000194b      0x29a c:/altera/13.0sp1/nios2eds/bin/gnu/h-i686-mingw32/bin/../lib/gcc/nios2-elf/4.1.2/../../../../nios2-elf/lib\libsmallc.a(lib_a-writer.o)
 .debug_line    0x00001be5      0x1df c:/altera/13.0sp1/nios2eds/bin/gnu/h-i686-mingw32/bin/../lib/gcc/nios2-elf/4.1.2/../../../../nios2-elf/lib\libsmallc.a(lib_a-int_errno.o)
 .debug_line    0x00001dc4      0x2c8 ../bai3_bsp/\libhal_bsp.a(alt_iic.o)
 .debug_line    0x0000208c      0x249 ../bai3_bsp/\libhal_bsp.a(alt_iic_isr_register.o)
 .debug_line    0x000022d5       0x6b ../bai3_bsp/\libhal_bsp.a(alt_irq_entry.o)
 .debug_line    0x00002340      0x248 ../bai3_bsp/\libhal_bsp.a(alt_irq_handler.o)
 .debug_line    0x00002588       0x72 ../bai3_bsp/\libhal_bsp.a(alt_irq_vars.o)
 .debug_line    0x000025fa      0x217 ../bai3_bsp/\libhal_bsp.a(alt_load.o)
 .debug_line    0x00002811      0x2ca ../bai3_bsp/\libhal_bsp.a(alt_main.o)
 .debug_line    0x00002adb      0x2c9 ../bai3_bsp/\libhal_bsp.a(alt_write.o)
 .debug_line    0x00002da4      0x2c7 ../bai3_bsp/\libhal_bsp.a(alt_sys_init.o)
 .debug_line    0x0000306b      0x1d7 ../bai3_bsp/\libhal_bsp.a(altera_avalon_jtag_uart_fd.o)
 .debug_line    0x00003242      0x343 ../bai3_bsp/\libhal_bsp.a(altera_avalon_jtag_uart_read.o)
 .debug_line    0x00003585      0x304 ../bai3_bsp/\libhal_bsp.a(altera_avalon_jtag_uart_write.o)
 .debug_line    0x00003889      0x2b3 ../bai3_bsp/\libhal_bsp.a(altera_avalon_timer_sc.o)
 .debug_line    0x00003b3c      0x299 ../bai3_bsp/\libhal_bsp.a(alt_close.o)
 .debug_line    0x00003dd5      0x1b5 ../bai3_bsp/\libhal_bsp.a(alt_dcache_flush_all.o)
 .debug_line    0x00003f8a      0x254 ../bai3_bsp/\libhal_bsp.a(alt_dev.o)
 .debug_line    0x000041de      0x25a ../bai3_bsp/\libhal_bsp.a(alt_dev_llist_insert.o)
 .debug_line    0x00004438       0x83 ../bai3_bsp/\libhal_bsp.a(alt_do_ctors.o)
 .debug_line    0x000044bb       0x83 ../bai3_bsp/\libhal_bsp.a(alt_do_dtors.o)
 .debug_line    0x0000453e      0x1aa ../bai3_bsp/\libhal_bsp.a(alt_errno.o)
 .debug_line    0x000046e8       0xab ../bai3_bsp/\libhal_bsp.a(alt_exception_entry.o)
 .debug_line    0x00004793      0x1bd ../bai3_bsp/\libhal_bsp.a(alt_icache_flush_all.o)
 .debug_line    0x00004950      0x2b4 ../bai3_bsp/\libhal_bsp.a(alt_io_redirect.o)
 .debug_line    0x00004c04      0x2ff ../bai3_bsp/\libhal_bsp.a(alt_open.o)
 .debug_line    0x00004f03       0xed ../bai3_bsp/\libhal_bsp.a(alt_release_fd.o)
 .debug_line    0x00004ff0      0x2dc ../bai3_bsp/\libhal_bsp.a(alt_tick.o)
 .debug_line    0x000052cc      0x1ce ../bai3_bsp/\libhal_bsp.a(altera_nios2_qsys_irq.o)
 .debug_line    0x0000549a      0x26b ../bai3_bsp/\libhal_bsp.a(alt_find_dev.o)
 .debug_line    0x00005705      0x27c ../bai3_bsp/\libhal_bsp.a(alt_find_file.o)
 .debug_line    0x00005981      0x297 ../bai3_bsp/\libhal_bsp.a(alt_get_fd.o)
 .debug_line    0x00005c18      0x1f9 ../bai3_bsp/\libhal_bsp.a(alt_icache_flush.o)
 .debug_line    0x00005e11      0x200 c:/altera/13.0sp1/nios2eds/bin/gnu/h-i686-mingw32/bin/../lib/gcc/nios2-elf/4.1.2/../../../../nios2-elf/lib\libsmallc.a(lib_a-atexit.o)
 .debug_line    0x00006011      0x220 c:/altera/13.0sp1/nios2eds/bin/gnu/h-i686-mingw32/bin/../lib/gcc/nios2-elf/4.1.2/../../../../nios2-elf/lib\libsmallc.a(lib_a-exit.o)
 .debug_line    0x00006231      0x26d c:/altera/13.0sp1/nios2eds/bin/gnu/h-i686-mingw32/bin/../lib/gcc/nios2-elf/4.1.2/../../../../nios2-elf/lib\libsmallc.a(lib_a-memcmp.o)
 .debug_line    0x0000649e      0x34d c:/altera/13.0sp1/nios2eds/bin/gnu/h-i686-mingw32/bin/../lib/gcc/nios2-elf/4.1.2/../../../../nios2-elf/lib\libsmallc.a(lib_a-__atexit.o)
 .debug_line    0x000067eb      0x35d c:/altera/13.0sp1/nios2eds/bin/gnu/h-i686-mingw32/bin/../lib/gcc/nios2-elf/4.1.2/../../../../nios2-elf/lib\libsmallc.a(lib_a-__call_atexit.o)
 .debug_line    0x00006b48      0x206 ../bai3_bsp/\libhal_bsp.a(alt_exit.o)

.debug_frame    0x00000000      0x9ac
 *(.debug_frame)
 .debug_frame   0x00000000       0x64 obj/default/hello_world.o
 .debug_frame   0x00000064       0x70 c:/altera/13.0sp1/nios2eds/bin/gnu/h-i686-mingw32/bin/../lib/gcc/nios2-elf/4.1.2\libgcc.a(lib2-divmod.o)
 .debug_frame   0x000000d4       0x40 c:/altera/13.0sp1/nios2eds/bin/gnu/h-i686-mingw32/bin/../lib/gcc/nios2-elf/4.1.2/../../../../nios2-elf/lib\libsmallc.a(lib_a-printf.o)
 .debug_frame   0x00000114       0x3c c:/altera/13.0sp1/nios2eds/bin/gnu/h-i686-mingw32/bin/../lib/gcc/nios2-elf/4.1.2/../../../../nios2-elf/lib\libsmallc.a(lib_a-puts.o)
 .debug_frame   0x00000150       0x20 c:/altera/13.0sp1/nios2eds/bin/gnu/h-i686-mingw32/bin/../lib/gcc/nios2-elf/4.1.2/../../../../nios2-elf/lib\libsmallc.a(lib_a-strlen.o)
 .debug_frame   0x00000170       0x64 c:/altera/13.0sp1/nios2eds/bin/gnu/h-i686-mingw32/bin/../lib/gcc/nios2-elf/4.1.2/../../../../nios2-elf/lib\libsmallc.a(lib_a-vfprintf.o)
 .debug_frame   0x000001d4       0x30 c:/altera/13.0sp1/nios2eds/bin/gnu/h-i686-mingw32/bin/../lib/gcc/nios2-elf/4.1.2/../../../../nios2-elf/lib\libsmallc.a(lib_a-fvwrite_small_dev.o)
 .debug_frame   0x00000204       0x2c c:/altera/13.0sp1/nios2eds/bin/gnu/h-i686-mingw32/bin/../lib/gcc/nios2-elf/4.1.2/../../../../nios2-elf/lib\libsmallc.a(lib_a-writer.o)
 .debug_frame   0x00000230       0x80 ../bai3_bsp/\libhal_bsp.a(alt_iic.o)
 .debug_frame   0x000002b0       0x2c ../bai3_bsp/\libhal_bsp.a(alt_iic_isr_register.o)
 .debug_frame   0x000002dc       0x2c ../bai3_bsp/\libhal_bsp.a(alt_irq_handler.o)
 .debug_frame   0x00000308       0x48 ../bai3_bsp/\libhal_bsp.a(alt_load.o)
 .debug_frame   0x00000350       0x2c ../bai3_bsp/\libhal_bsp.a(alt_main.o)
 .debug_frame   0x0000037c       0x48 ../bai3_bsp/\libhal_bsp.a(alt_write.o)
 .debug_frame   0x000003c4       0x64 ../bai3_bsp/\libhal_bsp.a(alt_sys_init.o)
 .debug_frame   0x00000428       0x48 ../bai3_bsp/\libhal_bsp.a(altera_avalon_jtag_uart_fd.o)
 .debug_frame   0x00000470       0x2c ../bai3_bsp/\libhal_bsp.a(altera_avalon_jtag_uart_read.o)
 .debug_frame   0x0000049c       0x2c ../bai3_bsp/\libhal_bsp.a(altera_avalon_jtag_uart_write.o)
 .debug_frame   0x000004c8       0x48 ../bai3_bsp/\libhal_bsp.a(altera_avalon_timer_sc.o)
 .debug_frame   0x00000510       0x48 ../bai3_bsp/\libhal_bsp.a(alt_close.o)
 .debug_frame   0x00000558       0x2c ../bai3_bsp/\libhal_bsp.a(alt_dcache_flush_all.o)
 .debug_frame   0x00000584       0x2c ../bai3_bsp/\libhal_bsp.a(alt_dev.o)
 .debug_frame   0x000005b0       0x48 ../bai3_bsp/\libhal_bsp.a(alt_dev_llist_insert.o)
 .debug_frame   0x000005f8       0x2c ../bai3_bsp/\libhal_bsp.a(alt_do_ctors.o)
 .debug_frame   0x00000624       0x2c ../bai3_bsp/\libhal_bsp.a(alt_do_dtors.o)
 .debug_frame   0x00000650       0x2c ../bai3_bsp/\libhal_bsp.a(alt_icache_flush_all.o)
 .debug_frame   0x0000067c       0x48 ../bai3_bsp/\libhal_bsp.a(alt_io_redirect.o)
 .debug_frame   0x000006c4       0x64 ../bai3_bsp/\libhal_bsp.a(alt_open.o)
 .debug_frame   0x00000728       0x2c ../bai3_bsp/\libhal_bsp.a(alt_release_fd.o)
 .debug_frame   0x00000754       0x48 ../bai3_bsp/\libhal_bsp.a(alt_tick.o)
 .debug_frame   0x0000079c       0x2c ../bai3_bsp/\libhal_bsp.a(altera_nios2_qsys_irq.o)
 .debug_frame   0x000007c8       0x2c ../bai3_bsp/\libhal_bsp.a(alt_find_dev.o)
 .debug_frame   0x000007f4       0x2c ../bai3_bsp/\libhal_bsp.a(alt_find_file.o)
 .debug_frame   0x00000820       0x2c ../bai3_bsp/\libhal_bsp.a(alt_get_fd.o)
 .debug_frame   0x0000084c       0x2c ../bai3_bsp/\libhal_bsp.a(alt_icache_flush.o)
 .debug_frame   0x00000878       0x20 c:/altera/13.0sp1/nios2eds/bin/gnu/h-i686-mingw32/bin/../lib/gcc/nios2-elf/4.1.2/../../../../nios2-elf/lib\libsmallc.a(lib_a-atexit.o)
 .debug_frame   0x00000898       0x2c c:/altera/13.0sp1/nios2eds/bin/gnu/h-i686-mingw32/bin/../lib/gcc/nios2-elf/4.1.2/../../../../nios2-elf/lib\libsmallc.a(lib_a-exit.o)
 .debug_frame   0x000008c4       0x20 c:/altera/13.0sp1/nios2eds/bin/gnu/h-i686-mingw32/bin/../lib/gcc/nios2-elf/4.1.2/../../../../nios2-elf/lib\libsmallc.a(lib_a-memcmp.o)
 .debug_frame   0x000008e4       0x34 c:/altera/13.0sp1/nios2eds/bin/gnu/h-i686-mingw32/bin/../lib/gcc/nios2-elf/4.1.2/../../../../nios2-elf/lib\libsmallc.a(lib_a-__atexit.o)
 .debug_frame   0x00000918       0x4c c:/altera/13.0sp1/nios2eds/bin/gnu/h-i686-mingw32/bin/../lib/gcc/nios2-elf/4.1.2/../../../../nios2-elf/lib\libsmallc.a(lib_a-__call_atexit.o)
 .debug_frame   0x00000964       0x48 ../bai3_bsp/\libhal_bsp.a(alt_exit.o)

.debug_str      0x00000000      0xd6e
 *(.debug_str)
 .debug_str     0x00000000       0x12 obj/default/hello_world.o
 .debug_str     0x00000012      0x167 c:/altera/13.0sp1/nios2eds/bin/gnu/h-i686-mingw32/bin/../lib/gcc/nios2-elf/4.1.2\libgcc.a(lib2-divmod.o)
                                0x1b4 (size before relaxing)
 .debug_str     0x00000179      0x39c c:/altera/13.0sp1/nios2eds/bin/gnu/h-i686-mingw32/bin/../lib/gcc/nios2-elf/4.1.2/../../../../nios2-elf/lib\libsmallc.a(lib_a-printf.o)
                                0x458 (size before relaxing)
 .debug_str     0x00000515       0x45 c:/altera/13.0sp1/nios2eds/bin/gnu/h-i686-mingw32/bin/../lib/gcc/nios2-elf/4.1.2/../../../../nios2-elf/lib\libsmallc.a(lib_a-puts.o)
                                0x442 (size before relaxing)
 .debug_str     0x0000055a       0xd4 c:/altera/13.0sp1/nios2eds/bin/gnu/h-i686-mingw32/bin/../lib/gcc/nios2-elf/4.1.2/../../../../nios2-elf/lib\libsmallc.a(lib_a-strlen.o)
                                0x176 (size before relaxing)
 .debug_str     0x0000062e      0x165 c:/altera/13.0sp1/nios2eds/bin/gnu/h-i686-mingw32/bin/../lib/gcc/nios2-elf/4.1.2/../../../../nios2-elf/lib\libsmallc.a(lib_a-vfprintf.o)
                                0x5a1 (size before relaxing)
 .debug_str     0x00000793       0x6d c:/altera/13.0sp1/nios2eds/bin/gnu/h-i686-mingw32/bin/../lib/gcc/nios2-elf/4.1.2/../../../../nios2-elf/lib\libsmallc.a(lib_a-fvwrite_small_dev.o)
                                0x45c (size before relaxing)
 .debug_str     0x00000800       0xea c:/altera/13.0sp1/nios2eds/bin/gnu/h-i686-mingw32/bin/../lib/gcc/nios2-elf/4.1.2/../../../../nios2-elf/lib\libsmallc.a(lib_a-impure.o)
                                0x44f (size before relaxing)
 .debug_str     0x000008ea       0x4c c:/altera/13.0sp1/nios2eds/bin/gnu/h-i686-mingw32/bin/../lib/gcc/nios2-elf/4.1.2/../../../../nios2-elf/lib\libsmallc.a(lib_a-writer.o)
                                0x443 (size before relaxing)
 .debug_str     0x00000936       0x3d c:/altera/13.0sp1/nios2eds/bin/gnu/h-i686-mingw32/bin/../lib/gcc/nios2-elf/4.1.2/../../../../nios2-elf/lib\libsmallc.a(lib_a-int_errno.o)
                                0x169 (size before relaxing)
 .debug_str     0x00000973       0x18 ../bai3_bsp/\libhal_bsp.a(alt_iic.o)
 .debug_str     0x0000098b       0x1a ../bai3_bsp/\libhal_bsp.a(alt_iic_isr_register.o)
 .debug_str     0x000009a5       0x12 ../bai3_bsp/\libhal_bsp.a(alt_irq_handler.o)
 .debug_str     0x000009b7       0x12 ../bai3_bsp/\libhal_bsp.a(alt_load.o)
 .debug_str     0x000009c9       0x12 ../bai3_bsp/\libhal_bsp.a(alt_main.o)
 .debug_str     0x000009db       0x12 ../bai3_bsp/\libhal_bsp.a(alt_write.o)
 .debug_str     0x000009ed       0x12 ../bai3_bsp/\libhal_bsp.a(alt_sys_init.o)
 .debug_str     0x000009ff       0x12 ../bai3_bsp/\libhal_bsp.a(altera_avalon_jtag_uart_read.o)
 .debug_str     0x00000a11       0x12 ../bai3_bsp/\libhal_bsp.a(altera_avalon_jtag_uart_write.o)
 .debug_str     0x00000a23       0x12 ../bai3_bsp/\libhal_bsp.a(altera_avalon_timer_sc.o)
 .debug_str     0x00000a35       0x12 ../bai3_bsp/\libhal_bsp.a(alt_close.o)
 .debug_str     0x00000a47       0x12 ../bai3_bsp/\libhal_bsp.a(alt_dcache_flush_all.o)
 .debug_str     0x00000a59       0x12 ../bai3_bsp/\libhal_bsp.a(alt_dev.o)
 .debug_str     0x00000a6b       0x12 ../bai3_bsp/\libhal_bsp.a(alt_dev_llist_insert.o)
 .debug_str     0x00000a7d       0x12 ../bai3_bsp/\libhal_bsp.a(alt_errno.o)
 .debug_str     0x00000a8f       0x12 ../bai3_bsp/\libhal_bsp.a(alt_icache_flush_all.o)
 .debug_str     0x00000aa1       0x12 ../bai3_bsp/\libhal_bsp.a(alt_io_redirect.o)
 .debug_str     0x00000ab3       0x12 ../bai3_bsp/\libhal_bsp.a(alt_open.o)
 .debug_str     0x00000ac5       0x1a ../bai3_bsp/\libhal_bsp.a(alt_tick.o)
 .debug_str     0x00000adf       0x12 ../bai3_bsp/\libhal_bsp.a(altera_nios2_qsys_irq.o)
 .debug_str     0x00000af1       0x12 ../bai3_bsp/\libhal_bsp.a(alt_find_dev.o)
 .debug_str     0x00000b03       0x12 ../bai3_bsp/\libhal_bsp.a(alt_find_file.o)
 .debug_str     0x00000b15       0x12 ../bai3_bsp/\libhal_bsp.a(alt_get_fd.o)
 .debug_str     0x00000b27       0x12 ../bai3_bsp/\libhal_bsp.a(alt_icache_flush.o)
 .debug_str     0x00000b39       0xcd c:/altera/13.0sp1/nios2eds/bin/gnu/h-i686-mingw32/bin/../lib/gcc/nios2-elf/4.1.2/../../../../nios2-elf/lib\libsmallc.a(lib_a-atexit.o)
                                0x1d7 (size before relaxing)
 .debug_str     0x00000c06       0x3e c:/altera/13.0sp1/nios2eds/bin/gnu/h-i686-mingw32/bin/../lib/gcc/nios2-elf/4.1.2/../../../../nios2-elf/lib\libsmallc.a(lib_a-exit.o)
                                0x16a (size before relaxing)
 .debug_str     0x00000c44       0x42 c:/altera/13.0sp1/nios2eds/bin/gnu/h-i686-mingw32/bin/../lib/gcc/nios2-elf/4.1.2/../../../../nios2-elf/lib\libsmallc.a(lib_a-memcmp.o)
                                0x170 (size before relaxing)
 .debug_str     0x00000c86       0x51 c:/altera/13.0sp1/nios2eds/bin/gnu/h-i686-mingw32/bin/../lib/gcc/nios2-elf/4.1.2/../../../../nios2-elf/lib\libsmallc.a(lib_a-__atexit.o)
                                0x459 (size before relaxing)
 .debug_str     0x00000cd7       0x7b c:/altera/13.0sp1/nios2eds/bin/gnu/h-i686-mingw32/bin/../lib/gcc/nios2-elf/4.1.2/../../../../nios2-elf/lib\libsmallc.a(lib_a-__call_atexit.o)
                                0x483 (size before relaxing)
 .debug_str     0x00000d52       0x1c ../bai3_bsp/\libhal_bsp.a(alt_exit.o)

.debug_loc      0x00000000     0x183d
 *(.debug_loc)
 .debug_loc     0x00000000       0x81 obj/default/hello_world.o
 .debug_loc     0x00000081      0x1d2 c:/altera/13.0sp1/nios2eds/bin/gnu/h-i686-mingw32/bin/../lib/gcc/nios2-elf/4.1.2\libgcc.a(lib2-divmod.o)
 .debug_loc     0x00000253       0x8d c:/altera/13.0sp1/nios2eds/bin/gnu/h-i686-mingw32/bin/../lib/gcc/nios2-elf/4.1.2/../../../../nios2-elf/lib\libsmallc.a(lib_a-printf.o)
 .debug_loc     0x000002e0       0xa2 c:/altera/13.0sp1/nios2eds/bin/gnu/h-i686-mingw32/bin/../lib/gcc/nios2-elf/4.1.2/../../../../nios2-elf/lib\libsmallc.a(lib_a-puts.o)
 .debug_loc     0x00000382       0x1e c:/altera/13.0sp1/nios2eds/bin/gnu/h-i686-mingw32/bin/../lib/gcc/nios2-elf/4.1.2/../../../../nios2-elf/lib\libsmallc.a(lib_a-strlen.o)
 .debug_loc     0x000003a0      0x773 c:/altera/13.0sp1/nios2eds/bin/gnu/h-i686-mingw32/bin/../lib/gcc/nios2-elf/4.1.2/../../../../nios2-elf/lib\libsmallc.a(lib_a-vfprintf.o)
 .debug_loc     0x00000b13      0x162 c:/altera/13.0sp1/nios2eds/bin/gnu/h-i686-mingw32/bin/../lib/gcc/nios2-elf/4.1.2/../../../../nios2-elf/lib\libsmallc.a(lib_a-fvwrite_small_dev.o)
 .debug_loc     0x00000c75       0x97 c:/altera/13.0sp1/nios2eds/bin/gnu/h-i686-mingw32/bin/../lib/gcc/nios2-elf/4.1.2/../../../../nios2-elf/lib\libsmallc.a(lib_a-writer.o)
 .debug_loc     0x00000d0c       0xac ../bai3_bsp/\libhal_bsp.a(alt_iic.o)
 .debug_loc     0x00000db8       0x2b ../bai3_bsp/\libhal_bsp.a(alt_iic_isr_register.o)
 .debug_loc     0x00000de3       0x2b ../bai3_bsp/\libhal_bsp.a(alt_irq_handler.o)
 .debug_loc     0x00000e0e       0x56 ../bai3_bsp/\libhal_bsp.a(alt_load.o)
 .debug_loc     0x00000e64       0x2b ../bai3_bsp/\libhal_bsp.a(alt_main.o)
 .debug_loc     0x00000e8f       0x56 ../bai3_bsp/\libhal_bsp.a(alt_write.o)
 .debug_loc     0x00000ee5       0x81 ../bai3_bsp/\libhal_bsp.a(alt_sys_init.o)
 .debug_loc     0x00000f66       0x56 ../bai3_bsp/\libhal_bsp.a(altera_avalon_jtag_uart_fd.o)
 .debug_loc     0x00000fbc       0x2b ../bai3_bsp/\libhal_bsp.a(altera_avalon_jtag_uart_read.o)
 .debug_loc     0x00000fe7       0x2b ../bai3_bsp/\libhal_bsp.a(altera_avalon_jtag_uart_write.o)
 .debug_loc     0x00001012       0x56 ../bai3_bsp/\libhal_bsp.a(altera_avalon_timer_sc.o)
 .debug_loc     0x00001068       0x56 ../bai3_bsp/\libhal_bsp.a(alt_close.o)
 .debug_loc     0x000010be       0x2b ../bai3_bsp/\libhal_bsp.a(alt_dcache_flush_all.o)
 .debug_loc     0x000010e9       0x2b ../bai3_bsp/\libhal_bsp.a(alt_dev.o)
 .debug_loc     0x00001114       0x56 ../bai3_bsp/\libhal_bsp.a(alt_dev_llist_insert.o)
 .debug_loc     0x0000116a       0x2b ../bai3_bsp/\libhal_bsp.a(alt_do_ctors.o)
 .debug_loc     0x00001195       0x2b ../bai3_bsp/\libhal_bsp.a(alt_do_dtors.o)
 .debug_loc     0x000011c0       0x2b ../bai3_bsp/\libhal_bsp.a(alt_icache_flush_all.o)
 .debug_loc     0x000011eb       0x56 ../bai3_bsp/\libhal_bsp.a(alt_io_redirect.o)
 .debug_loc     0x00001241       0x81 ../bai3_bsp/\libhal_bsp.a(alt_open.o)
 .debug_loc     0x000012c2       0x2b ../bai3_bsp/\libhal_bsp.a(alt_release_fd.o)
 .debug_loc     0x000012ed       0x56 ../bai3_bsp/\libhal_bsp.a(alt_tick.o)
 .debug_loc     0x00001343       0x2b ../bai3_bsp/\libhal_bsp.a(altera_nios2_qsys_irq.o)
 .debug_loc     0x0000136e       0x2b ../bai3_bsp/\libhal_bsp.a(alt_find_dev.o)
 .debug_loc     0x00001399       0x2b ../bai3_bsp/\libhal_bsp.a(alt_find_file.o)
 .debug_loc     0x000013c4       0x2b ../bai3_bsp/\libhal_bsp.a(alt_get_fd.o)
 .debug_loc     0x000013ef       0x2b ../bai3_bsp/\libhal_bsp.a(alt_icache_flush.o)
 .debug_loc     0x0000141a       0x1e c:/altera/13.0sp1/nios2eds/bin/gnu/h-i686-mingw32/bin/../lib/gcc/nios2-elf/4.1.2/../../../../nios2-elf/lib\libsmallc.a(lib_a-atexit.o)
 .debug_loc     0x00001438       0x3d c:/altera/13.0sp1/nios2eds/bin/gnu/h-i686-mingw32/bin/../lib/gcc/nios2-elf/4.1.2/../../../../nios2-elf/lib\libsmallc.a(lib_a-exit.o)
 .debug_loc     0x00001475       0x70 c:/altera/13.0sp1/nios2eds/bin/gnu/h-i686-mingw32/bin/../lib/gcc/nios2-elf/4.1.2/../../../../nios2-elf/lib\libsmallc.a(lib_a-memcmp.o)
 .debug_loc     0x000014e5      0x141 c:/altera/13.0sp1/nios2eds/bin/gnu/h-i686-mingw32/bin/../lib/gcc/nios2-elf/4.1.2/../../../../nios2-elf/lib\libsmallc.a(lib_a-__atexit.o)
 .debug_loc     0x00001626      0x1c1 c:/altera/13.0sp1/nios2eds/bin/gnu/h-i686-mingw32/bin/../lib/gcc/nios2-elf/4.1.2/../../../../nios2-elf/lib\libsmallc.a(lib_a-__call_atexit.o)
 .debug_loc     0x000017e7       0x56 ../bai3_bsp/\libhal_bsp.a(alt_exit.o)

.debug_macinfo
 *(.debug_macinfo)

.debug_weaknames
 *(.debug_weaknames)

.debug_funcnames
 *(.debug_funcnames)

.debug_typenames
 *(.debug_typenames)

.debug_varnames
 *(.debug_varnames)

.debug_alt_sim_info
 *(.debug_alt_sim_info)
                0x00019c40                __alt_data_end = 0x19c40
                0x00019c40                PROVIDE (__alt_stack_pointer, __alt_data_end)
                0x000133cc                PROVIDE (__alt_stack_limit, __alt_stack_base)
                0x000133cc                PROVIDE (__alt_heap_start, end)
                0x00019c40                PROVIDE (__alt_heap_limit, 0x19c40)
OUTPUT(RUN_ON_HDL_SIMULATOR_ONLY_bai3.elf elf32-littlenios2)

.debug_ranges   0x00000000      0x1d0
 .debug_ranges  0x00000000       0x20 ../bai3_bsp//obj/HAL/src/crt0.o
 .debug_ranges  0x00000020      0x140 c:/altera/13.0sp1/nios2eds/bin/gnu/h-i686-mingw32/bin/../lib/gcc/nios2-elf/4.1.2/../../../../nios2-elf/lib\libsmallc.a(lib_a-vfprintf.o)
 .debug_ranges  0x00000160       0x28 ../bai3_bsp/\libhal_bsp.a(alt_irq_entry.o)
 .debug_ranges  0x00000188       0x30 ../bai3_bsp/\libhal_bsp.a(alt_exception_entry.o)
 .debug_ranges  0x000001b8       0x18 c:/altera/13.0sp1/nios2eds/bin/gnu/h-i686-mingw32/bin/../lib/gcc/nios2-elf/4.1.2/../../../../nios2-elf/lib\libsmallc.a(lib_a-__call_atexit.o)
