Archive member included because of file (symbol)

c:/altera/13.0sp1/nios2eds/bin/gnu/h-i686-mingw32/bin/../lib/gcc/nios2-elf/4.1.2/../../../../nios2-elf/lib\libsmallc.a(lib_a-puts.o)
                              obj/default/hello_world.o (puts)
c:/altera/13.0sp1/nios2eds/bin/gnu/h-i686-mingw32/bin/../lib/gcc/nios2-elf/4.1.2/../../../../nios2-elf/lib\libsmallc.a(lib_a-strlen.o)
                              c:/altera/13.0sp1/nios2eds/bin/gnu/h-i686-mingw32/bin/../lib/gcc/nios2-elf/4.1.2/../../../../nios2-elf/lib\libsmallc.a(lib_a-puts.o) (strlen)
c:/altera/13.0sp1/nios2eds/bin/gnu/h-i686-mingw32/bin/../lib/gcc/nios2-elf/4.1.2/../../../../nios2-elf/lib\libsmallc.a(lib_a-fvwrite_small_dev.o)
                              c:/altera/13.0sp1/nios2eds/bin/gnu/h-i686-mingw32/bin/../lib/gcc/nios2-elf/4.1.2/../../../../nios2-elf/lib\libsmallc.a(lib_a-puts.o) (__sfvwrite_small_dev)
c:/altera/13.0sp1/nios2eds/bin/gnu/h-i686-mingw32/bin/../lib/gcc/nios2-elf/4.1.2/../../../../nios2-elf/lib\libsmallc.a(lib_a-impure.o)
                              c:/altera/13.0sp1/nios2eds/bin/gnu/h-i686-mingw32/bin/../lib/gcc/nios2-elf/4.1.2/../../../../nios2-elf/lib\libsmallc.a(lib_a-puts.o) (_impure_ptr)
c:/altera/13.0sp1/nios2eds/bin/gnu/h-i686-mingw32/bin/../lib/gcc/nios2-elf/4.1.2/../../../../nios2-elf/lib\libsmallc.a(lib_a-writer.o)
                              c:/altera/13.0sp1/nios2eds/bin/gnu/h-i686-mingw32/bin/../lib/gcc/nios2-elf/4.1.2/../../../../nios2-elf/lib\libsmallc.a(lib_a-fvwrite_small_dev.o) (_write_r)
c:/altera/13.0sp1/nios2eds/bin/gnu/h-i686-mingw32/bin/../lib/gcc/nios2-elf/4.1.2/../../../../nios2-elf/lib\libsmallc.a(lib_a-int_errno.o)
                              c:/altera/13.0sp1/nios2eds/bin/gnu/h-i686-mingw32/bin/../lib/gcc/nios2-elf/4.1.2/../../../../nios2-elf/lib\libsmallc.a(lib_a-writer.o) (errno)
../bai3_bsp/\libhal_bsp.a(alt_load.o)
                              ../bai3_bsp//obj/HAL/src/crt0.o (alt_load)
../bai3_bsp/\libhal_bsp.a(alt_main.o)
                              ../bai3_bsp//obj/HAL/src/crt0.o (alt_main)
../bai3_bsp/\libhal_bsp.a(alt_write.o)
                              c:/altera/13.0sp1/nios2eds/bin/gnu/h-i686-mingw32/bin/../lib/gcc/nios2-elf/4.1.2/../../../../nios2-elf/lib\libsmallc.a(lib_a-writer.o) (write)
../bai3_bsp/\libhal_bsp.a(alt_sys_init.o)
                              ../bai3_bsp/\libhal_bsp.a(alt_main.o) (alt_irq_init)
../bai3_bsp/\libhal_bsp.a(altera_avalon_jtag_uart_fd.o)
                              ../bai3_bsp/\libhal_bsp.a(alt_sys_init.o) (altera_avalon_jtag_uart_read_fd)
../bai3_bsp/\libhal_bsp.a(altera_avalon_jtag_uart_read.o)
                              ../bai3_bsp/\libhal_bsp.a(altera_avalon_jtag_uart_fd.o) (altera_avalon_jtag_uart_read)
../bai3_bsp/\libhal_bsp.a(altera_avalon_jtag_uart_write.o)
                              ../bai3_bsp/\libhal_bsp.a(altera_avalon_jtag_uart_fd.o) (altera_avalon_jtag_uart_write)
../bai3_bsp/\libhal_bsp.a(altera_avalon_timer_sc.o)
                              ../bai3_bsp/\libhal_bsp.a(alt_sys_init.o) (alt_avalon_timer_sc_init)
../bai3_bsp/\libhal_bsp.a(alt_close.o)
                              ../bai3_bsp/\libhal_bsp.a(alt_main.o) (close)
../bai3_bsp/\libhal_bsp.a(alt_dcache_flush_all.o)
                              ../bai3_bsp/\libhal_bsp.a(alt_load.o) (alt_dcache_flush_all)
../bai3_bsp/\libhal_bsp.a(alt_dev.o)
                              ../bai3_bsp/\libhal_bsp.a(alt_sys_init.o) (alt_dev_list)
../bai3_bsp/\libhal_bsp.a(alt_dev_llist_insert.o)
                              ../bai3_bsp/\libhal_bsp.a(alt_sys_init.o) (alt_dev_llist_insert)
../bai3_bsp/\libhal_bsp.a(alt_do_ctors.o)
                              ../bai3_bsp/\libhal_bsp.a(alt_main.o) (_do_ctors)
../bai3_bsp/\libhal_bsp.a(alt_do_dtors.o)
                              ../bai3_bsp/\libhal_bsp.a(alt_main.o) (_do_dtors)
../bai3_bsp/\libhal_bsp.a(alt_errno.o)
                              ../bai3_bsp/\libhal_bsp.a(alt_write.o) (alt_errno)
../bai3_bsp/\libhal_bsp.a(alt_icache_flush_all.o)
                              ../bai3_bsp/\libhal_bsp.a(alt_load.o) (alt_icache_flush_all)
../bai3_bsp/\libhal_bsp.a(alt_iic.o)
                              ../bai3_bsp/\libhal_bsp.a(altera_avalon_timer_sc.o) (alt_ic_isr_register)
../bai3_bsp/\libhal_bsp.a(alt_iic_isr_register.o)
                              ../bai3_bsp/\libhal_bsp.a(alt_iic.o) (alt_iic_isr_register)
../bai3_bsp/\libhal_bsp.a(alt_io_redirect.o)
                              ../bai3_bsp/\libhal_bsp.a(alt_main.o) (alt_io_redirect)
../bai3_bsp/\libhal_bsp.a(alt_irq_entry.o)
                              ../bai3_bsp/\libhal_bsp.a(alt_iic_isr_register.o) (alt_irq_entry)
../bai3_bsp/\libhal_bsp.a(alt_irq_handler.o)
                              ../bai3_bsp/\libhal_bsp.a(alt_iic_isr_register.o) (alt_irq_handler)
../bai3_bsp/\libhal_bsp.a(alt_irq_vars.o)
                              ../bai3_bsp/\libhal_bsp.a(alt_iic.o) (alt_irq_active)
../bai3_bsp/\libhal_bsp.a(alt_open.o)
                              ../bai3_bsp/\libhal_bsp.a(alt_io_redirect.o) (open)
../bai3_bsp/\libhal_bsp.a(alt_release_fd.o)
                              ../bai3_bsp/\libhal_bsp.a(alt_close.o) (alt_release_fd)
../bai3_bsp/\libhal_bsp.a(alt_tick.o)
                              ../bai3_bsp/\libhal_bsp.a(altera_avalon_timer_sc.o) (_alt_tick_rate)
../bai3_bsp/\libhal_bsp.a(altera_nios2_qsys_irq.o)
                              ../bai3_bsp/\libhal_bsp.a(alt_sys_init.o) (altera_nios2_qsys_irq_init)
../bai3_bsp/\libhal_bsp.a(alt_exception_entry.o)
                              ../bai3_bsp/\libhal_bsp.a(alt_irq_entry.o) (alt_exception)
../bai3_bsp/\libhal_bsp.a(alt_find_dev.o)
                              ../bai3_bsp/\libhal_bsp.a(alt_open.o) (alt_find_dev)
../bai3_bsp/\libhal_bsp.a(alt_find_file.o)
                              ../bai3_bsp/\libhal_bsp.a(alt_open.o) (alt_find_file)
../bai3_bsp/\libhal_bsp.a(alt_get_fd.o)
                              ../bai3_bsp/\libhal_bsp.a(alt_open.o) (alt_get_fd)
../bai3_bsp/\libhal_bsp.a(alt_icache_flush.o)
                              ../bai3_bsp/\libhal_bsp.a(alt_icache_flush_all.o) (alt_icache_flush)
c:/altera/13.0sp1/nios2eds/bin/gnu/h-i686-mingw32/bin/../lib/gcc/nios2-elf/4.1.2/../../../../nios2-elf/lib\libsmallc.a(lib_a-atexit.o)
                              ../bai3_bsp/\libhal_bsp.a(alt_main.o) (atexit)
c:/altera/13.0sp1/nios2eds/bin/gnu/h-i686-mingw32/bin/../lib/gcc/nios2-elf/4.1.2/../../../../nios2-elf/lib\libsmallc.a(lib_a-exit.o)
                              ../bai3_bsp/\libhal_bsp.a(alt_main.o) (exit)
c:/altera/13.0sp1/nios2eds/bin/gnu/h-i686-mingw32/bin/../lib/gcc/nios2-elf/4.1.2/../../../../nios2-elf/lib\libsmallc.a(lib_a-memcmp.o)
                              ../bai3_bsp/\libhal_bsp.a(alt_find_dev.o) (memcmp)
c:/altera/13.0sp1/nios2eds/bin/gnu/h-i686-mingw32/bin/../lib/gcc/nios2-elf/4.1.2/../../../../nios2-elf/lib\libsmallc.a(lib_a-__atexit.o)
                              c:/altera/13.0sp1/nios2eds/bin/gnu/h-i686-mingw32/bin/../lib/gcc/nios2-elf/4.1.2/../../../../nios2-elf/lib\libsmallc.a(lib_a-atexit.o) (__register_exitproc)
c:/altera/13.0sp1/nios2eds/bin/gnu/h-i686-mingw32/bin/../lib/gcc/nios2-elf/4.1.2/../../../../nios2-elf/lib\libsmallc.a(lib_a-__call_atexit.o)
                              c:/altera/13.0sp1/nios2eds/bin/gnu/h-i686-mingw32/bin/../lib/gcc/nios2-elf/4.1.2/../../../../nios2-elf/lib\libsmallc.a(lib_a-exit.o) (__call_exitprocs)
../bai3_bsp/\libhal_bsp.a(alt_exit.o)
                              c:/altera/13.0sp1/nios2eds/bin/gnu/h-i686-mingw32/bin/../lib/gcc/nios2-elf/4.1.2/../../../../nios2-elf/lib\libsmallc.a(lib_a-exit.o) (_exit)

Allocating common symbols
Common symbol       size              file

alt_irq             0x100             ../bai3_bsp/\libhal_bsp.a(alt_irq_handler.o)
errno               0x4               c:/altera/13.0sp1/nios2eds/bin/gnu/h-i686-mingw32/bin/../lib/gcc/nios2-elf/4.1.2/../../../../nios2-elf/lib\libsmallc.a(lib_a-int_errno.o)
_atexit0            0x8c              c:/altera/13.0sp1/nios2eds/bin/gnu/h-i686-mingw32/bin/../lib/gcc/nios2-elf/4.1.2/../../../../nios2-elf/lib\libsmallc.a(lib_a-atexit.o)

Memory Configuration

Name             Origin             Length             Attributes
reset            0x00010000         0x00000020
onchip_memory2_0 0x00010020         0x00009c20
*default*        0x00000000         0xffffffff

Linker script and memory map

LOAD ../bai3_bsp//obj/HAL/src/crt0.o
LOAD obj/default/hello_world.o
LOAD c:/altera/13.0sp1/nios2eds/bin/gnu/h-i686-mingw32/bin/../lib/gcc/nios2-elf/4.1.2/../../../../nios2-elf/lib\libstdc++.a
LOAD c:/altera/13.0sp1/nios2eds/bin/gnu/h-i686-mingw32/bin/../lib/gcc/nios2-elf/4.1.2/../../../../nios2-elf/lib\libm.a
LOAD c:/altera/13.0sp1/nios2eds/bin/gnu/h-i686-mingw32/bin/../lib/gcc/nios2-elf/4.1.2\libgcc.a
START GROUP
LOAD c:/altera/13.0sp1/nios2eds/bin/gnu/h-i686-mingw32/bin/../lib/gcc/nios2-elf/4.1.2/../../../../nios2-elf/lib\libsmallc.a
LOAD c:/altera/13.0sp1/nios2eds/bin/gnu/h-i686-mingw32/bin/../lib/gcc/nios2-elf/4.1.2\libgcc.a
LOAD ../bai3_bsp/\libhal_bsp.a
END GROUP
LOAD c:/altera/13.0sp1/nios2eds/bin/gnu/h-i686-mingw32/bin/../lib/gcc/nios2-elf/4.1.2\libgcc.a
                0x00010000                __alt_mem_onchip_memory2_0 = 0x10000

.entry          0x00010000       0x20
 *(.entry)
 .entry         0x00010000       0x20 ../bai3_bsp//obj/HAL/src/crt0.o
                0x00010000                __reset

.exceptions     0x00010020      0x194
                0x00010020                PROVIDE (__ram_exceptions_start, ABSOLUTE (.))
                0x00010020                . = ALIGN (0x20)
 *(.irq)
 *(.exceptions.entry.label)
 .exceptions.entry.label
                0x00010020        0x0 ../bai3_bsp/\libhal_bsp.a(alt_irq_entry.o)
                0x00010020                alt_irq_entry
 .exceptions.entry.label
                0x00010020        0x0 ../bai3_bsp/\libhal_bsp.a(alt_exception_entry.o)
                0x00010020                alt_exception
 *(.exceptions.entry.user)
 *(.exceptions.entry)
 .exceptions.entry
                0x00010020       0x54 ../bai3_bsp/\libhal_bsp.a(alt_exception_entry.o)
 *(.exceptions.irqtest.user)
 *(.exceptions.irqtest)
 .exceptions.irqtest
                0x00010074       0x10 ../bai3_bsp/\libhal_bsp.a(alt_irq_entry.o)
 *(.exceptions.irqhandler.user)
 *(.exceptions.irqhandler)
 .exceptions.irqhandler
                0x00010084        0x4 ../bai3_bsp/\libhal_bsp.a(alt_irq_entry.o)
 *(.exceptions.irqreturn.user)
 *(.exceptions.irqreturn)
 .exceptions.irqreturn
                0x00010088        0x4 ../bai3_bsp/\libhal_bsp.a(alt_irq_entry.o)
 *(.exceptions.notirq.label)
 .exceptions.notirq.label
                0x0001008c        0x0 ../bai3_bsp/\libhal_bsp.a(alt_irq_entry.o)
 *(.exceptions.notirq.user)
 *(.exceptions.notirq)
 .exceptions.notirq
                0x0001008c        0x8 ../bai3_bsp/\libhal_bsp.a(alt_exception_entry.o)
 *(.exceptions.soft.user)
 *(.exceptions.soft)
 *(.exceptions.unknown.user)
 *(.exceptions.unknown)
 .exceptions.unknown
                0x00010094        0x4 ../bai3_bsp/\libhal_bsp.a(alt_exception_entry.o)
 *(.exceptions.exit.label)
 .exceptions.exit.label
                0x00010098        0x0 ../bai3_bsp/\libhal_bsp.a(alt_irq_entry.o)
 .exceptions.exit.label
                0x00010098        0x0 ../bai3_bsp/\libhal_bsp.a(alt_exception_entry.o)
 *(.exceptions.exit.user)
 *(.exceptions.exit)
 .exceptions.exit
                0x00010098       0x54 ../bai3_bsp/\libhal_bsp.a(alt_exception_entry.o)
 *(.exceptions)
 .exceptions    0x000100ec       0xc8 ../bai3_bsp/\libhal_bsp.a(alt_irq_handler.o)
                0x000100ec                alt_irq_handler
                0x000101b4                PROVIDE (__ram_exceptions_end, ABSOLUTE (.))
                0x00010020                PROVIDE (__flash_exceptions_start, LOADADDR (.exceptions))

.text           0x000101b4     0x1cc8
                0x000101b4                PROVIDE (stext, ABSOLUTE (.))
 *(.interp)
 *(.hash)
 *(.dynsym)
 *(.dynstr)
 *(.gnu.version)
 *(.gnu.version_d)
 *(.gnu.version_r)
 *(.rel.init)
 *(.rela.init)
 *(.rel.text .rel.text.* .rel.gnu.linkonce.t.*)
 *(.rela.text .rela.text.* .rela.gnu.linkonce.t.*)
 *(.rel.fini)
 *(.rela.fini)
 *(.rel.rodata .rel.rodata.* .rel.gnu.linkonce.r.*)
 *(.rela.rodata .rela.rodata.* .rela.gnu.linkonce.r.*)
 *(.rel.data .rel.data.* .rel.gnu.linkonce.d.*)
 *(.rela.data .rela.data.* .rela.gnu.linkonce.d.*)
 *(.rel.tdata .rel.tdata.* .rel.gnu.linkonce.td.*)
 *(.rela.tdata .rela.tdata.* .rela.gnu.linkonce.td.*)
 *(.rel.tbss .rel.tbss.* .rel.gnu.linkonce.tb.*)
 *(.rela.tbss .rela.tbss.* .rela.gnu.linkonce.tb.*)
 *(.rel.ctors)
 *(.rela.ctors)
 *(.rel.dtors)
 *(.rela.dtors)
 *(.rel.got)
 *(.rela.got)
 *(.rel.sdata .rel.sdata.* .rel.gnu.linkonce.s.*)
 *(.rela.sdata .rela.sdata.* .rela.gnu.linkonce.s.*)
 *(.rel.sbss .rel.sbss.* .rel.gnu.linkonce.sb.*)
 *(.rela.sbss .rela.sbss.* .rela.gnu.linkonce.sb.*)
 *(.rel.sdata2 .rel.sdata2.* .rel.gnu.linkonce.s2.*)
 *(.rela.sdata2 .rela.sdata2.* .rela.gnu.linkonce.s2.*)
 *(.rel.sbss2 .rel.sbss2.* .rel.gnu.linkonce.sb2.*)
 *(.rela.sbss2 .rela.sbss2.* .rela.gnu.linkonce.sb2.*)
 *(.rel.bss .rel.bss.* .rel.gnu.linkonce.b.*)
 *(.rela.bss .rela.bss.* .rela.gnu.linkonce.b.*)
 *(.rel.plt)
 *(.rela.plt)
 *(.rel.dyn)
 *(.init)
 *(.plt)
 *(.text .stub .text.* .gnu.linkonce.t.*)
 .text          0x000101b4       0x1c ../bai3_bsp//obj/HAL/src/crt0.o
                0x000101b4                _start
 .text          0x000101d0       0x34 obj/default/hello_world.o
                0x000101d0                main
 .text          0x00010204       0xa4 c:/altera/13.0sp1/nios2eds/bin/gnu/h-i686-mingw32/bin/../lib/gcc/nios2-elf/4.1.2/../../../../nios2-elf/lib\libsmallc.a(lib_a-puts.o)
                0x00010204                _puts_r
                0x00010294                puts
 .text          0x000102a8       0x20 c:/altera/13.0sp1/nios2eds/bin/gnu/h-i686-mingw32/bin/../lib/gcc/nios2-elf/4.1.2/../../../../nios2-elf/lib\libsmallc.a(lib_a-strlen.o)
                0x000102a8                strlen
 .text          0x000102c8       0xbc c:/altera/13.0sp1/nios2eds/bin/gnu/h-i686-mingw32/bin/../lib/gcc/nios2-elf/4.1.2/../../../../nios2-elf/lib\libsmallc.a(lib_a-fvwrite_small_dev.o)
                0x000102c8                __sfvwrite_small_dev
 .text          0x00010384        0x0 c:/altera/13.0sp1/nios2eds/bin/gnu/h-i686-mingw32/bin/../lib/gcc/nios2-elf/4.1.2/../../../../nios2-elf/lib\libsmallc.a(lib_a-impure.o)
 .text          0x00010384       0x78 c:/altera/13.0sp1/nios2eds/bin/gnu/h-i686-mingw32/bin/../lib/gcc/nios2-elf/4.1.2/../../../../nios2-elf/lib\libsmallc.a(lib_a-writer.o)
                0x00010384                _write_r
 .text          0x000103fc        0x0 c:/altera/13.0sp1/nios2eds/bin/gnu/h-i686-mingw32/bin/../lib/gcc/nios2-elf/4.1.2/../../../../nios2-elf/lib\libsmallc.a(lib_a-int_errno.o)
 .text          0x000103fc       0xec ../bai3_bsp/\libhal_bsp.a(alt_load.o)
                0x000103fc                alt_load
 .text          0x000104e8       0x6c ../bai3_bsp/\libhal_bsp.a(alt_main.o)
                0x000104e8                alt_main
 .text          0x00010554      0x180 ../bai3_bsp/\libhal_bsp.a(alt_write.o)
                0x00010554                write
 .text          0x000106d4       0xb4 ../bai3_bsp/\libhal_bsp.a(alt_sys_init.o)
                0x000106d4                alt_irq_init
                0x00010708                alt_sys_init
 .text          0x00010788       0xb0 ../bai3_bsp/\libhal_bsp.a(altera_avalon_jtag_uart_fd.o)
                0x00010788                altera_avalon_jtag_uart_read_fd
                0x000107e0                altera_avalon_jtag_uart_write_fd
 .text          0x00010838      0x104 ../bai3_bsp/\libhal_bsp.a(altera_avalon_jtag_uart_read.o)
                0x00010838                altera_avalon_jtag_uart_read
 .text          0x0001093c       0xa4 ../bai3_bsp/\libhal_bsp.a(altera_avalon_jtag_uart_write.o)
                0x0001093c                altera_avalon_jtag_uart_write
 .text          0x000109e0      0x100 ../bai3_bsp/\libhal_bsp.a(altera_avalon_timer_sc.o)
                0x00010a50                alt_avalon_timer_sc_init
 .text          0x00010ae0      0x15c ../bai3_bsp/\libhal_bsp.a(alt_close.o)
                0x00010ae0                close
 .text          0x00010c3c       0x1c ../bai3_bsp/\libhal_bsp.a(alt_dcache_flush_all.o)
                0x00010c3c                alt_dcache_flush_all
 .text          0x00010c58       0x2c ../bai3_bsp/\libhal_bsp.a(alt_dev.o)
 .text          0x00010c84      0x114 ../bai3_bsp/\libhal_bsp.a(alt_dev_llist_insert.o)
                0x00010c84                alt_dev_llist_insert
 .text          0x00010d98       0x64 ../bai3_bsp/\libhal_bsp.a(alt_do_ctors.o)
                0x00010d98                _do_ctors
 .text          0x00010dfc       0x64 ../bai3_bsp/\libhal_bsp.a(alt_do_dtors.o)
                0x00010dfc                _do_dtors
 .text          0x00010e60        0x0 ../bai3_bsp/\libhal_bsp.a(alt_errno.o)
 .text          0x00010e60       0x30 ../bai3_bsp/\libhal_bsp.a(alt_icache_flush_all.o)
                0x00010e60                alt_icache_flush_all
 .text          0x00010e90      0x1d4 ../bai3_bsp/\libhal_bsp.a(alt_iic.o)
                0x00010e90                alt_ic_isr_register
                0x00010ee0                alt_ic_irq_enable
                0x00010f7c                alt_ic_irq_disable
                0x0001101c                alt_ic_irq_enabled
 .text          0x00011064       0xf8 ../bai3_bsp/\libhal_bsp.a(alt_iic_isr_register.o)
                0x00011064                alt_iic_isr_register
 .text          0x0001115c      0x13c ../bai3_bsp/\libhal_bsp.a(alt_io_redirect.o)
                0x00011220                alt_io_redirect
 .text          0x00011298        0x0 ../bai3_bsp/\libhal_bsp.a(alt_irq_entry.o)
 .text          0x00011298        0x0 ../bai3_bsp/\libhal_bsp.a(alt_irq_handler.o)
 .text          0x00011298        0x0 ../bai3_bsp/\libhal_bsp.a(alt_irq_vars.o)
 .text          0x00011298      0x2c4 ../bai3_bsp/\libhal_bsp.a(alt_open.o)
                0x00011374                open
 .text          0x0001155c       0x60 ../bai3_bsp/\libhal_bsp.a(alt_release_fd.o)
                0x0001155c                alt_release_fd
 .text          0x000115bc      0x1a4 ../bai3_bsp/\libhal_bsp.a(alt_tick.o)
                0x000115bc                alt_alarm_stop
                0x00011654                alt_tick
 .text          0x00011760       0x20 ../bai3_bsp/\libhal_bsp.a(altera_nios2_qsys_irq.o)
                0x00011760                altera_nios2_qsys_irq_init
 .text          0x00011780        0x0 ../bai3_bsp/\libhal_bsp.a(alt_exception_entry.o)
 .text          0x00011780       0x94 ../bai3_bsp/\libhal_bsp.a(alt_find_dev.o)
                0x00011780                alt_find_dev
 .text          0x00011814      0x120 ../bai3_bsp/\libhal_bsp.a(alt_find_file.o)
                0x00011814                alt_find_file
 .text          0x00011934       0xb8 ../bai3_bsp/\libhal_bsp.a(alt_get_fd.o)
                0x00011934                alt_get_fd
 .text          0x000119ec       0x90 ../bai3_bsp/\libhal_bsp.a(alt_icache_flush.o)
                0x000119ec                alt_icache_flush
 .text          0x00011a7c       0x14 c:/altera/13.0sp1/nios2eds/bin/gnu/h-i686-mingw32/bin/../lib/gcc/nios2-elf/4.1.2/../../../../nios2-elf/lib\libsmallc.a(lib_a-atexit.o)
                0x00011a7c                atexit
 .text          0x00011a90       0x20 c:/altera/13.0sp1/nios2eds/bin/gnu/h-i686-mingw32/bin/../lib/gcc/nios2-elf/4.1.2/../../../../nios2-elf/lib\libsmallc.a(lib_a-exit.o)
                0x00011a90                exit
 .text          0x00011ab0       0x3c c:/altera/13.0sp1/nios2eds/bin/gnu/h-i686-mingw32/bin/../lib/gcc/nios2-elf/4.1.2/../../../../nios2-elf/lib\libsmallc.a(lib_a-memcmp.o)
                0x00011ab0                memcmp
 .text          0x00011aec      0x16c c:/altera/13.0sp1/nios2eds/bin/gnu/h-i686-mingw32/bin/../lib/gcc/nios2-elf/4.1.2/../../../../nios2-elf/lib\libsmallc.a(lib_a-__atexit.o)
                0x00011aec                __register_exitproc
 .text          0x00011c58      0x1c0 c:/altera/13.0sp1/nios2eds/bin/gnu/h-i686-mingw32/bin/../lib/gcc/nios2-elf/4.1.2/../../../../nios2-elf/lib\libsmallc.a(lib_a-__call_atexit.o)
                0x00011c5c                __call_exitprocs
 .text          0x00011e18       0x60 ../bai3_bsp/\libhal_bsp.a(alt_exit.o)
                0x00011e58                _exit
 *(.gnu.warning.*)
 *(.fini)
                0x00011e78                PROVIDE (__etext, ABSOLUTE (.))
                0x00011e78                PROVIDE (_etext, ABSOLUTE (.))
                0x00011e78                PROVIDE (etext, ABSOLUTE (.))
 *(.eh_frame_hdr)
                0x00011e78                . = ALIGN (0x4)
                0x00011e78                PROVIDE (__preinit_array_start, ABSOLUTE (.))
 *(.preinit_array)
                0x00011e78                PROVIDE (__preinit_array_end, ABSOLUTE (.))
                0x00011e78                PROVIDE (__init_array_start, ABSOLUTE (.))
 *(.init_array)
                0x00011e78                PROVIDE (__init_array_end, ABSOLUTE (.))
                0x00011e78                PROVIDE (__fini_array_start, ABSOLUTE (.))
 *(.fini_array)
                0x00011e78                PROVIDE (__fini_array_end, ABSOLUTE (.))
 *(.eh_frame)
 *(.gcc_except_table)
 *(.dynamic)
                0x00011e78                PROVIDE (__CTOR_LIST__, ABSOLUTE (.))
 *(.ctors)
 *(SORT(.ctors.*))
 .ctors.65535   0x00011e78        0x4 c:/altera/13.0sp1/nios2eds/bin/gnu/h-i686-mingw32/bin/../lib/gcc/nios2-elf/4.1.2/../../../../nios2-elf/lib\libsmallc.a(lib_a-__call_atexit.o)
                0x00011e7c                PROVIDE (__CTOR_END__, ABSOLUTE (.))
                0x00011e7c                PROVIDE (__DTOR_LIST__, ABSOLUTE (.))
 *(.dtors)
 *(SORT(.dtors.*))
                0x00011e7c                PROVIDE (__DTOR_END__, ABSOLUTE (.))
 *(.jcr)
                0x00011e7c                . = ALIGN (0x4)

.rodata         0x00011e7c       0x4c
                0x00011e7c                PROVIDE (__ram_rodata_start, ABSOLUTE (.))
                0x00011e7c                . = ALIGN (0x4)
 *(.rodata .rodata.* .gnu.linkonce.r.*)
 .rodata        0x00011e7c       0x14 obj/default/hello_world.o
 .rodata.str1.4
                0x00011e90        0x4 c:/altera/13.0sp1/nios2eds/bin/gnu/h-i686-mingw32/bin/../lib/gcc/nios2-elf/4.1.2/../../../../nios2-elf/lib\libsmallc.a(lib_a-puts.o)
 .rodata        0x00011e94       0x14 ../bai3_bsp/\libhal_bsp.a(alt_main.o)
 .rodata        0x00011ea8       0x14 ../bai3_bsp/\libhal_bsp.a(alt_sys_init.o)
 .rodata        0x00011ebc        0xc ../bai3_bsp/\libhal_bsp.a(alt_dev.o)
 *(.rodata1)
                0x00011ec8                . = ALIGN (0x4)
                0x00011ec8                PROVIDE (__ram_rodata_end, ABSOLUTE (.))
                0x00011e7c                PROVIDE (__flash_rodata_start, LOADADDR (.rodata))

.rwdata         0x00011ec8      0x2e0 load address 0x000121a8
                0x00011ec8                PROVIDE (__ram_rwdata_start, ABSOLUTE (.))
                0x00011ec8                . = ALIGN (0x4)
 *(.got.plt)
 *(.got)
 *(.data1)
 *(.data .data.* .gnu.linkonce.d.*)
 .data          0x00011ec8        0x0 ../bai3_bsp//obj/HAL/src/crt0.o
 .data          0x00011ec8        0x0 obj/default/hello_world.o
 .data          0x00011ec8        0x0 c:/altera/13.0sp1/nios2eds/bin/gnu/h-i686-mingw32/bin/../lib/gcc/nios2-elf/4.1.2/../../../../nios2-elf/lib\libsmallc.a(lib_a-puts.o)
 .data          0x00011ec8        0x0 c:/altera/13.0sp1/nios2eds/bin/gnu/h-i686-mingw32/bin/../lib/gcc/nios2-elf/4.1.2/../../../../nios2-elf/lib\libsmallc.a(lib_a-strlen.o)
 .data          0x00011ec8        0x0 c:/altera/13.0sp1/nios2eds/bin/gnu/h-i686-mingw32/bin/../lib/gcc/nios2-elf/4.1.2/../../../../nios2-elf/lib\libsmallc.a(lib_a-fvwrite_small_dev.o)
 .data          0x00011ec8       0xe0 c:/altera/13.0sp1/nios2eds/bin/gnu/h-i686-mingw32/bin/../lib/gcc/nios2-elf/4.1.2/../../../../nios2-elf/lib\libsmallc.a(lib_a-impure.o)
 .data          0x00011fa8        0x0 c:/altera/13.0sp1/nios2eds/bin/gnu/h-i686-mingw32/bin/../lib/gcc/nios2-elf/4.1.2/../../../../nios2-elf/lib\libsmallc.a(lib_a-writer.o)
 .data          0x00011fa8        0x0 c:/altera/13.0sp1/nios2eds/bin/gnu/h-i686-mingw32/bin/../lib/gcc/nios2-elf/4.1.2/../../../../nios2-elf/lib\libsmallc.a(lib_a-int_errno.o)
 .data          0x00011fa8        0x0 ../bai3_bsp/\libhal_bsp.a(alt_load.o)
 .data          0x00011fa8        0x0 ../bai3_bsp/\libhal_bsp.a(alt_main.o)
 .data          0x00011fa8        0x0 ../bai3_bsp/\libhal_bsp.a(alt_write.o)
 .data          0x00011fa8       0x2c ../bai3_bsp/\libhal_bsp.a(alt_sys_init.o)
 .data          0x00011fd4        0x0 ../bai3_bsp/\libhal_bsp.a(altera_avalon_jtag_uart_fd.o)
 .data          0x00011fd4        0x0 ../bai3_bsp/\libhal_bsp.a(altera_avalon_jtag_uart_read.o)
 .data          0x00011fd4        0x0 ../bai3_bsp/\libhal_bsp.a(altera_avalon_jtag_uart_write.o)
 .data          0x00011fd4        0x0 ../bai3_bsp/\libhal_bsp.a(altera_avalon_timer_sc.o)
 .data          0x00011fd4        0x0 ../bai3_bsp/\libhal_bsp.a(alt_close.o)
 .data          0x00011fd4        0x0 ../bai3_bsp/\libhal_bsp.a(alt_dcache_flush_all.o)
 .data          0x00011fd4      0x1a8 ../bai3_bsp/\libhal_bsp.a(alt_dev.o)
                0x00011fd4                alt_dev_null
                0x00011ffc                alt_fd_list
 .data          0x0001217c        0x0 ../bai3_bsp/\libhal_bsp.a(alt_dev_llist_insert.o)
 .data          0x0001217c        0x0 ../bai3_bsp/\libhal_bsp.a(alt_do_ctors.o)
 .data          0x0001217c        0x0 ../bai3_bsp/\libhal_bsp.a(alt_do_dtors.o)
 .data          0x0001217c        0x0 ../bai3_bsp/\libhal_bsp.a(alt_errno.o)
 .data          0x0001217c        0x0 ../bai3_bsp/\libhal_bsp.a(alt_icache_flush_all.o)
 .data          0x0001217c        0x0 ../bai3_bsp/\libhal_bsp.a(alt_iic.o)
 .data          0x0001217c        0x0 ../bai3_bsp/\libhal_bsp.a(alt_iic_isr_register.o)
 .data          0x0001217c        0x0 ../bai3_bsp/\libhal_bsp.a(alt_io_redirect.o)
 .data          0x0001217c        0x0 ../bai3_bsp/\libhal_bsp.a(alt_irq_entry.o)
 .data          0x0001217c        0x0 ../bai3_bsp/\libhal_bsp.a(alt_irq_handler.o)
 .data          0x0001217c        0x0 ../bai3_bsp/\libhal_bsp.a(alt_irq_vars.o)
 .data          0x0001217c        0x0 ../bai3_bsp/\libhal_bsp.a(alt_open.o)
 .data          0x0001217c        0x0 ../bai3_bsp/\libhal_bsp.a(alt_release_fd.o)
 .data          0x0001217c        0x0 ../bai3_bsp/\libhal_bsp.a(alt_tick.o)
 .data          0x0001217c        0x0 ../bai3_bsp/\libhal_bsp.a(altera_nios2_qsys_irq.o)
 .data          0x0001217c        0x0 ../bai3_bsp/\libhal_bsp.a(alt_exception_entry.o)
 .data          0x0001217c        0x0 ../bai3_bsp/\libhal_bsp.a(alt_find_dev.o)
 .data          0x0001217c        0x0 ../bai3_bsp/\libhal_bsp.a(alt_find_file.o)
 .data          0x0001217c        0x0 ../bai3_bsp/\libhal_bsp.a(alt_get_fd.o)
 .data          0x0001217c        0x0 ../bai3_bsp/\libhal_bsp.a(alt_icache_flush.o)
 .data          0x0001217c        0x0 c:/altera/13.0sp1/nios2eds/bin/gnu/h-i686-mingw32/bin/../lib/gcc/nios2-elf/4.1.2/../../../../nios2-elf/lib\libsmallc.a(lib_a-atexit.o)
 .data          0x0001217c        0x0 c:/altera/13.0sp1/nios2eds/bin/gnu/h-i686-mingw32/bin/../lib/gcc/nios2-elf/4.1.2/../../../../nios2-elf/lib\libsmallc.a(lib_a-exit.o)
 .data          0x0001217c        0x0 c:/altera/13.0sp1/nios2eds/bin/gnu/h-i686-mingw32/bin/../lib/gcc/nios2-elf/4.1.2/../../../../nios2-elf/lib\libsmallc.a(lib_a-memcmp.o)
 .data          0x0001217c        0x0 c:/altera/13.0sp1/nios2eds/bin/gnu/h-i686-mingw32/bin/../lib/gcc/nios2-elf/4.1.2/../../../../nios2-elf/lib\libsmallc.a(lib_a-__atexit.o)
 .data          0x0001217c        0x0 c:/altera/13.0sp1/nios2eds/bin/gnu/h-i686-mingw32/bin/../lib/gcc/nios2-elf/4.1.2/../../../../nios2-elf/lib\libsmallc.a(lib_a-__call_atexit.o)
 .data          0x0001217c        0x0 ../bai3_bsp/\libhal_bsp.a(alt_exit.o)
                0x0001a17c                _gp = ABSOLUTE ((. + 0x8000))
                0x0001a17c                PROVIDE (gp, _gp)
 *(.rwdata .rwdata.*)
 *(.sdata .sdata.* .gnu.linkonce.s.*)
 .sdata         0x0001217c        0x8 c:/altera/13.0sp1/nios2eds/bin/gnu/h-i686-mingw32/bin/../lib/gcc/nios2-elf/4.1.2/../../../../nios2-elf/lib\libsmallc.a(lib_a-impure.o)
                0x0001217c                _impure_ptr
                0x00012180                _global_impure_ptr
 .sdata         0x00012184       0x14 ../bai3_bsp/\libhal_bsp.a(alt_dev.o)
                0x00012184                alt_fs_list
                0x0001218c                alt_dev_list
                0x00012194                alt_max_fd
 .sdata         0x00012198        0x4 ../bai3_bsp/\libhal_bsp.a(alt_errno.o)
                0x00012198                alt_errno
 .sdata         0x0001219c        0x4 ../bai3_bsp/\libhal_bsp.a(alt_irq_vars.o)
                0x0001219c                alt_priority_mask
 .sdata         0x000121a0        0x8 ../bai3_bsp/\libhal_bsp.a(alt_tick.o)
                0x000121a0                alt_alarm_list
 *(.sdata2 .sdata2.* .gnu.linkonce.s2.*)
                0x000121a8                . = ALIGN (0x4)
                0x000121a8                _edata = ABSOLUTE (.)
                0x000121a8                PROVIDE (edata, ABSOLUTE (.))
                0x000121a8                PROVIDE (__ram_rwdata_end, ABSOLUTE (.))
                0x000121a8                PROVIDE (__flash_rwdata_start, LOADADDR (.rwdata))

.bss            0x00012488      0x1a8
                0x00012488                __bss_start = ABSOLUTE (.)
                0x00012488                PROVIDE (__sbss_start, ABSOLUTE (.))
                0x00012488                PROVIDE (___sbss_start, ABSOLUTE (.))
 *(.dynsbss)
 *(.sbss .sbss.* .gnu.linkonce.sb.*)
 .sbss          0x00012488        0x4 c:/altera/13.0sp1/nios2eds/bin/gnu/h-i686-mingw32/bin/../lib/gcc/nios2-elf/4.1.2/../../../../nios2-elf/lib\libsmallc.a(lib_a-int_errno.o)
                0x00012488                errno
 .sbss          0x0001248c        0xc ../bai3_bsp/\libhal_bsp.a(alt_main.o)
                0x0001248c                alt_argc
                0x00012490                alt_argv
                0x00012494                alt_envp
 .sbss          0x00012498        0x4 ../bai3_bsp/\libhal_bsp.a(alt_irq_vars.o)
                0x00012498                alt_irq_active
 .sbss          0x0001249c        0x8 ../bai3_bsp/\libhal_bsp.a(alt_tick.o)
                0x0001249c                _alt_tick_rate
                0x000124a0                _alt_nticks
 *(.sbss2 .sbss2.* .gnu.linkonce.sb2.*)
 *(.scommon)
                0x000124a4                PROVIDE (__sbss_end, ABSOLUTE (.))
                0x000124a4                PROVIDE (___sbss_end, ABSOLUTE (.))
 *(.dynbss)
 *(.bss .bss.* .gnu.linkonce.b.*)
 .bss           0x000124a4        0x0 ../bai3_bsp//obj/HAL/src/crt0.o
 .bss           0x000124a4        0x0 obj/default/hello_world.o
 .bss           0x000124a4        0x0 c:/altera/13.0sp1/nios2eds/bin/gnu/h-i686-mingw32/bin/../lib/gcc/nios2-elf/4.1.2/../../../../nios2-elf/lib\libsmallc.a(lib_a-puts.o)
 .bss           0x000124a4        0x0 c:/altera/13.0sp1/nios2eds/bin/gnu/h-i686-mingw32/bin/../lib/gcc/nios2-elf/4.1.2/../../../../nios2-elf/lib\libsmallc.a(lib_a-strlen.o)
 .bss           0x000124a4        0x0 c:/altera/13.0sp1/nios2eds/bin/gnu/h-i686-mingw32/bin/../lib/gcc/nios2-elf/4.1.2/../../../../nios2-elf/lib\libsmallc.a(lib_a-fvwrite_small_dev.o)
 .bss           0x000124a4        0x0 c:/altera/13.0sp1/nios2eds/bin/gnu/h-i686-mingw32/bin/../lib/gcc/nios2-elf/4.1.2/../../../../nios2-elf/lib\libsmallc.a(lib_a-impure.o)
 .bss           0x000124a4        0x0 c:/altera/13.0sp1/nios2eds/bin/gnu/h-i686-mingw32/bin/../lib/gcc/nios2-elf/4.1.2/../../../../nios2-elf/lib\libsmallc.a(lib_a-writer.o)
 .bss           0x000124a4        0x0 c:/altera/13.0sp1/nios2eds/bin/gnu/h-i686-mingw32/bin/../lib/gcc/nios2-elf/4.1.2/../../../../nios2-elf/lib\libsmallc.a(lib_a-int_errno.o)
 .bss           0x000124a4        0x0 ../bai3_bsp/\libhal_bsp.a(alt_load.o)
 .bss           0x000124a4        0x0 ../bai3_bsp/\libhal_bsp.a(alt_main.o)
 .bss           0x000124a4        0x0 ../bai3_bsp/\libhal_bsp.a(alt_write.o)
 .bss           0x000124a4        0x0 ../bai3_bsp/\libhal_bsp.a(alt_sys_init.o)
 .bss           0x000124a4        0x0 ../bai3_bsp/\libhal_bsp.a(altera_avalon_jtag_uart_fd.o)
 .bss           0x000124a4        0x0 ../bai3_bsp/\libhal_bsp.a(altera_avalon_jtag_uart_read.o)
 .bss           0x000124a4        0x0 ../bai3_bsp/\libhal_bsp.a(altera_avalon_jtag_uart_write.o)
 .bss           0x000124a4        0x0 ../bai3_bsp/\libhal_bsp.a(altera_avalon_timer_sc.o)
 .bss           0x000124a4        0x0 ../bai3_bsp/\libhal_bsp.a(alt_close.o)
 .bss           0x000124a4        0x0 ../bai3_bsp/\libhal_bsp.a(alt_dcache_flush_all.o)
 .bss           0x000124a4        0x0 ../bai3_bsp/\libhal_bsp.a(alt_dev.o)
 .bss           0x000124a4        0x0 ../bai3_bsp/\libhal_bsp.a(alt_dev_llist_insert.o)
 .bss           0x000124a4        0x0 ../bai3_bsp/\libhal_bsp.a(alt_do_ctors.o)
 .bss           0x000124a4        0x0 ../bai3_bsp/\libhal_bsp.a(alt_do_dtors.o)
 .bss           0x000124a4        0x0 ../bai3_bsp/\libhal_bsp.a(alt_errno.o)
 .bss           0x000124a4        0x0 ../bai3_bsp/\libhal_bsp.a(alt_icache_flush_all.o)
 .bss           0x000124a4        0x0 ../bai3_bsp/\libhal_bsp.a(alt_iic.o)
 .bss           0x000124a4        0x0 ../bai3_bsp/\libhal_bsp.a(alt_iic_isr_register.o)
 .bss           0x000124a4        0x0 ../bai3_bsp/\libhal_bsp.a(alt_io_redirect.o)
 .bss           0x000124a4        0x0 ../bai3_bsp/\libhal_bsp.a(alt_irq_entry.o)
 .bss           0x000124a4        0x0 ../bai3_bsp/\libhal_bsp.a(alt_irq_handler.o)
 .bss           0x000124a4        0x0 ../bai3_bsp/\libhal_bsp.a(alt_irq_vars.o)
 .bss           0x000124a4        0x0 ../bai3_bsp/\libhal_bsp.a(alt_open.o)
 .bss           0x000124a4        0x0 ../bai3_bsp/\libhal_bsp.a(alt_release_fd.o)
 .bss           0x000124a4        0x0 ../bai3_bsp/\libhal_bsp.a(alt_tick.o)
 .bss           0x000124a4        0x0 ../bai3_bsp/\libhal_bsp.a(altera_nios2_qsys_irq.o)
 .bss           0x000124a4        0x0 ../bai3_bsp/\libhal_bsp.a(alt_exception_entry.o)
 .bss           0x000124a4        0x0 ../bai3_bsp/\libhal_bsp.a(alt_find_dev.o)
 .bss           0x000124a4        0x0 ../bai3_bsp/\libhal_bsp.a(alt_find_file.o)
 .bss           0x000124a4        0x0 ../bai3_bsp/\libhal_bsp.a(alt_get_fd.o)
 .bss           0x000124a4        0x0 ../bai3_bsp/\libhal_bsp.a(alt_icache_flush.o)
 .bss           0x000124a4        0x0 c:/altera/13.0sp1/nios2eds/bin/gnu/h-i686-mingw32/bin/../lib/gcc/nios2-elf/4.1.2/../../../../nios2-elf/lib\libsmallc.a(lib_a-atexit.o)
 .bss           0x000124a4        0x0 c:/altera/13.0sp1/nios2eds/bin/gnu/h-i686-mingw32/bin/../lib/gcc/nios2-elf/4.1.2/../../../../nios2-elf/lib\libsmallc.a(lib_a-exit.o)
 .bss           0x000124a4        0x0 c:/altera/13.0sp1/nios2eds/bin/gnu/h-i686-mingw32/bin/../lib/gcc/nios2-elf/4.1.2/../../../../nios2-elf/lib\libsmallc.a(lib_a-memcmp.o)
 .bss           0x000124a4        0x0 c:/altera/13.0sp1/nios2eds/bin/gnu/h-i686-mingw32/bin/../lib/gcc/nios2-elf/4.1.2/../../../../nios2-elf/lib\libsmallc.a(lib_a-__atexit.o)
 .bss           0x000124a4        0x0 c:/altera/13.0sp1/nios2eds/bin/gnu/h-i686-mingw32/bin/../lib/gcc/nios2-elf/4.1.2/../../../../nios2-elf/lib\libsmallc.a(lib_a-__call_atexit.o)
 .bss           0x000124a4        0x0 ../bai3_bsp/\libhal_bsp.a(alt_exit.o)
 *(COMMON)
 COMMON         0x000124a4      0x100 ../bai3_bsp/\libhal_bsp.a(alt_irq_handler.o)
                0x000124a4                alt_irq
 COMMON         0x000125a4       0x8c c:/altera/13.0sp1/nios2eds/bin/gnu/h-i686-mingw32/bin/../lib/gcc/nios2-elf/4.1.2/../../../../nios2-elf/lib\libsmallc.a(lib_a-atexit.o)
                0x000125a4                _atexit0
                0x00012630                . = ALIGN (0x4)
                0x00012630                __bss_end = ABSOLUTE (.)

.onchip_memory2_0
                0x00012630        0x0
                0x00012630                PROVIDE (_alt_partition_onchip_memory2_0_start, ABSOLUTE (.))
 *(.onchip_memory2_0. onchip_memory2_0.*)
                0x00012630                . = ALIGN (0x4)
                0x00012630                PROVIDE (_alt_partition_onchip_memory2_0_end, ABSOLUTE (.))
                0x00012630                _end = ABSOLUTE (.)
                0x00012630                end = ABSOLUTE (.)
                0x00012630                __alt_stack_base = ABSOLUTE (.)
                0x00012630                PROVIDE (_alt_partition_onchip_memory2_0_load_addr, LOADADDR (.onchip_memory2_0))

.stab
 *(.stab)

.stabstr
 *(.stabstr)

.stab.excl
 *(.stab.excl)

.stab.exclstr
 *(.stab.exclstr)

.stab.index
 *(.stab.index)

.stab.indexstr
 *(.stab.indexstr)

.comment        0x00000000       0x26
 *(.comment)
 .comment       0x00000000       0x26 obj/default/hello_world.o
                                 0x27 (size before relaxing)
 .comment       0x00000000       0x27 c:/altera/13.0sp1/nios2eds/bin/gnu/h-i686-mingw32/bin/../lib/gcc/nios2-elf/4.1.2/../../../../nios2-elf/lib\libsmallc.a(lib_a-puts.o)
 .comment       0x00000000       0x27 c:/altera/13.0sp1/nios2eds/bin/gnu/h-i686-mingw32/bin/../lib/gcc/nios2-elf/4.1.2/../../../../nios2-elf/lib\libsmallc.a(lib_a-strlen.o)
 .comment       0x00000000       0x27 c:/altera/13.0sp1/nios2eds/bin/gnu/h-i686-mingw32/bin/../lib/gcc/nios2-elf/4.1.2/../../../../nios2-elf/lib\libsmallc.a(lib_a-fvwrite_small_dev.o)
 .comment       0x00000000       0x27 c:/altera/13.0sp1/nios2eds/bin/gnu/h-i686-mingw32/bin/../lib/gcc/nios2-elf/4.1.2/../../../../nios2-elf/lib\libsmallc.a(lib_a-impure.o)
 .comment       0x00000000       0x27 c:/altera/13.0sp1/nios2eds/bin/gnu/h-i686-mingw32/bin/../lib/gcc/nios2-elf/4.1.2/../../../../nios2-elf/lib\libsmallc.a(lib_a-writer.o)
 .comment       0x00000000       0x27 c:/altera/13.0sp1/nios2eds/bin/gnu/h-i686-mingw32/bin/../lib/gcc/nios2-elf/4.1.2/../../../../nios2-elf/lib\libsmallc.a(lib_a-int_errno.o)
 .comment       0x00000000       0x27 ../bai3_bsp/\libhal_bsp.a(alt_load.o)
 .comment       0x00000000       0x27 ../bai3_bsp/\libhal_bsp.a(alt_main.o)
 .comment       0x00000000       0x27 ../bai3_bsp/\libhal_bsp.a(alt_write.o)
 .comment       0x00000000       0x27 ../bai3_bsp/\libhal_bsp.a(alt_sys_init.o)
 .comment       0x00000000       0x27 ../bai3_bsp/\libhal_bsp.a(altera_avalon_jtag_uart_fd.o)
 .comment       0x00000000       0x27 ../bai3_bsp/\libhal_bsp.a(altera_avalon_jtag_uart_read.o)
 .comment       0x00000000       0x27 ../bai3_bsp/\libhal_bsp.a(altera_avalon_jtag_uart_write.o)
 .comment       0x00000000       0x27 ../bai3_bsp/\libhal_bsp.a(altera_avalon_timer_sc.o)
 .comment       0x00000000       0x27 ../bai3_bsp/\libhal_bsp.a(alt_close.o)
 .comment       0x00000000       0x27 ../bai3_bsp/\libhal_bsp.a(alt_dcache_flush_all.o)
 .comment       0x00000000       0x27 ../bai3_bsp/\libhal_bsp.a(alt_dev.o)
 .comment       0x00000000       0x27 ../bai3_bsp/\libhal_bsp.a(alt_dev_llist_insert.o)
 .comment       0x00000000       0x27 ../bai3_bsp/\libhal_bsp.a(alt_do_ctors.o)
 .comment       0x00000000       0x27 ../bai3_bsp/\libhal_bsp.a(alt_do_dtors.o)
 .comment       0x00000000       0x27 ../bai3_bsp/\libhal_bsp.a(alt_errno.o)
 .comment       0x00000000       0x27 ../bai3_bsp/\libhal_bsp.a(alt_icache_flush_all.o)
 .comment       0x00000000       0x27 ../bai3_bsp/\libhal_bsp.a(alt_iic.o)
 .comment       0x00000000       0x27 ../bai3_bsp/\libhal_bsp.a(alt_iic_isr_register.o)
 .comment       0x00000000       0x27 ../bai3_bsp/\libhal_bsp.a(alt_io_redirect.o)
 .comment       0x00000000       0x27 ../bai3_bsp/\libhal_bsp.a(alt_irq_handler.o)
 .comment       0x00000000       0x27 ../bai3_bsp/\libhal_bsp.a(alt_irq_vars.o)
 .comment       0x00000000       0x27 ../bai3_bsp/\libhal_bsp.a(alt_open.o)
 .comment       0x00000000       0x27 ../bai3_bsp/\libhal_bsp.a(alt_release_fd.o)
 .comment       0x00000000       0x27 ../bai3_bsp/\libhal_bsp.a(alt_tick.o)
 .comment       0x00000000       0x27 ../bai3_bsp/\libhal_bsp.a(altera_nios2_qsys_irq.o)
 .comment       0x00000000       0x27 ../bai3_bsp/\libhal_bsp.a(alt_find_dev.o)
 .comment       0x00000000       0x27 ../bai3_bsp/\libhal_bsp.a(alt_find_file.o)
 .comment       0x00000000       0x27 ../bai3_bsp/\libhal_bsp.a(alt_get_fd.o)
 .comment       0x00000000       0x27 ../bai3_bsp/\libhal_bsp.a(alt_icache_flush.o)
 .comment       0x00000000       0x27 c:/altera/13.0sp1/nios2eds/bin/gnu/h-i686-mingw32/bin/../lib/gcc/nios2-elf/4.1.2/../../../../nios2-elf/lib\libsmallc.a(lib_a-atexit.o)
 .comment       0x00000000       0x27 c:/altera/13.0sp1/nios2eds/bin/gnu/h-i686-mingw32/bin/../lib/gcc/nios2-elf/4.1.2/../../../../nios2-elf/lib\libsmallc.a(lib_a-exit.o)
 .comment       0x00000000       0x27 c:/altera/13.0sp1/nios2eds/bin/gnu/h-i686-mingw32/bin/../lib/gcc/nios2-elf/4.1.2/../../../../nios2-elf/lib\libsmallc.a(lib_a-memcmp.o)
 .comment       0x00000000       0x27 c:/altera/13.0sp1/nios2eds/bin/gnu/h-i686-mingw32/bin/../lib/gcc/nios2-elf/4.1.2/../../../../nios2-elf/lib\libsmallc.a(lib_a-__atexit.o)
 .comment       0x00000000       0x27 c:/altera/13.0sp1/nios2eds/bin/gnu/h-i686-mingw32/bin/../lib/gcc/nios2-elf/4.1.2/../../../../nios2-elf/lib\libsmallc.a(lib_a-__call_atexit.o)
 .comment       0x00000000       0x27 ../bai3_bsp/\libhal_bsp.a(alt_exit.o)

.debug
 *(.debug)

.line
 *(.line)

.debug_srcinfo
 *(.debug_srcinfo)

.debug_sfnames
 *(.debug_sfnames)

.debug_aranges  0x00000000      0x558
 *(.debug_aranges)
 .debug_aranges
                0x00000000       0x28 ../bai3_bsp//obj/HAL/src/crt0.o
 .debug_aranges
                0x00000028       0x20 obj/default/hello_world.o
 .debug_aranges
                0x00000048       0x20 c:/altera/13.0sp1/nios2eds/bin/gnu/h-i686-mingw32/bin/../lib/gcc/nios2-elf/4.1.2/../../../../nios2-elf/lib\libsmallc.a(lib_a-puts.o)
 .debug_aranges
                0x00000068       0x20 c:/altera/13.0sp1/nios2eds/bin/gnu/h-i686-mingw32/bin/../lib/gcc/nios2-elf/4.1.2/../../../../nios2-elf/lib\libsmallc.a(lib_a-strlen.o)
 .debug_aranges
                0x00000088       0x20 c:/altera/13.0sp1/nios2eds/bin/gnu/h-i686-mingw32/bin/../lib/gcc/nios2-elf/4.1.2/../../../../nios2-elf/lib\libsmallc.a(lib_a-fvwrite_small_dev.o)
 .debug_aranges
                0x000000a8       0x20 c:/altera/13.0sp1/nios2eds/bin/gnu/h-i686-mingw32/bin/../lib/gcc/nios2-elf/4.1.2/../../../../nios2-elf/lib\libsmallc.a(lib_a-writer.o)
 .debug_aranges
                0x000000c8       0x20 ../bai3_bsp/\libhal_bsp.a(alt_load.o)
 .debug_aranges
                0x000000e8       0x20 ../bai3_bsp/\libhal_bsp.a(alt_main.o)
 .debug_aranges
                0x00000108       0x20 ../bai3_bsp/\libhal_bsp.a(alt_write.o)
 .debug_aranges
                0x00000128       0x20 ../bai3_bsp/\libhal_bsp.a(alt_sys_init.o)
 .debug_aranges
                0x00000148       0x20 ../bai3_bsp/\libhal_bsp.a(altera_avalon_jtag_uart_fd.o)
 .debug_aranges
                0x00000168       0x20 ../bai3_bsp/\libhal_bsp.a(altera_avalon_jtag_uart_read.o)
 .debug_aranges
                0x00000188       0x20 ../bai3_bsp/\libhal_bsp.a(altera_avalon_jtag_uart_write.o)
 .debug_aranges
                0x000001a8       0x20 ../bai3_bsp/\libhal_bsp.a(altera_avalon_timer_sc.o)
 .debug_aranges
                0x000001c8       0x20 ../bai3_bsp/\libhal_bsp.a(alt_close.o)
 .debug_aranges
                0x000001e8       0x20 ../bai3_bsp/\libhal_bsp.a(alt_dcache_flush_all.o)
 .debug_aranges
                0x00000208       0x20 ../bai3_bsp/\libhal_bsp.a(alt_dev.o)
 .debug_aranges
                0x00000228       0x20 ../bai3_bsp/\libhal_bsp.a(alt_dev_llist_insert.o)
 .debug_aranges
                0x00000248       0x20 ../bai3_bsp/\libhal_bsp.a(alt_do_ctors.o)
 .debug_aranges
                0x00000268       0x20 ../bai3_bsp/\libhal_bsp.a(alt_do_dtors.o)
 .debug_aranges
                0x00000288       0x20 ../bai3_bsp/\libhal_bsp.a(alt_icache_flush_all.o)
 .debug_aranges
                0x000002a8       0x20 ../bai3_bsp/\libhal_bsp.a(alt_iic.o)
 .debug_aranges
                0x000002c8       0x20 ../bai3_bsp/\libhal_bsp.a(alt_iic_isr_register.o)
 .debug_aranges
                0x000002e8       0x20 ../bai3_bsp/\libhal_bsp.a(alt_io_redirect.o)
 .debug_aranges
                0x00000308       0x30 ../bai3_bsp/\libhal_bsp.a(alt_irq_entry.o)
 .debug_aranges
                0x00000338       0x28 ../bai3_bsp/\libhal_bsp.a(alt_irq_handler.o)
 .debug_aranges
                0x00000360       0x20 ../bai3_bsp/\libhal_bsp.a(alt_open.o)
 .debug_aranges
                0x00000380       0x20 ../bai3_bsp/\libhal_bsp.a(alt_release_fd.o)
 .debug_aranges
                0x000003a0       0x20 ../bai3_bsp/\libhal_bsp.a(alt_tick.o)
 .debug_aranges
                0x000003c0       0x20 ../bai3_bsp/\libhal_bsp.a(altera_nios2_qsys_irq.o)
 .debug_aranges
                0x000003e0       0x38 ../bai3_bsp/\libhal_bsp.a(alt_exception_entry.o)
 .debug_aranges
                0x00000418       0x20 ../bai3_bsp/\libhal_bsp.a(alt_find_dev.o)
 .debug_aranges
                0x00000438       0x20 ../bai3_bsp/\libhal_bsp.a(alt_find_file.o)
 .debug_aranges
                0x00000458       0x20 ../bai3_bsp/\libhal_bsp.a(alt_get_fd.o)
 .debug_aranges
                0x00000478       0x20 ../bai3_bsp/\libhal_bsp.a(alt_icache_flush.o)
 .debug_aranges
                0x00000498       0x20 c:/altera/13.0sp1/nios2eds/bin/gnu/h-i686-mingw32/bin/../lib/gcc/nios2-elf/4.1.2/../../../../nios2-elf/lib\libsmallc.a(lib_a-atexit.o)
 .debug_aranges
                0x000004b8       0x20 c:/altera/13.0sp1/nios2eds/bin/gnu/h-i686-mingw32/bin/../lib/gcc/nios2-elf/4.1.2/../../../../nios2-elf/lib\libsmallc.a(lib_a-exit.o)
 .debug_aranges
                0x000004d8       0x20 c:/altera/13.0sp1/nios2eds/bin/gnu/h-i686-mingw32/bin/../lib/gcc/nios2-elf/4.1.2/../../../../nios2-elf/lib\libsmallc.a(lib_a-memcmp.o)
 .debug_aranges
                0x000004f8       0x20 c:/altera/13.0sp1/nios2eds/bin/gnu/h-i686-mingw32/bin/../lib/gcc/nios2-elf/4.1.2/../../../../nios2-elf/lib\libsmallc.a(lib_a-__atexit.o)
 .debug_aranges
                0x00000518       0x20 c:/altera/13.0sp1/nios2eds/bin/gnu/h-i686-mingw32/bin/../lib/gcc/nios2-elf/4.1.2/../../../../nios2-elf/lib\libsmallc.a(lib_a-__call_atexit.o)
 .debug_aranges
                0x00000538       0x20 ../bai3_bsp/\libhal_bsp.a(alt_exit.o)

.debug_pubnames
                0x00000000      0x767
 *(.debug_pubnames)
 .debug_pubnames
                0x00000000       0x1b obj/default/hello_world.o
 .debug_pubnames
                0x0000001b       0x27 c:/altera/13.0sp1/nios2eds/bin/gnu/h-i686-mingw32/bin/../lib/gcc/nios2-elf/4.1.2/../../../../nios2-elf/lib\libsmallc.a(lib_a-puts.o)
 .debug_pubnames
                0x00000042       0x1d c:/altera/13.0sp1/nios2eds/bin/gnu/h-i686-mingw32/bin/../lib/gcc/nios2-elf/4.1.2/../../../../nios2-elf/lib\libsmallc.a(lib_a-strlen.o)
 .debug_pubnames
                0x0000005f       0x2b c:/altera/13.0sp1/nios2eds/bin/gnu/h-i686-mingw32/bin/../lib/gcc/nios2-elf/4.1.2/../../../../nios2-elf/lib\libsmallc.a(lib_a-fvwrite_small_dev.o)
 .debug_pubnames
                0x0000008a       0x39 c:/altera/13.0sp1/nios2eds/bin/gnu/h-i686-mingw32/bin/../lib/gcc/nios2-elf/4.1.2/../../../../nios2-elf/lib\libsmallc.a(lib_a-impure.o)
 .debug_pubnames
                0x000000c3       0x1f c:/altera/13.0sp1/nios2eds/bin/gnu/h-i686-mingw32/bin/../lib/gcc/nios2-elf/4.1.2/../../../../nios2-elf/lib\libsmallc.a(lib_a-writer.o)
 .debug_pubnames
                0x000000e2       0x1c c:/altera/13.0sp1/nios2eds/bin/gnu/h-i686-mingw32/bin/../lib/gcc/nios2-elf/4.1.2/../../../../nios2-elf/lib\libsmallc.a(lib_a-int_errno.o)
 .debug_pubnames
                0x000000fe       0x1f ../bai3_bsp/\libhal_bsp.a(alt_load.o)
 .debug_pubnames
                0x0000011d       0x46 ../bai3_bsp/\libhal_bsp.a(alt_main.o)
 .debug_pubnames
                0x00000163       0x1c ../bai3_bsp/\libhal_bsp.a(alt_write.o)
 .debug_pubnames
                0x0000017f       0x34 ../bai3_bsp/\libhal_bsp.a(alt_sys_init.o)
 .debug_pubnames
                0x000001b3       0x5b ../bai3_bsp/\libhal_bsp.a(altera_avalon_jtag_uart_fd.o)
 .debug_pubnames
                0x0000020e       0x33 ../bai3_bsp/\libhal_bsp.a(altera_avalon_jtag_uart_read.o)
 .debug_pubnames
                0x00000241       0x34 ../bai3_bsp/\libhal_bsp.a(altera_avalon_jtag_uart_write.o)
 .debug_pubnames
                0x00000275       0x2f ../bai3_bsp/\libhal_bsp.a(altera_avalon_timer_sc.o)
 .debug_pubnames
                0x000002a4       0x1c ../bai3_bsp/\libhal_bsp.a(alt_close.o)
 .debug_pubnames
                0x000002c0       0x2b ../bai3_bsp/\libhal_bsp.a(alt_dcache_flush_all.o)
 .debug_pubnames
                0x000002eb       0x63 ../bai3_bsp/\libhal_bsp.a(alt_dev.o)
 .debug_pubnames
                0x0000034e       0x2b ../bai3_bsp/\libhal_bsp.a(alt_dev_llist_insert.o)
 .debug_pubnames
                0x00000379       0x20 ../bai3_bsp/\libhal_bsp.a(alt_do_ctors.o)
 .debug_pubnames
                0x00000399       0x20 ../bai3_bsp/\libhal_bsp.a(alt_do_dtors.o)
 .debug_pubnames
                0x000003b9       0x20 ../bai3_bsp/\libhal_bsp.a(alt_errno.o)
 .debug_pubnames
                0x000003d9       0x2b ../bai3_bsp/\libhal_bsp.a(alt_icache_flush_all.o)
 .debug_pubnames
                0x00000404       0x6e ../bai3_bsp/\libhal_bsp.a(alt_iic.o)
 .debug_pubnames
                0x00000472       0x2b ../bai3_bsp/\libhal_bsp.a(alt_iic_isr_register.o)
 .debug_pubnames
                0x0000049d       0x26 ../bai3_bsp/\libhal_bsp.a(alt_io_redirect.o)
 .debug_pubnames
                0x000004c3       0x32 ../bai3_bsp/\libhal_bsp.a(alt_irq_handler.o)
 .debug_pubnames
                0x000004f5       0x3b ../bai3_bsp/\libhal_bsp.a(alt_irq_vars.o)
 .debug_pubnames
                0x00000530       0x1b ../bai3_bsp/\libhal_bsp.a(alt_open.o)
 .debug_pubnames
                0x0000054b       0x25 ../bai3_bsp/\libhal_bsp.a(alt_release_fd.o)
 .debug_pubnames
                0x00000570       0x68 ../bai3_bsp/\libhal_bsp.a(alt_tick.o)
 .debug_pubnames
                0x000005d8       0x31 ../bai3_bsp/\libhal_bsp.a(altera_nios2_qsys_irq.o)
 .debug_pubnames
                0x00000609       0x23 ../bai3_bsp/\libhal_bsp.a(alt_find_dev.o)
 .debug_pubnames
                0x0000062c       0x24 ../bai3_bsp/\libhal_bsp.a(alt_find_file.o)
 .debug_pubnames
                0x00000650       0x21 ../bai3_bsp/\libhal_bsp.a(alt_get_fd.o)
 .debug_pubnames
                0x00000671       0x27 ../bai3_bsp/\libhal_bsp.a(alt_icache_flush.o)
 .debug_pubnames
                0x00000698       0x2a c:/altera/13.0sp1/nios2eds/bin/gnu/h-i686-mingw32/bin/../lib/gcc/nios2-elf/4.1.2/../../../../nios2-elf/lib\libsmallc.a(lib_a-atexit.o)
 .debug_pubnames
                0x000006c2       0x1b c:/altera/13.0sp1/nios2eds/bin/gnu/h-i686-mingw32/bin/../lib/gcc/nios2-elf/4.1.2/../../../../nios2-elf/lib\libsmallc.a(lib_a-exit.o)
 .debug_pubnames
                0x000006dd       0x1d c:/altera/13.0sp1/nios2eds/bin/gnu/h-i686-mingw32/bin/../lib/gcc/nios2-elf/4.1.2/../../../../nios2-elf/lib\libsmallc.a(lib_a-memcmp.o)
 .debug_pubnames
                0x000006fa       0x2a c:/altera/13.0sp1/nios2eds/bin/gnu/h-i686-mingw32/bin/../lib/gcc/nios2-elf/4.1.2/../../../../nios2-elf/lib\libsmallc.a(lib_a-__atexit.o)
 .debug_pubnames
                0x00000724       0x27 c:/altera/13.0sp1/nios2eds/bin/gnu/h-i686-mingw32/bin/../lib/gcc/nios2-elf/4.1.2/../../../../nios2-elf/lib\libsmallc.a(lib_a-__call_atexit.o)
 .debug_pubnames
                0x0000074b       0x1c ../bai3_bsp/\libhal_bsp.a(alt_exit.o)

.debug_info     0x00000000     0x9041
 *(.debug_info .gnu.linkonce.wi.*)
 .debug_info    0x00000000       0x68 ../bai3_bsp//obj/HAL/src/crt0.o
 .debug_info    0x00000068      0x127 obj/default/hello_world.o
 .debug_info    0x0000018f      0x685 c:/altera/13.0sp1/nios2eds/bin/gnu/h-i686-mingw32/bin/../lib/gcc/nios2-elf/4.1.2/../../../../nios2-elf/lib\libsmallc.a(lib_a-puts.o)
 .debug_info    0x00000814       0xc2 c:/altera/13.0sp1/nios2eds/bin/gnu/h-i686-mingw32/bin/../lib/gcc/nios2-elf/4.1.2/../../../../nios2-elf/lib\libsmallc.a(lib_a-strlen.o)
 .debug_info    0x000008d6      0x68e c:/altera/13.0sp1/nios2eds/bin/gnu/h-i686-mingw32/bin/../lib/gcc/nios2-elf/4.1.2/../../../../nios2-elf/lib\libsmallc.a(lib_a-fvwrite_small_dev.o)
 .debug_info    0x00000f64      0x636 c:/altera/13.0sp1/nios2eds/bin/gnu/h-i686-mingw32/bin/../lib/gcc/nios2-elf/4.1.2/../../../../nios2-elf/lib\libsmallc.a(lib_a-impure.o)
 .debug_info    0x0000159a      0x68c c:/altera/13.0sp1/nios2eds/bin/gnu/h-i686-mingw32/bin/../lib/gcc/nios2-elf/4.1.2/../../../../nios2-elf/lib\libsmallc.a(lib_a-writer.o)
 .debug_info    0x00001c26       0x8c c:/altera/13.0sp1/nios2eds/bin/gnu/h-i686-mingw32/bin/../lib/gcc/nios2-elf/4.1.2/../../../../nios2-elf/lib\libsmallc.a(lib_a-int_errno.o)
 .debug_info    0x00001cb2      0x27a ../bai3_bsp/\libhal_bsp.a(alt_load.o)
 .debug_info    0x00001f2c      0x212 ../bai3_bsp/\libhal_bsp.a(alt_main.o)
 .debug_info    0x0000213e      0x680 ../bai3_bsp/\libhal_bsp.a(alt_write.o)
 .debug_info    0x000027be      0x5b0 ../bai3_bsp/\libhal_bsp.a(alt_sys_init.o)
 .debug_info    0x00002d6e      0x5a6 ../bai3_bsp/\libhal_bsp.a(altera_avalon_jtag_uart_fd.o)
 .debug_info    0x00003314      0x2f6 ../bai3_bsp/\libhal_bsp.a(altera_avalon_jtag_uart_read.o)
 .debug_info    0x0000360a      0x2d3 ../bai3_bsp/\libhal_bsp.a(altera_avalon_jtag_uart_write.o)
 .debug_info    0x000038dd      0x378 ../bai3_bsp/\libhal_bsp.a(altera_avalon_timer_sc.o)
 .debug_info    0x00003c55      0x454 ../bai3_bsp/\libhal_bsp.a(alt_close.o)
 .debug_info    0x000040a9      0x149 ../bai3_bsp/\libhal_bsp.a(alt_dcache_flush_all.o)
 .debug_info    0x000041f2      0x66c ../bai3_bsp/\libhal_bsp.a(alt_dev.o)
 .debug_info    0x0000485e      0x2a4 ../bai3_bsp/\libhal_bsp.a(alt_dev_llist_insert.o)
 .debug_info    0x00004b02       0xfc ../bai3_bsp/\libhal_bsp.a(alt_do_ctors.o)
 .debug_info    0x00004bfe       0xfb ../bai3_bsp/\libhal_bsp.a(alt_do_dtors.o)
 .debug_info    0x00004cf9      0x151 ../bai3_bsp/\libhal_bsp.a(alt_errno.o)
 .debug_info    0x00004e4a      0x149 ../bai3_bsp/\libhal_bsp.a(alt_icache_flush_all.o)
 .debug_info    0x00004f93      0x480 ../bai3_bsp/\libhal_bsp.a(alt_iic.o)
 .debug_info    0x00005413      0x301 ../bai3_bsp/\libhal_bsp.a(alt_iic_isr_register.o)
 .debug_info    0x00005714      0x682 ../bai3_bsp/\libhal_bsp.a(alt_io_redirect.o)
 .debug_info    0x00005d96       0x71 ../bai3_bsp/\libhal_bsp.a(alt_irq_entry.o)
 .debug_info    0x00005e07      0x262 ../bai3_bsp/\libhal_bsp.a(alt_irq_handler.o)
 .debug_info    0x00006069      0x154 ../bai3_bsp/\libhal_bsp.a(alt_irq_vars.o)
 .debug_info    0x000061bd      0x512 ../bai3_bsp/\libhal_bsp.a(alt_open.o)
 .debug_info    0x000066cf      0x3df ../bai3_bsp/\libhal_bsp.a(alt_release_fd.o)
 .debug_info    0x00006aae      0x3eb ../bai3_bsp/\libhal_bsp.a(alt_tick.o)
 .debug_info    0x00006e99      0x150 ../bai3_bsp/\libhal_bsp.a(altera_nios2_qsys_irq.o)
 .debug_info    0x00006fe9       0x77 ../bai3_bsp/\libhal_bsp.a(alt_exception_entry.o)
 .debug_info    0x00007060      0x405 ../bai3_bsp/\libhal_bsp.a(alt_find_dev.o)
 .debug_info    0x00007465      0x40c ../bai3_bsp/\libhal_bsp.a(alt_find_file.o)
 .debug_info    0x00007871      0x44d ../bai3_bsp/\libhal_bsp.a(alt_get_fd.o)
 .debug_info    0x00007cbe      0x191 ../bai3_bsp/\libhal_bsp.a(alt_icache_flush.o)
 .debug_info    0x00007e4f      0x186 c:/altera/13.0sp1/nios2eds/bin/gnu/h-i686-mingw32/bin/../lib/gcc/nios2-elf/4.1.2/../../../../nios2-elf/lib\libsmallc.a(lib_a-atexit.o)
 .debug_info    0x00007fd5       0x9f c:/altera/13.0sp1/nios2eds/bin/gnu/h-i686-mingw32/bin/../lib/gcc/nios2-elf/4.1.2/../../../../nios2-elf/lib\libsmallc.a(lib_a-exit.o)
 .debug_info    0x00008074       0xef c:/altera/13.0sp1/nios2eds/bin/gnu/h-i686-mingw32/bin/../lib/gcc/nios2-elf/4.1.2/../../../../nios2-elf/lib\libsmallc.a(lib_a-memcmp.o)
 .debug_info    0x00008163      0x68f c:/altera/13.0sp1/nios2eds/bin/gnu/h-i686-mingw32/bin/../lib/gcc/nios2-elf/4.1.2/../../../../nios2-elf/lib\libsmallc.a(lib_a-__atexit.o)
 .debug_info    0x000087f2      0x6d5 c:/altera/13.0sp1/nios2eds/bin/gnu/h-i686-mingw32/bin/../lib/gcc/nios2-elf/4.1.2/../../../../nios2-elf/lib\libsmallc.a(lib_a-__call_atexit.o)
 .debug_info    0x00008ec7      0x17a ../bai3_bsp/\libhal_bsp.a(alt_exit.o)

.debug_abbrev   0x00000000     0x22af
 *(.debug_abbrev)
 .debug_abbrev  0x00000000       0x12 ../bai3_bsp//obj/HAL/src/crt0.o
 .debug_abbrev  0x00000012       0x3f obj/default/hello_world.o
 .debug_abbrev  0x00000051      0x180 c:/altera/13.0sp1/nios2eds/bin/gnu/h-i686-mingw32/bin/../lib/gcc/nios2-elf/4.1.2/../../../../nios2-elf/lib\libsmallc.a(lib_a-puts.o)
 .debug_abbrev  0x000001d1       0x7a c:/altera/13.0sp1/nios2eds/bin/gnu/h-i686-mingw32/bin/../lib/gcc/nios2-elf/4.1.2/../../../../nios2-elf/lib\libsmallc.a(lib_a-strlen.o)
 .debug_abbrev  0x0000024b      0x179 c:/altera/13.0sp1/nios2eds/bin/gnu/h-i686-mingw32/bin/../lib/gcc/nios2-elf/4.1.2/../../../../nios2-elf/lib\libsmallc.a(lib_a-fvwrite_small_dev.o)
 .debug_abbrev  0x000003c4      0x13f c:/altera/13.0sp1/nios2eds/bin/gnu/h-i686-mingw32/bin/../lib/gcc/nios2-elf/4.1.2/../../../../nios2-elf/lib\libsmallc.a(lib_a-impure.o)
 .debug_abbrev  0x00000503      0x16c c:/altera/13.0sp1/nios2eds/bin/gnu/h-i686-mingw32/bin/../lib/gcc/nios2-elf/4.1.2/../../../../nios2-elf/lib\libsmallc.a(lib_a-writer.o)
 .debug_abbrev  0x0000066f       0x3b c:/altera/13.0sp1/nios2eds/bin/gnu/h-i686-mingw32/bin/../lib/gcc/nios2-elf/4.1.2/../../../../nios2-elf/lib\libsmallc.a(lib_a-int_errno.o)
 .debug_abbrev  0x000006aa       0x88 ../bai3_bsp/\libhal_bsp.a(alt_load.o)
 .debug_abbrev  0x00000732       0xb7 ../bai3_bsp/\libhal_bsp.a(alt_main.o)
 .debug_abbrev  0x000007e9      0x100 ../bai3_bsp/\libhal_bsp.a(alt_write.o)
 .debug_abbrev  0x000008e9      0x121 ../bai3_bsp/\libhal_bsp.a(alt_sys_init.o)
 .debug_abbrev  0x00000a0a       0xcb ../bai3_bsp/\libhal_bsp.a(altera_avalon_jtag_uart_fd.o)
 .debug_abbrev  0x00000ad5       0xb6 ../bai3_bsp/\libhal_bsp.a(altera_avalon_jtag_uart_read.o)
 .debug_abbrev  0x00000b8b       0xb4 ../bai3_bsp/\libhal_bsp.a(altera_avalon_jtag_uart_write.o)
 .debug_abbrev  0x00000c3f      0x137 ../bai3_bsp/\libhal_bsp.a(altera_avalon_timer_sc.o)
 .debug_abbrev  0x00000d76       0xfb ../bai3_bsp/\libhal_bsp.a(alt_close.o)
 .debug_abbrev  0x00000e71       0x3f ../bai3_bsp/\libhal_bsp.a(alt_dcache_flush_all.o)
 .debug_abbrev  0x00000eb0       0xc7 ../bai3_bsp/\libhal_bsp.a(alt_dev.o)
 .debug_abbrev  0x00000f77       0xf6 ../bai3_bsp/\libhal_bsp.a(alt_dev_llist_insert.o)
 .debug_abbrev  0x0000106d       0x76 ../bai3_bsp/\libhal_bsp.a(alt_do_ctors.o)
 .debug_abbrev  0x000010e3       0x76 ../bai3_bsp/\libhal_bsp.a(alt_do_dtors.o)
 .debug_abbrev  0x00001159       0x5e ../bai3_bsp/\libhal_bsp.a(alt_errno.o)
 .debug_abbrev  0x000011b7       0x3f ../bai3_bsp/\libhal_bsp.a(alt_icache_flush_all.o)
 .debug_abbrev  0x000011f6      0x134 ../bai3_bsp/\libhal_bsp.a(alt_iic.o)
 .debug_abbrev  0x0000132a      0x14e ../bai3_bsp/\libhal_bsp.a(alt_iic_isr_register.o)
 .debug_abbrev  0x00001478       0xf0 ../bai3_bsp/\libhal_bsp.a(alt_io_redirect.o)
 .debug_abbrev  0x00001568       0x12 ../bai3_bsp/\libhal_bsp.a(alt_irq_entry.o)
 .debug_abbrev  0x0000157a      0x10c ../bai3_bsp/\libhal_bsp.a(alt_irq_handler.o)
 .debug_abbrev  0x00001686       0x44 ../bai3_bsp/\libhal_bsp.a(alt_irq_vars.o)
 .debug_abbrev  0x000016ca      0x112 ../bai3_bsp/\libhal_bsp.a(alt_open.o)
 .debug_abbrev  0x000017dc       0xc1 ../bai3_bsp/\libhal_bsp.a(alt_release_fd.o)
 .debug_abbrev  0x0000189d      0x150 ../bai3_bsp/\libhal_bsp.a(alt_tick.o)
 .debug_abbrev  0x000019ed       0x3f ../bai3_bsp/\libhal_bsp.a(altera_nios2_qsys_irq.o)
 .debug_abbrev  0x00001a2c       0x12 ../bai3_bsp/\libhal_bsp.a(alt_exception_entry.o)
 .debug_abbrev  0x00001a3e       0xcf ../bai3_bsp/\libhal_bsp.a(alt_find_dev.o)
 .debug_abbrev  0x00001b0d       0xcf ../bai3_bsp/\libhal_bsp.a(alt_find_file.o)
 .debug_abbrev  0x00001bdc       0xfb ../bai3_bsp/\libhal_bsp.a(alt_get_fd.o)
 .debug_abbrev  0x00001cd7       0x7a ../bai3_bsp/\libhal_bsp.a(alt_icache_flush.o)
 .debug_abbrev  0x00001d51       0xc6 c:/altera/13.0sp1/nios2eds/bin/gnu/h-i686-mingw32/bin/../lib/gcc/nios2-elf/4.1.2/../../../../nios2-elf/lib\libsmallc.a(lib_a-atexit.o)
 .debug_abbrev  0x00001e17       0x4e c:/altera/13.0sp1/nios2eds/bin/gnu/h-i686-mingw32/bin/../lib/gcc/nios2-elf/4.1.2/../../../../nios2-elf/lib\libsmallc.a(lib_a-exit.o)
 .debug_abbrev  0x00001e65       0x7c c:/altera/13.0sp1/nios2eds/bin/gnu/h-i686-mingw32/bin/../lib/gcc/nios2-elf/4.1.2/../../../../nios2-elf/lib\libsmallc.a(lib_a-memcmp.o)
 .debug_abbrev  0x00001ee1      0x196 c:/altera/13.0sp1/nios2eds/bin/gnu/h-i686-mingw32/bin/../lib/gcc/nios2-elf/4.1.2/../../../../nios2-elf/lib\libsmallc.a(lib_a-__atexit.o)
 .debug_abbrev  0x00002077      0x1c6 c:/altera/13.0sp1/nios2eds/bin/gnu/h-i686-mingw32/bin/../lib/gcc/nios2-elf/4.1.2/../../../../nios2-elf/lib\libsmallc.a(lib_a-__call_atexit.o)
 .debug_abbrev  0x0000223d       0x72 ../bai3_bsp/\libhal_bsp.a(alt_exit.o)

.debug_line     0x00000000     0x5ff8
 *(.debug_line)
 .debug_line    0x00000000       0x5c ../bai3_bsp//obj/HAL/src/crt0.o
 .debug_line    0x0000005c      0x1ca obj/default/hello_world.o
 .debug_line    0x00000226      0x2af c:/altera/13.0sp1/nios2eds/bin/gnu/h-i686-mingw32/bin/../lib/gcc/nios2-elf/4.1.2/../../../../nios2-elf/lib\libsmallc.a(lib_a-puts.o)
 .debug_line    0x000004d5      0x24d c:/altera/13.0sp1/nios2eds/bin/gnu/h-i686-mingw32/bin/../lib/gcc/nios2-elf/4.1.2/../../../../nios2-elf/lib\libsmallc.a(lib_a-strlen.o)
 .debug_line    0x00000722      0x2a6 c:/altera/13.0sp1/nios2eds/bin/gnu/h-i686-mingw32/bin/../lib/gcc/nios2-elf/4.1.2/../../../../nios2-elf/lib\libsmallc.a(lib_a-fvwrite_small_dev.o)
 .debug_line    0x000009c8      0x22d c:/altera/13.0sp1/nios2eds/bin/gnu/h-i686-mingw32/bin/../lib/gcc/nios2-elf/4.1.2/../../../../nios2-elf/lib\libsmallc.a(lib_a-impure.o)
 .debug_line    0x00000bf5      0x29a c:/altera/13.0sp1/nios2eds/bin/gnu/h-i686-mingw32/bin/../lib/gcc/nios2-elf/4.1.2/../../../../nios2-elf/lib\libsmallc.a(lib_a-writer.o)
 .debug_line    0x00000e8f      0x1df c:/altera/13.0sp1/nios2eds/bin/gnu/h-i686-mingw32/bin/../lib/gcc/nios2-elf/4.1.2/../../../../nios2-elf/lib\libsmallc.a(lib_a-int_errno.o)
 .debug_line    0x0000106e      0x217 ../bai3_bsp/\libhal_bsp.a(alt_load.o)
 .debug_line    0x00001285      0x2ca ../bai3_bsp/\libhal_bsp.a(alt_main.o)
 .debug_line    0x0000154f      0x2c9 ../bai3_bsp/\libhal_bsp.a(alt_write.o)
 .debug_line    0x00001818      0x2c7 ../bai3_bsp/\libhal_bsp.a(alt_sys_init.o)
 .debug_line    0x00001adf      0x1d7 ../bai3_bsp/\libhal_bsp.a(altera_avalon_jtag_uart_fd.o)
 .debug_line    0x00001cb6      0x343 ../bai3_bsp/\libhal_bsp.a(altera_avalon_jtag_uart_read.o)
 .debug_line    0x00001ff9      0x304 ../bai3_bsp/\libhal_bsp.a(altera_avalon_jtag_uart_write.o)
 .debug_line    0x000022fd      0x2b3 ../bai3_bsp/\libhal_bsp.a(altera_avalon_timer_sc.o)
 .debug_line    0x000025b0      0x299 ../bai3_bsp/\libhal_bsp.a(alt_close.o)
 .debug_line    0x00002849      0x1b5 ../bai3_bsp/\libhal_bsp.a(alt_dcache_flush_all.o)
 .debug_line    0x000029fe      0x254 ../bai3_bsp/\libhal_bsp.a(alt_dev.o)
 .debug_line    0x00002c52      0x25a ../bai3_bsp/\libhal_bsp.a(alt_dev_llist_insert.o)
 .debug_line    0x00002eac       0x83 ../bai3_bsp/\libhal_bsp.a(alt_do_ctors.o)
 .debug_line    0x00002f2f       0x83 ../bai3_bsp/\libhal_bsp.a(alt_do_dtors.o)
 .debug_line    0x00002fb2      0x1aa ../bai3_bsp/\libhal_bsp.a(alt_errno.o)
 .debug_line    0x0000315c      0x1bd ../bai3_bsp/\libhal_bsp.a(alt_icache_flush_all.o)
 .debug_line    0x00003319      0x2c8 ../bai3_bsp/\libhal_bsp.a(alt_iic.o)
 .debug_line    0x000035e1      0x249 ../bai3_bsp/\libhal_bsp.a(alt_iic_isr_register.o)
 .debug_line    0x0000382a      0x2b4 ../bai3_bsp/\libhal_bsp.a(alt_io_redirect.o)
 .debug_line    0x00003ade       0x6b ../bai3_bsp/\libhal_bsp.a(alt_irq_entry.o)
 .debug_line    0x00003b49      0x248 ../bai3_bsp/\libhal_bsp.a(alt_irq_handler.o)
 .debug_line    0x00003d91       0x72 ../bai3_bsp/\libhal_bsp.a(alt_irq_vars.o)
 .debug_line    0x00003e03      0x2ff ../bai3_bsp/\libhal_bsp.a(alt_open.o)
 .debug_line    0x00004102       0xed ../bai3_bsp/\libhal_bsp.a(alt_release_fd.o)
 .debug_line    0x000041ef      0x2dc ../bai3_bsp/\libhal_bsp.a(alt_tick.o)
 .debug_line    0x000044cb      0x1ce ../bai3_bsp/\libhal_bsp.a(altera_nios2_qsys_irq.o)
 .debug_line    0x00004699       0xab ../bai3_bsp/\libhal_bsp.a(alt_exception_entry.o)
 .debug_line    0x00004744      0x26b ../bai3_bsp/\libhal_bsp.a(alt_find_dev.o)
 .debug_line    0x000049af      0x27c ../bai3_bsp/\libhal_bsp.a(alt_find_file.o)
 .debug_line    0x00004c2b      0x297 ../bai3_bsp/\libhal_bsp.a(alt_get_fd.o)
 .debug_line    0x00004ec2      0x1f9 ../bai3_bsp/\libhal_bsp.a(alt_icache_flush.o)
 .debug_line    0x000050bb      0x200 c:/altera/13.0sp1/nios2eds/bin/gnu/h-i686-mingw32/bin/../lib/gcc/nios2-elf/4.1.2/../../../../nios2-elf/lib\libsmallc.a(lib_a-atexit.o)
 .debug_line    0x000052bb      0x220 c:/altera/13.0sp1/nios2eds/bin/gnu/h-i686-mingw32/bin/../lib/gcc/nios2-elf/4.1.2/../../../../nios2-elf/lib\libsmallc.a(lib_a-exit.o)
 .debug_line    0x000054db      0x26d c:/altera/13.0sp1/nios2eds/bin/gnu/h-i686-mingw32/bin/../lib/gcc/nios2-elf/4.1.2/../../../../nios2-elf/lib\libsmallc.a(lib_a-memcmp.o)
 .debug_line    0x00005748      0x34d c:/altera/13.0sp1/nios2eds/bin/gnu/h-i686-mingw32/bin/../lib/gcc/nios2-elf/4.1.2/../../../../nios2-elf/lib\libsmallc.a(lib_a-__atexit.o)
 .debug_line    0x00005a95      0x35d c:/altera/13.0sp1/nios2eds/bin/gnu/h-i686-mingw32/bin/../lib/gcc/nios2-elf/4.1.2/../../../../nios2-elf/lib\libsmallc.a(lib_a-__call_atexit.o)
 .debug_line    0x00005df2      0x206 ../bai3_bsp/\libhal_bsp.a(alt_exit.o)

.debug_frame    0x00000000      0x860
 *(.debug_frame)
 .debug_frame   0x00000000       0x2c obj/default/hello_world.o
 .debug_frame   0x0000002c       0x3c c:/altera/13.0sp1/nios2eds/bin/gnu/h-i686-mingw32/bin/../lib/gcc/nios2-elf/4.1.2/../../../../nios2-elf/lib\libsmallc.a(lib_a-puts.o)
 .debug_frame   0x00000068       0x20 c:/altera/13.0sp1/nios2eds/bin/gnu/h-i686-mingw32/bin/../lib/gcc/nios2-elf/4.1.2/../../../../nios2-elf/lib\libsmallc.a(lib_a-strlen.o)
 .debug_frame   0x00000088       0x30 c:/altera/13.0sp1/nios2eds/bin/gnu/h-i686-mingw32/bin/../lib/gcc/nios2-elf/4.1.2/../../../../nios2-elf/lib\libsmallc.a(lib_a-fvwrite_small_dev.o)
 .debug_frame   0x000000b8       0x2c c:/altera/13.0sp1/nios2eds/bin/gnu/h-i686-mingw32/bin/../lib/gcc/nios2-elf/4.1.2/../../../../nios2-elf/lib\libsmallc.a(lib_a-writer.o)
 .debug_frame   0x000000e4       0x48 ../bai3_bsp/\libhal_bsp.a(alt_load.o)
 .debug_frame   0x0000012c       0x2c ../bai3_bsp/\libhal_bsp.a(alt_main.o)
 .debug_frame   0x00000158       0x48 ../bai3_bsp/\libhal_bsp.a(alt_write.o)
 .debug_frame   0x000001a0       0x64 ../bai3_bsp/\libhal_bsp.a(alt_sys_init.o)
 .debug_frame   0x00000204       0x48 ../bai3_bsp/\libhal_bsp.a(altera_avalon_jtag_uart_fd.o)
 .debug_frame   0x0000024c       0x2c ../bai3_bsp/\libhal_bsp.a(altera_avalon_jtag_uart_read.o)
 .debug_frame   0x00000278       0x2c ../bai3_bsp/\libhal_bsp.a(altera_avalon_jtag_uart_write.o)
 .debug_frame   0x000002a4       0x48 ../bai3_bsp/\libhal_bsp.a(altera_avalon_timer_sc.o)
 .debug_frame   0x000002ec       0x48 ../bai3_bsp/\libhal_bsp.a(alt_close.o)
 .debug_frame   0x00000334       0x2c ../bai3_bsp/\libhal_bsp.a(alt_dcache_flush_all.o)
 .debug_frame   0x00000360       0x2c ../bai3_bsp/\libhal_bsp.a(alt_dev.o)
 .debug_frame   0x0000038c       0x48 ../bai3_bsp/\libhal_bsp.a(alt_dev_llist_insert.o)
 .debug_frame   0x000003d4       0x2c ../bai3_bsp/\libhal_bsp.a(alt_do_ctors.o)
 .debug_frame   0x00000400       0x2c ../bai3_bsp/\libhal_bsp.a(alt_do_dtors.o)
 .debug_frame   0x0000042c       0x2c ../bai3_bsp/\libhal_bsp.a(alt_icache_flush_all.o)
 .debug_frame   0x00000458       0x80 ../bai3_bsp/\libhal_bsp.a(alt_iic.o)
 .debug_frame   0x000004d8       0x2c ../bai3_bsp/\libhal_bsp.a(alt_iic_isr_register.o)
 .debug_frame   0x00000504       0x48 ../bai3_bsp/\libhal_bsp.a(alt_io_redirect.o)
 .debug_frame   0x0000054c       0x2c ../bai3_bsp/\libhal_bsp.a(alt_irq_handler.o)
 .debug_frame   0x00000578       0x64 ../bai3_bsp/\libhal_bsp.a(alt_open.o)
 .debug_frame   0x000005dc       0x2c ../bai3_bsp/\libhal_bsp.a(alt_release_fd.o)
 .debug_frame   0x00000608       0x48 ../bai3_bsp/\libhal_bsp.a(alt_tick.o)
 .debug_frame   0x00000650       0x2c ../bai3_bsp/\libhal_bsp.a(altera_nios2_qsys_irq.o)
 .debug_frame   0x0000067c       0x2c ../bai3_bsp/\libhal_bsp.a(alt_find_dev.o)
 .debug_frame   0x000006a8       0x2c ../bai3_bsp/\libhal_bsp.a(alt_find_file.o)
 .debug_frame   0x000006d4       0x2c ../bai3_bsp/\libhal_bsp.a(alt_get_fd.o)
 .debug_frame   0x00000700       0x2c ../bai3_bsp/\libhal_bsp.a(alt_icache_flush.o)
 .debug_frame   0x0000072c       0x20 c:/altera/13.0sp1/nios2eds/bin/gnu/h-i686-mingw32/bin/../lib/gcc/nios2-elf/4.1.2/../../../../nios2-elf/lib\libsmallc.a(lib_a-atexit.o)
 .debug_frame   0x0000074c       0x2c c:/altera/13.0sp1/nios2eds/bin/gnu/h-i686-mingw32/bin/../lib/gcc/nios2-elf/4.1.2/../../../../nios2-elf/lib\libsmallc.a(lib_a-exit.o)
 .debug_frame   0x00000778       0x20 c:/altera/13.0sp1/nios2eds/bin/gnu/h-i686-mingw32/bin/../lib/gcc/nios2-elf/4.1.2/../../../../nios2-elf/lib\libsmallc.a(lib_a-memcmp.o)
 .debug_frame   0x00000798       0x34 c:/altera/13.0sp1/nios2eds/bin/gnu/h-i686-mingw32/bin/../lib/gcc/nios2-elf/4.1.2/../../../../nios2-elf/lib\libsmallc.a(lib_a-__atexit.o)
 .debug_frame   0x000007cc       0x4c c:/altera/13.0sp1/nios2eds/bin/gnu/h-i686-mingw32/bin/../lib/gcc/nios2-elf/4.1.2/../../../../nios2-elf/lib\libsmallc.a(lib_a-__call_atexit.o)
 .debug_frame   0x00000818       0x48 ../bai3_bsp/\libhal_bsp.a(alt_exit.o)

.debug_str      0x00000000      0xaa9
 *(.debug_str)
 .debug_str     0x00000000       0x12 obj/default/hello_world.o
 .debug_str     0x00000012      0x3e3 c:/altera/13.0sp1/nios2eds/bin/gnu/h-i686-mingw32/bin/../lib/gcc/nios2-elf/4.1.2/../../../../nios2-elf/lib\libsmallc.a(lib_a-puts.o)
                                0x442 (size before relaxing)
 .debug_str     0x000003f5       0xd4 c:/altera/13.0sp1/nios2eds/bin/gnu/h-i686-mingw32/bin/../lib/gcc/nios2-elf/4.1.2/../../../../nios2-elf/lib\libsmallc.a(lib_a-strlen.o)
                                0x176 (size before relaxing)
 .debug_str     0x000004c9       0x6d c:/altera/13.0sp1/nios2eds/bin/gnu/h-i686-mingw32/bin/../lib/gcc/nios2-elf/4.1.2/../../../../nios2-elf/lib\libsmallc.a(lib_a-fvwrite_small_dev.o)
                                0x45c (size before relaxing)
 .debug_str     0x00000536       0xea c:/altera/13.0sp1/nios2eds/bin/gnu/h-i686-mingw32/bin/../lib/gcc/nios2-elf/4.1.2/../../../../nios2-elf/lib\libsmallc.a(lib_a-impure.o)
                                0x44f (size before relaxing)
 .debug_str     0x00000620       0x4c c:/altera/13.0sp1/nios2eds/bin/gnu/h-i686-mingw32/bin/../lib/gcc/nios2-elf/4.1.2/../../../../nios2-elf/lib\libsmallc.a(lib_a-writer.o)
                                0x443 (size before relaxing)
 .debug_str     0x0000066c       0x3d c:/altera/13.0sp1/nios2eds/bin/gnu/h-i686-mingw32/bin/../lib/gcc/nios2-elf/4.1.2/../../../../nios2-elf/lib\libsmallc.a(lib_a-int_errno.o)
                                0x169 (size before relaxing)
 .debug_str     0x000006a9       0x12 ../bai3_bsp/\libhal_bsp.a(alt_load.o)
 .debug_str     0x000006bb       0x12 ../bai3_bsp/\libhal_bsp.a(alt_main.o)
 .debug_str     0x000006cd       0x12 ../bai3_bsp/\libhal_bsp.a(alt_write.o)
 .debug_str     0x000006df       0x12 ../bai3_bsp/\libhal_bsp.a(alt_sys_init.o)
 .debug_str     0x000006f1       0x12 ../bai3_bsp/\libhal_bsp.a(altera_avalon_jtag_uart_read.o)
 .debug_str     0x00000703       0x12 ../bai3_bsp/\libhal_bsp.a(altera_avalon_jtag_uart_write.o)
 .debug_str     0x00000715       0x12 ../bai3_bsp/\libhal_bsp.a(altera_avalon_timer_sc.o)
 .debug_str     0x00000727       0x12 ../bai3_bsp/\libhal_bsp.a(alt_close.o)
 .debug_str     0x00000739       0x12 ../bai3_bsp/\libhal_bsp.a(alt_dcache_flush_all.o)
 .debug_str     0x0000074b       0x12 ../bai3_bsp/\libhal_bsp.a(alt_dev.o)
 .debug_str     0x0000075d       0x12 ../bai3_bsp/\libhal_bsp.a(alt_dev_llist_insert.o)
 .debug_str     0x0000076f       0x12 ../bai3_bsp/\libhal_bsp.a(alt_errno.o)
 .debug_str     0x00000781       0x12 ../bai3_bsp/\libhal_bsp.a(alt_icache_flush_all.o)
 .debug_str     0x00000793       0x18 ../bai3_bsp/\libhal_bsp.a(alt_iic.o)
 .debug_str     0x000007ab       0x1a ../bai3_bsp/\libhal_bsp.a(alt_iic_isr_register.o)
 .debug_str     0x000007c5       0x12 ../bai3_bsp/\libhal_bsp.a(alt_io_redirect.o)
 .debug_str     0x000007d7       0x12 ../bai3_bsp/\libhal_bsp.a(alt_irq_handler.o)
 .debug_str     0x000007e9       0x12 ../bai3_bsp/\libhal_bsp.a(alt_open.o)
 .debug_str     0x000007fb       0x1a ../bai3_bsp/\libhal_bsp.a(alt_tick.o)
 .debug_str     0x00000815       0x12 ../bai3_bsp/\libhal_bsp.a(altera_nios2_qsys_irq.o)
 .debug_str     0x00000827       0x12 ../bai3_bsp/\libhal_bsp.a(alt_find_dev.o)
 .debug_str     0x00000839       0x12 ../bai3_bsp/\libhal_bsp.a(alt_find_file.o)
 .debug_str     0x0000084b       0x12 ../bai3_bsp/\libhal_bsp.a(alt_get_fd.o)
 .debug_str     0x0000085d       0x12 ../bai3_bsp/\libhal_bsp.a(alt_icache_flush.o)
 .debug_str     0x0000086f       0xcd c:/altera/13.0sp1/nios2eds/bin/gnu/h-i686-mingw32/bin/../lib/gcc/nios2-elf/4.1.2/../../../../nios2-elf/lib\libsmallc.a(lib_a-atexit.o)
                                0x1d7 (size before relaxing)
 .debug_str     0x0000093c       0x3e c:/altera/13.0sp1/nios2eds/bin/gnu/h-i686-mingw32/bin/../lib/gcc/nios2-elf/4.1.2/../../../../nios2-elf/lib\libsmallc.a(lib_a-exit.o)
                                0x16a (size before relaxing)
 .debug_str     0x0000097a       0x42 c:/altera/13.0sp1/nios2eds/bin/gnu/h-i686-mingw32/bin/../lib/gcc/nios2-elf/4.1.2/../../../../nios2-elf/lib\libsmallc.a(lib_a-memcmp.o)
                                0x170 (size before relaxing)
 .debug_str     0x000009bc       0x56 c:/altera/13.0sp1/nios2eds/bin/gnu/h-i686-mingw32/bin/../lib/gcc/nios2-elf/4.1.2/../../../../nios2-elf/lib\libsmallc.a(lib_a-__atexit.o)
                                0x459 (size before relaxing)
 .debug_str     0x00000a12       0x7b c:/altera/13.0sp1/nios2eds/bin/gnu/h-i686-mingw32/bin/../lib/gcc/nios2-elf/4.1.2/../../../../nios2-elf/lib\libsmallc.a(lib_a-__call_atexit.o)
                                0x483 (size before relaxing)
 .debug_str     0x00000a8d       0x1c ../bai3_bsp/\libhal_bsp.a(alt_exit.o)

.debug_loc      0x00000000      0xe15
 *(.debug_loc)
 .debug_loc     0x00000000       0x2b obj/default/hello_world.o
 .debug_loc     0x0000002b       0xa2 c:/altera/13.0sp1/nios2eds/bin/gnu/h-i686-mingw32/bin/../lib/gcc/nios2-elf/4.1.2/../../../../nios2-elf/lib\libsmallc.a(lib_a-puts.o)
 .debug_loc     0x000000cd       0x1e c:/altera/13.0sp1/nios2eds/bin/gnu/h-i686-mingw32/bin/../lib/gcc/nios2-elf/4.1.2/../../../../nios2-elf/lib\libsmallc.a(lib_a-strlen.o)
 .debug_loc     0x000000eb      0x162 c:/altera/13.0sp1/nios2eds/bin/gnu/h-i686-mingw32/bin/../lib/gcc/nios2-elf/4.1.2/../../../../nios2-elf/lib\libsmallc.a(lib_a-fvwrite_small_dev.o)
 .debug_loc     0x0000024d       0x97 c:/altera/13.0sp1/nios2eds/bin/gnu/h-i686-mingw32/bin/../lib/gcc/nios2-elf/4.1.2/../../../../nios2-elf/lib\libsmallc.a(lib_a-writer.o)
 .debug_loc     0x000002e4       0x56 ../bai3_bsp/\libhal_bsp.a(alt_load.o)
 .debug_loc     0x0000033a       0x2b ../bai3_bsp/\libhal_bsp.a(alt_main.o)
 .debug_loc     0x00000365       0x56 ../bai3_bsp/\libhal_bsp.a(alt_write.o)
 .debug_loc     0x000003bb       0x81 ../bai3_bsp/\libhal_bsp.a(alt_sys_init.o)
 .debug_loc     0x0000043c       0x56 ../bai3_bsp/\libhal_bsp.a(altera_avalon_jtag_uart_fd.o)
 .debug_loc     0x00000492       0x2b ../bai3_bsp/\libhal_bsp.a(altera_avalon_jtag_uart_read.o)
 .debug_loc     0x000004bd       0x2b ../bai3_bsp/\libhal_bsp.a(altera_avalon_jtag_uart_write.o)
 .debug_loc     0x000004e8       0x56 ../bai3_bsp/\libhal_bsp.a(altera_avalon_timer_sc.o)
 .debug_loc     0x0000053e       0x56 ../bai3_bsp/\libhal_bsp.a(alt_close.o)
 .debug_loc     0x00000594       0x2b ../bai3_bsp/\libhal_bsp.a(alt_dcache_flush_all.o)
 .debug_loc     0x000005bf       0x2b ../bai3_bsp/\libhal_bsp.a(alt_dev.o)
 .debug_loc     0x000005ea       0x56 ../bai3_bsp/\libhal_bsp.a(alt_dev_llist_insert.o)
 .debug_loc     0x00000640       0x2b ../bai3_bsp/\libhal_bsp.a(alt_do_ctors.o)
 .debug_loc     0x0000066b       0x2b ../bai3_bsp/\libhal_bsp.a(alt_do_dtors.o)
 .debug_loc     0x00000696       0x2b ../bai3_bsp/\libhal_bsp.a(alt_icache_flush_all.o)
 .debug_loc     0x000006c1       0xac ../bai3_bsp/\libhal_bsp.a(alt_iic.o)
 .debug_loc     0x0000076d       0x2b ../bai3_bsp/\libhal_bsp.a(alt_iic_isr_register.o)
 .debug_loc     0x00000798       0x56 ../bai3_bsp/\libhal_bsp.a(alt_io_redirect.o)
 .debug_loc     0x000007ee       0x2b ../bai3_bsp/\libhal_bsp.a(alt_irq_handler.o)
 .debug_loc     0x00000819       0x81 ../bai3_bsp/\libhal_bsp.a(alt_open.o)
 .debug_loc     0x0000089a       0x2b ../bai3_bsp/\libhal_bsp.a(alt_release_fd.o)
 .debug_loc     0x000008c5       0x56 ../bai3_bsp/\libhal_bsp.a(alt_tick.o)
 .debug_loc     0x0000091b       0x2b ../bai3_bsp/\libhal_bsp.a(altera_nios2_qsys_irq.o)
 .debug_loc     0x00000946       0x2b ../bai3_bsp/\libhal_bsp.a(alt_find_dev.o)
 .debug_loc     0x00000971       0x2b ../bai3_bsp/\libhal_bsp.a(alt_find_file.o)
 .debug_loc     0x0000099c       0x2b ../bai3_bsp/\libhal_bsp.a(alt_get_fd.o)
 .debug_loc     0x000009c7       0x2b ../bai3_bsp/\libhal_bsp.a(alt_icache_flush.o)
 .debug_loc     0x000009f2       0x1e c:/altera/13.0sp1/nios2eds/bin/gnu/h-i686-mingw32/bin/../lib/gcc/nios2-elf/4.1.2/../../../../nios2-elf/lib\libsmallc.a(lib_a-atexit.o)
 .debug_loc     0x00000a10       0x3d c:/altera/13.0sp1/nios2eds/bin/gnu/h-i686-mingw32/bin/../lib/gcc/nios2-elf/4.1.2/../../../../nios2-elf/lib\libsmallc.a(lib_a-exit.o)
 .debug_loc     0x00000a4d       0x70 c:/altera/13.0sp1/nios2eds/bin/gnu/h-i686-mingw32/bin/../lib/gcc/nios2-elf/4.1.2/../../../../nios2-elf/lib\libsmallc.a(lib_a-memcmp.o)
 .debug_loc     0x00000abd      0x141 c:/altera/13.0sp1/nios2eds/bin/gnu/h-i686-mingw32/bin/../lib/gcc/nios2-elf/4.1.2/../../../../nios2-elf/lib\libsmallc.a(lib_a-__atexit.o)
 .debug_loc     0x00000bfe      0x1c1 c:/altera/13.0sp1/nios2eds/bin/gnu/h-i686-mingw32/bin/../lib/gcc/nios2-elf/4.1.2/../../../../nios2-elf/lib\libsmallc.a(lib_a-__call_atexit.o)
 .debug_loc     0x00000dbf       0x56 ../bai3_bsp/\libhal_bsp.a(alt_exit.o)

.debug_macinfo
 *(.debug_macinfo)

.debug_weaknames
 *(.debug_weaknames)

.debug_funcnames
 *(.debug_funcnames)

.debug_typenames
 *(.debug_typenames)

.debug_varnames
 *(.debug_varnames)

.debug_alt_sim_info
 *(.debug_alt_sim_info)
                0x00019c40                __alt_data_end = 0x19c40
                0x00019c40                PROVIDE (__alt_stack_pointer, __alt_data_end)
                0x00012630                PROVIDE (__alt_stack_limit, __alt_stack_base)
                0x00012630                PROVIDE (__alt_heap_start, end)
                0x00019c40                PROVIDE (__alt_heap_limit, 0x19c40)
OUTPUT(RUN_ON_HDL_SIMULATOR_ONLY_bai3.elf elf32-littlenios2)

.debug_ranges   0x00000000       0x90
 .debug_ranges  0x00000000       0x20 ../bai3_bsp//obj/HAL/src/crt0.o
 .debug_ranges  0x00000020       0x28 ../bai3_bsp/\libhal_bsp.a(alt_irq_entry.o)
 .debug_ranges  0x00000048       0x30 ../bai3_bsp/\libhal_bsp.a(alt_exception_entry.o)
 .debug_ranges  0x00000078       0x18 c:/altera/13.0sp1/nios2eds/bin/gnu/h-i686-mingw32/bin/../lib/gcc/nios2-elf/4.1.2/../../../../nios2-elf/lib\libsmallc.a(lib_a-__call_atexit.o)
