Archive member included because of file (symbol)

../lab3_part1_bsp/\libhal_bsp.a(alt_load.o)
                              ../lab3_part1_bsp//obj/HAL/src/crt0.o (alt_load)
../lab3_part1_bsp/\libhal_bsp.a(alt_main.o)
                              ../lab3_part1_bsp//obj/HAL/src/crt0.o (alt_main)
../lab3_part1_bsp/\libhal_bsp.a(alt_sys_init.o)
                              ../lab3_part1_bsp/\libhal_bsp.a(alt_main.o) (alt_sys_init)
../lab3_part1_bsp/\libhal_bsp.a(alt_dcache_flush_all.o)
                              ../lab3_part1_bsp/\libhal_bsp.a(alt_load.o) (alt_dcache_flush_all)
../lab3_part1_bsp/\libhal_bsp.a(alt_icache_flush_all.o)
                              ../lab3_part1_bsp/\libhal_bsp.a(alt_load.o) (alt_icache_flush_all)
../lab3_part1_bsp/\libhal_bsp.a(altera_nios2_qsys_irq.o)
                              ../lab3_part1_bsp/\libhal_bsp.a(alt_sys_init.o) (altera_nios2_qsys_irq_init)

Memory Configuration

Name             Origin             Length             Attributes
reset            0x00080000         0x00000020
onchip_memory2_0 0x00080020         0x00061a60
*default*        0x00000000         0xffffffff

Linker script and memory map

LOAD ../lab3_part1_bsp//obj/HAL/src/crt0.o
                0x0008000c                exit = _exit
LOAD obj/default/hello_world_small.o
LOAD c:/altera/13.0sp1/nios2eds/bin/gnu/h-i686-mingw32/bin/../lib/gcc/nios2-elf/4.1.2/../../../../nios2-elf/lib/mno-hw-mul\libstdc++.a
LOAD c:/altera/13.0sp1/nios2eds/bin/gnu/h-i686-mingw32/bin/../lib/gcc/nios2-elf/4.1.2/../../../../nios2-elf/lib/mno-hw-mul\libm.a
LOAD c:/altera/13.0sp1/nios2eds/bin/gnu/h-i686-mingw32/bin/../lib/gcc/nios2-elf/4.1.2/mno-hw-mul\libgcc.a
START GROUP
LOAD c:/altera/13.0sp1/nios2eds/bin/gnu/h-i686-mingw32/bin/../lib/gcc/nios2-elf/4.1.2/../../../../nios2-elf/lib/mno-hw-mul\libsmallc.a
LOAD c:/altera/13.0sp1/nios2eds/bin/gnu/h-i686-mingw32/bin/../lib/gcc/nios2-elf/4.1.2/mno-hw-mul\libgcc.a
LOAD ../lab3_part1_bsp/\libhal_bsp.a
END GROUP
LOAD c:/altera/13.0sp1/nios2eds/bin/gnu/h-i686-mingw32/bin/../lib/gcc/nios2-elf/4.1.2/mno-hw-mul\libgcc.a
                0x00080000                __alt_mem_onchip_memory2_0 = 0x80000

.entry          0x00080000       0x20
 *(.entry)
 .entry         0x00080000       0x20 ../lab3_part1_bsp//obj/HAL/src/crt0.o
                0x00080000                __reset
                0x0008000c                _exit

.exceptions     0x00080020        0x0
                0x00080020                PROVIDE (__ram_exceptions_start, ABSOLUTE (.))
                0x00080020                . = ALIGN (0x20)
 *(.irq)
 *(.exceptions.entry.label)
 *(.exceptions.entry.user)
 *(.exceptions.entry)
 *(.exceptions.irqtest.user)
 *(.exceptions.irqtest)
 *(.exceptions.irqhandler.user)
 *(.exceptions.irqhandler)
 *(.exceptions.irqreturn.user)
 *(.exceptions.irqreturn)
 *(.exceptions.notirq.label)
 *(.exceptions.notirq.user)
 *(.exceptions.notirq)
 *(.exceptions.soft.user)
 *(.exceptions.soft)
 *(.exceptions.unknown.user)
 *(.exceptions.unknown)
 *(.exceptions.exit.label)
 *(.exceptions.exit.user)
 *(.exceptions.exit)
 *(.exceptions)
                0x00080020                PROVIDE (__ram_exceptions_end, ABSOLUTE (.))
                0x00080020                PROVIDE (__flash_exceptions_start, LOADADDR (.exceptions))

.text           0x00080020      0x144
                0x00080020                PROVIDE (stext, ABSOLUTE (.))
 *(.interp)
 *(.hash)
 *(.dynsym)
 *(.dynstr)
 *(.gnu.version)
 *(.gnu.version_d)
 *(.gnu.version_r)
 *(.rel.init)
 *(.rela.init)
 *(.rel.text .rel.text.* .rel.gnu.linkonce.t.*)
 *(.rela.text .rela.text.* .rela.gnu.linkonce.t.*)
 *(.rel.fini)
 *(.rela.fini)
 *(.rel.rodata .rel.rodata.* .rel.gnu.linkonce.r.*)
 *(.rela.rodata .rela.rodata.* .rela.gnu.linkonce.r.*)
 *(.rel.data .rel.data.* .rel.gnu.linkonce.d.*)
 *(.rela.data .rela.data.* .rela.gnu.linkonce.d.*)
 *(.rel.tdata .rel.tdata.* .rel.gnu.linkonce.td.*)
 *(.rela.tdata .rela.tdata.* .rela.gnu.linkonce.td.*)
 *(.rel.tbss .rel.tbss.* .rel.gnu.linkonce.tb.*)
 *(.rela.tbss .rela.tbss.* .rela.gnu.linkonce.tb.*)
 *(.rel.ctors)
 *(.rela.ctors)
 *(.rel.dtors)
 *(.rela.dtors)
 *(.rel.got)
 *(.rela.got)
 *(.rel.sdata .rel.sdata.* .rel.gnu.linkonce.s.*)
 *(.rela.sdata .rela.sdata.* .rela.gnu.linkonce.s.*)
 *(.rel.sbss .rel.sbss.* .rel.gnu.linkonce.sb.*)
 *(.rela.sbss .rela.sbss.* .rela.gnu.linkonce.sb.*)
 *(.rel.sdata2 .rel.sdata2.* .rel.gnu.linkonce.s2.*)
 *(.rela.sdata2 .rela.sdata2.* .rela.gnu.linkonce.s2.*)
 *(.rel.sbss2 .rel.sbss2.* .rel.gnu.linkonce.sb2.*)
 *(.rela.sbss2 .rela.sbss2.* .rela.gnu.linkonce.sb2.*)
 *(.rel.bss .rel.bss.* .rel.gnu.linkonce.b.*)
 *(.rela.bss .rela.bss.* .rela.gnu.linkonce.b.*)
 *(.rel.plt)
 *(.rela.plt)
 *(.rel.dyn)
 *(.init)
 *(.plt)
 *(.text .stub .text.* .gnu.linkonce.t.*)
 .text          0x00080020       0x3c ../lab3_part1_bsp//obj/HAL/src/crt0.o
                0x00080020                _start
 .text          0x0008005c       0x1c obj/default/hello_world_small.o
                0x0008005c                main
 .text          0x00080078       0x8c ../lab3_part1_bsp/\libhal_bsp.a(alt_load.o)
                0x00080098                alt_load
 .text          0x00080104       0x2c ../lab3_part1_bsp/\libhal_bsp.a(alt_main.o)
                0x00080104                alt_main
 .text          0x00080130       0x24 ../lab3_part1_bsp/\libhal_bsp.a(alt_sys_init.o)
                0x00080130                alt_sys_init
                0x00080134                alt_irq_init
 .text          0x00080154        0x4 ../lab3_part1_bsp/\libhal_bsp.a(alt_dcache_flush_all.o)
                0x00080154                alt_dcache_flush_all
 .text          0x00080158        0x4 ../lab3_part1_bsp/\libhal_bsp.a(alt_icache_flush_all.o)
                0x00080158                alt_icache_flush_all
 .text          0x0008015c        0x8 ../lab3_part1_bsp/\libhal_bsp.a(altera_nios2_qsys_irq.o)
                0x0008015c                altera_nios2_qsys_irq_init
 *(.gnu.warning.*)
 *(.fini)
                0x00080164                PROVIDE (__etext, ABSOLUTE (.))
                0x00080164                PROVIDE (_etext, ABSOLUTE (.))
                0x00080164                PROVIDE (etext, ABSOLUTE (.))
 *(.eh_frame_hdr)
                0x00080164                . = ALIGN (0x4)
                0x00080164                PROVIDE (__preinit_array_start, ABSOLUTE (.))
 *(.preinit_array)
                0x00080164                PROVIDE (__preinit_array_end, ABSOLUTE (.))
                0x00080164                PROVIDE (__init_array_start, ABSOLUTE (.))
 *(.init_array)
                0x00080164                PROVIDE (__init_array_end, ABSOLUTE (.))
                0x00080164                PROVIDE (__fini_array_start, ABSOLUTE (.))
 *(.fini_array)
                0x00080164                PROVIDE (__fini_array_end, ABSOLUTE (.))
 *(.eh_frame)
 *(.gcc_except_table)
 *(.dynamic)
                0x00080164                PROVIDE (__CTOR_LIST__, ABSOLUTE (.))
 *(.ctors)
 *(SORT(.ctors.*))
                0x00080164                PROVIDE (__CTOR_END__, ABSOLUTE (.))
                0x00080164                PROVIDE (__DTOR_LIST__, ABSOLUTE (.))
 *(.dtors)
 *(SORT(.dtors.*))
                0x00080164                PROVIDE (__DTOR_END__, ABSOLUTE (.))
 *(.jcr)
                0x00080164                . = ALIGN (0x4)

.rodata         0x00080164        0x0
                0x00080164                PROVIDE (__ram_rodata_start, ABSOLUTE (.))
                0x00080164                . = ALIGN (0x4)
 *(.rodata .rodata.* .gnu.linkonce.r.*)
 *(.rodata1)
                0x00080164                . = ALIGN (0x4)
                0x00080164                PROVIDE (__ram_rodata_end, ABSOLUTE (.))
                0x00080164                PROVIDE (__flash_rodata_start, LOADADDR (.rodata))

.rwdata         0x00080164        0x4 load address 0x00080168
                0x00080164                PROVIDE (__ram_rwdata_start, ABSOLUTE (.))
                0x00080164                . = ALIGN (0x4)
 *(.got.plt)
 *(.got)
 *(.data1)
 *(.data .data.* .gnu.linkonce.d.*)
 .data          0x00080164        0x0 ../lab3_part1_bsp//obj/HAL/src/crt0.o
 .data          0x00080164        0x0 obj/default/hello_world_small.o
 .data          0x00080164        0x0 ../lab3_part1_bsp/\libhal_bsp.a(alt_load.o)
 .data          0x00080164        0x0 ../lab3_part1_bsp/\libhal_bsp.a(alt_main.o)
 .data          0x00080164        0x0 ../lab3_part1_bsp/\libhal_bsp.a(alt_sys_init.o)
 .data          0x00080164        0x0 ../lab3_part1_bsp/\libhal_bsp.a(alt_dcache_flush_all.o)
 .data          0x00080164        0x0 ../lab3_part1_bsp/\libhal_bsp.a(alt_icache_flush_all.o)
 .data          0x00080164        0x0 ../lab3_part1_bsp/\libhal_bsp.a(altera_nios2_qsys_irq.o)
                0x00088164                _gp = ABSOLUTE ((. + 0x8000))
                0x00088164                PROVIDE (gp, _gp)
 *(.rwdata .rwdata.*)
 *(.sdata .sdata.* .gnu.linkonce.s.*)
 .sdata         0x00080164        0x4 ../lab3_part1_bsp/\libhal_bsp.a(alt_sys_init.o)
                0x00080164                jtag_uart_0
 *(.sdata2 .sdata2.* .gnu.linkonce.s2.*)
                0x00080168                . = ALIGN (0x4)
                0x00080168                _edata = ABSOLUTE (.)
                0x00080168                PROVIDE (edata, ABSOLUTE (.))
                0x00080168                PROVIDE (__ram_rwdata_end, ABSOLUTE (.))
                0x00080168                PROVIDE (__flash_rwdata_start, LOADADDR (.rwdata))

.bss            0x0008016c        0xc
                0x0008016c                __bss_start = ABSOLUTE (.)
                0x0008016c                PROVIDE (__sbss_start, ABSOLUTE (.))
                0x0008016c                PROVIDE (___sbss_start, ABSOLUTE (.))
 *(.dynsbss)
 *(.sbss .sbss.* .gnu.linkonce.sb.*)
 .sbss          0x0008016c        0xc ../lab3_part1_bsp/\libhal_bsp.a(alt_main.o)
                0x0008016c                alt_argc
                0x00080170                alt_argv
                0x00080174                alt_envp
 *(.sbss2 .sbss2.* .gnu.linkonce.sb2.*)
 *(.scommon)
                0x00080178                PROVIDE (__sbss_end, ABSOLUTE (.))
                0x00080178                PROVIDE (___sbss_end, ABSOLUTE (.))
 *(.dynbss)
 *(.bss .bss.* .gnu.linkonce.b.*)
 .bss           0x00080178        0x0 ../lab3_part1_bsp//obj/HAL/src/crt0.o
 .bss           0x00080178        0x0 obj/default/hello_world_small.o
 .bss           0x00080178        0x0 ../lab3_part1_bsp/\libhal_bsp.a(alt_load.o)
 .bss           0x00080178        0x0 ../lab3_part1_bsp/\libhal_bsp.a(alt_main.o)
 .bss           0x00080178        0x0 ../lab3_part1_bsp/\libhal_bsp.a(alt_sys_init.o)
 .bss           0x00080178        0x0 ../lab3_part1_bsp/\libhal_bsp.a(alt_dcache_flush_all.o)
 .bss           0x00080178        0x0 ../lab3_part1_bsp/\libhal_bsp.a(alt_icache_flush_all.o)
 .bss           0x00080178        0x0 ../lab3_part1_bsp/\libhal_bsp.a(altera_nios2_qsys_irq.o)
 *(COMMON)
                0x00080178                . = ALIGN (0x4)
                0x00080178                __bss_end = ABSOLUTE (.)

.onchip_memory2_0
                0x00080178        0x0
                0x00080178                PROVIDE (_alt_partition_onchip_memory2_0_start, ABSOLUTE (.))
 *(.onchip_memory2_0. onchip_memory2_0.*)
                0x00080178                . = ALIGN (0x4)
                0x00080178                PROVIDE (_alt_partition_onchip_memory2_0_end, ABSOLUTE (.))
                0x00080178                _end = ABSOLUTE (.)
                0x00080178                end = ABSOLUTE (.)
                0x00080178                __alt_stack_base = ABSOLUTE (.)
                0x00080178                PROVIDE (_alt_partition_onchip_memory2_0_load_addr, LOADADDR (.onchip_memory2_0))

.stab
 *(.stab)

.stabstr
 *(.stabstr)

.stab.excl
 *(.stab.excl)

.stab.exclstr
 *(.stab.exclstr)

.stab.index
 *(.stab.index)

.stab.indexstr
 *(.stab.indexstr)

.comment        0x00000000       0x26
 *(.comment)
 .comment       0x00000000       0x26 obj/default/hello_world_small.o
                                 0x27 (size before relaxing)
 .comment       0x00000000       0x27 ../lab3_part1_bsp/\libhal_bsp.a(alt_load.o)
 .comment       0x00000000       0x27 ../lab3_part1_bsp/\libhal_bsp.a(alt_main.o)
 .comment       0x00000000       0x27 ../lab3_part1_bsp/\libhal_bsp.a(alt_sys_init.o)
 .comment       0x00000000       0x27 ../lab3_part1_bsp/\libhal_bsp.a(alt_dcache_flush_all.o)
 .comment       0x00000000       0x27 ../lab3_part1_bsp/\libhal_bsp.a(alt_icache_flush_all.o)
 .comment       0x00000000       0x27 ../lab3_part1_bsp/\libhal_bsp.a(altera_nios2_qsys_irq.o)

.debug
 *(.debug)

.line
 *(.line)

.debug_srcinfo
 *(.debug_srcinfo)

.debug_sfnames
 *(.debug_sfnames)

.debug_aranges  0x00000000      0x108
 *(.debug_aranges)
 .debug_aranges
                0x00000000       0x28 ../lab3_part1_bsp//obj/HAL/src/crt0.o
 .debug_aranges
                0x00000028       0x20 obj/default/hello_world_small.o
 .debug_aranges
                0x00000048       0x20 ../lab3_part1_bsp/\libhal_bsp.a(alt_load.o)
 .debug_aranges
                0x00000068       0x20 ../lab3_part1_bsp/\libhal_bsp.a(alt_main.o)
 .debug_aranges
                0x00000088       0x20 ../lab3_part1_bsp/\libhal_bsp.a(alt_sys_init.o)
 .debug_aranges
                0x000000a8       0x20 ../lab3_part1_bsp/\libhal_bsp.a(alt_dcache_flush_all.o)
 .debug_aranges
                0x000000c8       0x20 ../lab3_part1_bsp/\libhal_bsp.a(alt_icache_flush_all.o)
 .debug_aranges
                0x000000e8       0x20 ../lab3_part1_bsp/\libhal_bsp.a(altera_nios2_qsys_irq.o)

.debug_pubnames
                0x00000000      0x14b
 *(.debug_pubnames)
 .debug_pubnames
                0x00000000       0x1b obj/default/hello_world_small.o
 .debug_pubnames
                0x0000001b       0x1f ../lab3_part1_bsp/\libhal_bsp.a(alt_load.o)
 .debug_pubnames
                0x0000003a       0x46 ../lab3_part1_bsp/\libhal_bsp.a(alt_main.o)
 .debug_pubnames
                0x00000080       0x44 ../lab3_part1_bsp/\libhal_bsp.a(alt_sys_init.o)
 .debug_pubnames
                0x000000c4       0x2b ../lab3_part1_bsp/\libhal_bsp.a(alt_dcache_flush_all.o)
 .debug_pubnames
                0x000000ef       0x2b ../lab3_part1_bsp/\libhal_bsp.a(alt_icache_flush_all.o)
 .debug_pubnames
                0x0000011a       0x31 ../lab3_part1_bsp/\libhal_bsp.a(altera_nios2_qsys_irq.o)

.debug_info     0x00000000      0x657
 *(.debug_info .gnu.linkonce.wi.*)
 .debug_info    0x00000000       0x63 ../lab3_part1_bsp//obj/HAL/src/crt0.o
 .debug_info    0x00000063       0x7d obj/default/hello_world_small.o
 .debug_info    0x000000e0      0x12e ../lab3_part1_bsp/\libhal_bsp.a(alt_load.o)
 .debug_info    0x0000020e      0x125 ../lab3_part1_bsp/\libhal_bsp.a(alt_main.o)
 .debug_info    0x00000333      0x17d ../lab3_part1_bsp/\libhal_bsp.a(alt_sys_init.o)
 .debug_info    0x000004b0       0x8d ../lab3_part1_bsp/\libhal_bsp.a(alt_dcache_flush_all.o)
 .debug_info    0x0000053d       0x8d ../lab3_part1_bsp/\libhal_bsp.a(alt_icache_flush_all.o)
 .debug_info    0x000005ca       0x8d ../lab3_part1_bsp/\libhal_bsp.a(altera_nios2_qsys_irq.o)

.debug_abbrev   0x00000000      0x35c
 *(.debug_abbrev)
 .debug_abbrev  0x00000000       0x12 ../lab3_part1_bsp//obj/HAL/src/crt0.o
 .debug_abbrev  0x00000012       0x6d obj/default/hello_world_small.o
 .debug_abbrev  0x0000007f       0x97 ../lab3_part1_bsp/\libhal_bsp.a(alt_load.o)
 .debug_abbrev  0x00000116       0xa6 ../lab3_part1_bsp/\libhal_bsp.a(alt_main.o)
 .debug_abbrev  0x000001bc       0xe3 ../lab3_part1_bsp/\libhal_bsp.a(alt_sys_init.o)
 .debug_abbrev  0x0000029f       0x3f ../lab3_part1_bsp/\libhal_bsp.a(alt_dcache_flush_all.o)
 .debug_abbrev  0x000002de       0x3f ../lab3_part1_bsp/\libhal_bsp.a(alt_icache_flush_all.o)
 .debug_abbrev  0x0000031d       0x3f ../lab3_part1_bsp/\libhal_bsp.a(altera_nios2_qsys_irq.o)

.debug_line     0x00000000      0xd6d
 *(.debug_line)
 .debug_line    0x00000000       0x66 ../lab3_part1_bsp//obj/HAL/src/crt0.o
 .debug_line    0x00000066       0x70 obj/default/hello_world_small.o
 .debug_line    0x000000d6      0x217 ../lab3_part1_bsp/\libhal_bsp.a(alt_load.o)
 .debug_line    0x000002ed      0x2c2 ../lab3_part1_bsp/\libhal_bsp.a(alt_main.o)
 .debug_line    0x000005af      0x286 ../lab3_part1_bsp/\libhal_bsp.a(alt_sys_init.o)
 .debug_line    0x00000835      0x1b5 ../lab3_part1_bsp/\libhal_bsp.a(alt_dcache_flush_all.o)
 .debug_line    0x000009ea      0x1b5 ../lab3_part1_bsp/\libhal_bsp.a(alt_icache_flush_all.o)
 .debug_line    0x00000b9f      0x1ce ../lab3_part1_bsp/\libhal_bsp.a(altera_nios2_qsys_irq.o)

.debug_frame    0x00000000      0x118
 *(.debug_frame)
 .debug_frame   0x00000000       0x20 obj/default/hello_world_small.o
 .debug_frame   0x00000020       0x38 ../lab3_part1_bsp/\libhal_bsp.a(alt_load.o)
 .debug_frame   0x00000058       0x28 ../lab3_part1_bsp/\libhal_bsp.a(alt_main.o)
 .debug_frame   0x00000080       0x38 ../lab3_part1_bsp/\libhal_bsp.a(alt_sys_init.o)
 .debug_frame   0x000000b8       0x20 ../lab3_part1_bsp/\libhal_bsp.a(alt_dcache_flush_all.o)
 .debug_frame   0x000000d8       0x20 ../lab3_part1_bsp/\libhal_bsp.a(alt_icache_flush_all.o)
 .debug_frame   0x000000f8       0x20 ../lab3_part1_bsp/\libhal_bsp.a(altera_nios2_qsys_irq.o)

.debug_str      0x00000000      0x399
 *(.debug_str)
 .debug_str     0x00000000       0x67 obj/default/hello_world_small.o
                                 0x6c (size before relaxing)
 .debug_str     0x00000067      0x169 ../lab3_part1_bsp/\libhal_bsp.a(alt_load.o)
                                0x1b8 (size before relaxing)
 .debug_str     0x000001d0       0x75 ../lab3_part1_bsp/\libhal_bsp.a(alt_main.o)
                                0x13c (size before relaxing)
 .debug_str     0x00000245       0xb1 ../lab3_part1_bsp/\libhal_bsp.a(alt_sys_init.o)
                                0x1b1 (size before relaxing)
 .debug_str     0x000002f6       0x34 ../lab3_part1_bsp/\libhal_bsp.a(alt_dcache_flush_all.o)
                                 0xfb (size before relaxing)
 .debug_str     0x0000032a       0x34 ../lab3_part1_bsp/\libhal_bsp.a(alt_icache_flush_all.o)
                                 0xfb (size before relaxing)
 .debug_str     0x0000035e       0x3b ../lab3_part1_bsp/\libhal_bsp.a(altera_nios2_qsys_irq.o)
                                0x102 (size before relaxing)

.debug_loc      0x00000000       0x70
 *(.debug_loc)
 .debug_loc     0x00000000       0x1f ../lab3_part1_bsp/\libhal_bsp.a(alt_load.o)
 .debug_loc     0x0000001f       0x1f ../lab3_part1_bsp/\libhal_bsp.a(alt_main.o)
 .debug_loc     0x0000003e       0x32 ../lab3_part1_bsp/\libhal_bsp.a(alt_sys_init.o)

.debug_macinfo
 *(.debug_macinfo)

.debug_weaknames
 *(.debug_weaknames)

.debug_funcnames
 *(.debug_funcnames)

.debug_typenames
 *(.debug_typenames)

.debug_varnames
 *(.debug_varnames)

.debug_alt_sim_info
                0x00000000       0x10
 *(.debug_alt_sim_info)
 .debug_alt_sim_info
                0x00000000       0x10 ../lab3_part1_bsp//obj/HAL/src/crt0.o
                0x000e1a80                __alt_data_end = 0xe1a80
                0x000e1a80                PROVIDE (__alt_stack_pointer, __alt_data_end)
                0x00080178                PROVIDE (__alt_stack_limit, __alt_stack_base)
                0x00080178                PROVIDE (__alt_heap_start, end)
                0x000e1a80                PROVIDE (__alt_heap_limit, 0xe1a80)
OUTPUT(lab3_part1.elf elf32-littlenios2)

.debug_ranges   0x00000000       0x20
 .debug_ranges  0x00000000       0x20 ../lab3_part1_bsp//obj/HAL/src/crt0.o
