Archive member included because of file (symbol)

../part3_v2_bsp/\libhal_bsp.a(alt_load.o)
                              ../part3_v2_bsp//obj/HAL/src/crt0.o (alt_load)
../part3_v2_bsp/\libhal_bsp.a(alt_main.o)
                              ../part3_v2_bsp//obj/HAL/src/crt0.o (alt_main)
../part3_v2_bsp/\libhal_bsp.a(alt_sys_init.o)
                              ../part3_v2_bsp/\libhal_bsp.a(alt_main.o) (alt_sys_init)
../part3_v2_bsp/\libhal_bsp.a(alt_dcache_flush_all.o)
                              ../part3_v2_bsp/\libhal_bsp.a(alt_load.o) (alt_dcache_flush_all)
../part3_v2_bsp/\libhal_bsp.a(alt_icache_flush_all.o)
                              ../part3_v2_bsp/\libhal_bsp.a(alt_load.o) (alt_icache_flush_all)
../part3_v2_bsp/\libhal_bsp.a(altera_nios2_qsys_irq.o)
                              ../part3_v2_bsp/\libhal_bsp.a(alt_sys_init.o) (altera_nios2_qsys_irq_init)

Memory Configuration

Name             Origin             Length             Attributes
reset            0x00080000         0x00000020
onchip_memory2_0 0x00080020         0x00061a60
*default*        0x00000000         0xffffffff

Linker script and memory map

LOAD ../part3_v2_bsp//obj/HAL/src/crt0.o
                0x0008000c                exit = _exit
LOAD obj/default/hello_world_small.o
LOAD c:/altera/13.0sp1/nios2eds/bin/gnu/h-i686-mingw32/bin/../lib/gcc/nios2-elf/4.1.2/../../../../nios2-elf/lib/mno-hw-mul\libstdc++.a
LOAD c:/altera/13.0sp1/nios2eds/bin/gnu/h-i686-mingw32/bin/../lib/gcc/nios2-elf/4.1.2/../../../../nios2-elf/lib/mno-hw-mul\libm.a
LOAD c:/altera/13.0sp1/nios2eds/bin/gnu/h-i686-mingw32/bin/../lib/gcc/nios2-elf/4.1.2/mno-hw-mul\libgcc.a
START GROUP
LOAD c:/altera/13.0sp1/nios2eds/bin/gnu/h-i686-mingw32/bin/../lib/gcc/nios2-elf/4.1.2/../../../../nios2-elf/lib/mno-hw-mul\libsmallc.a
LOAD c:/altera/13.0sp1/nios2eds/bin/gnu/h-i686-mingw32/bin/../lib/gcc/nios2-elf/4.1.2/mno-hw-mul\libgcc.a
LOAD ../part3_v2_bsp/\libhal_bsp.a
END GROUP
LOAD c:/altera/13.0sp1/nios2eds/bin/gnu/h-i686-mingw32/bin/../lib/gcc/nios2-elf/4.1.2/mno-hw-mul\libgcc.a
                0x00080000                __alt_mem_onchip_memory2_0 = 0x80000

.entry          0x00080000       0x20
 *(.entry)
 .entry         0x00080000       0x20 ../part3_v2_bsp//obj/HAL/src/crt0.o
                0x00080000                __reset
                0x0008000c                _exit

.exceptions     0x00080020        0x0
                0x00080020                PROVIDE (__ram_exceptions_start, ABSOLUTE (.))
                0x00080020                . = ALIGN (0x20)
 *(.irq)
 *(.exceptions.entry.label)
 *(.exceptions.entry.user)
 *(.exceptions.entry)
 *(.exceptions.irqtest.user)
 *(.exceptions.irqtest)
 *(.exceptions.irqhandler.user)
 *(.exceptions.irqhandler)
 *(.exceptions.irqreturn.user)
 *(.exceptions.irqreturn)
 *(.exceptions.notirq.label)
 *(.exceptions.notirq.user)
 *(.exceptions.notirq)
 *(.exceptions.soft.user)
 *(.exceptions.soft)
 *(.exceptions.unknown.user)
 *(.exceptions.unknown)
 *(.exceptions.exit.label)
 *(.exceptions.exit.user)
 *(.exceptions.exit)
 *(.exceptions)
                0x00080020                PROVIDE (__ram_exceptions_end, ABSOLUTE (.))
                0x00080020                PROVIDE (__flash_exceptions_start, LOADADDR (.exceptions))

.text           0x00080020      0x17c
                0x00080020                PROVIDE (stext, ABSOLUTE (.))
 *(.interp)
 *(.hash)
 *(.dynsym)
 *(.dynstr)
 *(.gnu.version)
 *(.gnu.version_d)
 *(.gnu.version_r)
 *(.rel.init)
 *(.rela.init)
 *(.rel.text .rel.text.* .rel.gnu.linkonce.t.*)
 *(.rela.text .rela.text.* .rela.gnu.linkonce.t.*)
 *(.rel.fini)
 *(.rela.fini)
 *(.rel.rodata .rel.rodata.* .rel.gnu.linkonce.r.*)
 *(.rela.rodata .rela.rodata.* .rela.gnu.linkonce.r.*)
 *(.rel.data .rel.data.* .rel.gnu.linkonce.d.*)
 *(.rela.data .rela.data.* .rela.gnu.linkonce.d.*)
 *(.rel.tdata .rel.tdata.* .rel.gnu.linkonce.td.*)
 *(.rela.tdata .rela.tdata.* .rela.gnu.linkonce.td.*)
 *(.rel.tbss .rel.tbss.* .rel.gnu.linkonce.tb.*)
 *(.rela.tbss .rela.tbss.* .rela.gnu.linkonce.tb.*)
 *(.rel.ctors)
 *(.rela.ctors)
 *(.rel.dtors)
 *(.rela.dtors)
 *(.rel.got)
 *(.rela.got)
 *(.rel.sdata .rel.sdata.* .rel.gnu.linkonce.s.*)
 *(.rela.sdata .rela.sdata.* .rela.gnu.linkonce.s.*)
 *(.rel.sbss .rel.sbss.* .rel.gnu.linkonce.sb.*)
 *(.rela.sbss .rela.sbss.* .rela.gnu.linkonce.sb.*)
 *(.rel.sdata2 .rel.sdata2.* .rel.gnu.linkonce.s2.*)
 *(.rela.sdata2 .rela.sdata2.* .rela.gnu.linkonce.s2.*)
 *(.rel.sbss2 .rel.sbss2.* .rel.gnu.linkonce.sb2.*)
 *(.rela.sbss2 .rela.sbss2.* .rela.gnu.linkonce.sb2.*)
 *(.rel.bss .rel.bss.* .rel.gnu.linkonce.b.*)
 *(.rela.bss .rela.bss.* .rela.gnu.linkonce.b.*)
 *(.rel.plt)
 *(.rela.plt)
 *(.rel.dyn)
 *(.init)
 *(.plt)
 *(.text .stub .text.* .gnu.linkonce.t.*)
 .text          0x00080020       0x3c ../part3_v2_bsp//obj/HAL/src/crt0.o
                0x00080020                _start
 .text          0x0008005c       0x54 obj/default/hello_world_small.o
                0x0008005c                main
 .text          0x000800b0       0x8c ../part3_v2_bsp/\libhal_bsp.a(alt_load.o)
                0x000800d0                alt_load
 .text          0x0008013c       0x2c ../part3_v2_bsp/\libhal_bsp.a(alt_main.o)
                0x0008013c                alt_main
 .text          0x00080168       0x24 ../part3_v2_bsp/\libhal_bsp.a(alt_sys_init.o)
                0x00080168                alt_sys_init
                0x0008016c                alt_irq_init
 .text          0x0008018c        0x4 ../part3_v2_bsp/\libhal_bsp.a(alt_dcache_flush_all.o)
                0x0008018c                alt_dcache_flush_all
 .text          0x00080190        0x4 ../part3_v2_bsp/\libhal_bsp.a(alt_icache_flush_all.o)
                0x00080190                alt_icache_flush_all
 .text          0x00080194        0x8 ../part3_v2_bsp/\libhal_bsp.a(altera_nios2_qsys_irq.o)
                0x00080194                altera_nios2_qsys_irq_init
 *(.gnu.warning.*)
 *(.fini)
                0x0008019c                PROVIDE (__etext, ABSOLUTE (.))
                0x0008019c                PROVIDE (_etext, ABSOLUTE (.))
                0x0008019c                PROVIDE (etext, ABSOLUTE (.))
 *(.eh_frame_hdr)
                0x0008019c                . = ALIGN (0x4)
                0x0008019c                PROVIDE (__preinit_array_start, ABSOLUTE (.))
 *(.preinit_array)
                0x0008019c                PROVIDE (__preinit_array_end, ABSOLUTE (.))
                0x0008019c                PROVIDE (__init_array_start, ABSOLUTE (.))
 *(.init_array)
                0x0008019c                PROVIDE (__init_array_end, ABSOLUTE (.))
                0x0008019c                PROVIDE (__fini_array_start, ABSOLUTE (.))
 *(.fini_array)
                0x0008019c                PROVIDE (__fini_array_end, ABSOLUTE (.))
 *(.eh_frame)
 *(.gcc_except_table)
 *(.dynamic)
                0x0008019c                PROVIDE (__CTOR_LIST__, ABSOLUTE (.))
 *(.ctors)
 *(SORT(.ctors.*))
                0x0008019c                PROVIDE (__CTOR_END__, ABSOLUTE (.))
                0x0008019c                PROVIDE (__DTOR_LIST__, ABSOLUTE (.))
 *(.dtors)
 *(SORT(.dtors.*))
                0x0008019c                PROVIDE (__DTOR_END__, ABSOLUTE (.))
 *(.jcr)
                0x0008019c                . = ALIGN (0x4)

.rodata         0x0008019c        0x0
                0x0008019c                PROVIDE (__ram_rodata_start, ABSOLUTE (.))
                0x0008019c                . = ALIGN (0x4)
 *(.rodata .rodata.* .gnu.linkonce.r.*)
 *(.rodata1)
                0x0008019c                . = ALIGN (0x4)
                0x0008019c                PROVIDE (__ram_rodata_end, ABSOLUTE (.))
                0x0008019c                PROVIDE (__flash_rodata_start, LOADADDR (.rodata))

.rwdata         0x0008019c       0x14 load address 0x000801b0
                0x0008019c                PROVIDE (__ram_rwdata_start, ABSOLUTE (.))
                0x0008019c                . = ALIGN (0x4)
 *(.got.plt)
 *(.got)
 *(.data1)
 *(.data .data.* .gnu.linkonce.d.*)
 .data          0x0008019c        0x0 ../part3_v2_bsp//obj/HAL/src/crt0.o
 .data          0x0008019c       0x10 obj/default/hello_world_small.o
                0x0008019c                segment_table
 .data          0x000801ac        0x0 ../part3_v2_bsp/\libhal_bsp.a(alt_load.o)
 .data          0x000801ac        0x0 ../part3_v2_bsp/\libhal_bsp.a(alt_main.o)
 .data          0x000801ac        0x0 ../part3_v2_bsp/\libhal_bsp.a(alt_sys_init.o)
 .data          0x000801ac        0x0 ../part3_v2_bsp/\libhal_bsp.a(alt_dcache_flush_all.o)
 .data          0x000801ac        0x0 ../part3_v2_bsp/\libhal_bsp.a(alt_icache_flush_all.o)
 .data          0x000801ac        0x0 ../part3_v2_bsp/\libhal_bsp.a(altera_nios2_qsys_irq.o)
                0x000881ac                _gp = ABSOLUTE ((. + 0x8000))
                0x000881ac                PROVIDE (gp, _gp)
 *(.rwdata .rwdata.*)
 *(.sdata .sdata.* .gnu.linkonce.s.*)
 .sdata         0x000801ac        0x4 ../part3_v2_bsp/\libhal_bsp.a(alt_sys_init.o)
                0x000801ac                jtag_uart_0
 *(.sdata2 .sdata2.* .gnu.linkonce.s2.*)
                0x000801b0                . = ALIGN (0x4)
                0x000801b0                _edata = ABSOLUTE (.)
                0x000801b0                PROVIDE (edata, ABSOLUTE (.))
                0x000801b0                PROVIDE (__ram_rwdata_end, ABSOLUTE (.))
                0x000801b0                PROVIDE (__flash_rwdata_start, LOADADDR (.rwdata))

.bss            0x000801c4        0xc
                0x000801c4                __bss_start = ABSOLUTE (.)
                0x000801c4                PROVIDE (__sbss_start, ABSOLUTE (.))
                0x000801c4                PROVIDE (___sbss_start, ABSOLUTE (.))
 *(.dynsbss)
 *(.sbss .sbss.* .gnu.linkonce.sb.*)
 .sbss          0x000801c4        0xc ../part3_v2_bsp/\libhal_bsp.a(alt_main.o)
                0x000801c4                alt_argc
                0x000801c8                alt_argv
                0x000801cc                alt_envp
 *(.sbss2 .sbss2.* .gnu.linkonce.sb2.*)
 *(.scommon)
                0x000801d0                PROVIDE (__sbss_end, ABSOLUTE (.))
                0x000801d0                PROVIDE (___sbss_end, ABSOLUTE (.))
 *(.dynbss)
 *(.bss .bss.* .gnu.linkonce.b.*)
 .bss           0x000801d0        0x0 ../part3_v2_bsp//obj/HAL/src/crt0.o
 .bss           0x000801d0        0x0 obj/default/hello_world_small.o
 .bss           0x000801d0        0x0 ../part3_v2_bsp/\libhal_bsp.a(alt_load.o)
 .bss           0x000801d0        0x0 ../part3_v2_bsp/\libhal_bsp.a(alt_main.o)
 .bss           0x000801d0        0x0 ../part3_v2_bsp/\libhal_bsp.a(alt_sys_init.o)
 .bss           0x000801d0        0x0 ../part3_v2_bsp/\libhal_bsp.a(alt_dcache_flush_all.o)
 .bss           0x000801d0        0x0 ../part3_v2_bsp/\libhal_bsp.a(alt_icache_flush_all.o)
 .bss           0x000801d0        0x0 ../part3_v2_bsp/\libhal_bsp.a(altera_nios2_qsys_irq.o)
 *(COMMON)
                0x000801d0                . = ALIGN (0x4)
                0x000801d0                __bss_end = ABSOLUTE (.)

.onchip_memory2_0
                0x000801d0        0x0
                0x000801d0                PROVIDE (_alt_partition_onchip_memory2_0_start, ABSOLUTE (.))
 *(.onchip_memory2_0. onchip_memory2_0.*)
                0x000801d0                . = ALIGN (0x4)
                0x000801d0                PROVIDE (_alt_partition_onchip_memory2_0_end, ABSOLUTE (.))
                0x000801d0                _end = ABSOLUTE (.)
                0x000801d0                end = ABSOLUTE (.)
                0x000801d0                __alt_stack_base = ABSOLUTE (.)
                0x000801d0                PROVIDE (_alt_partition_onchip_memory2_0_load_addr, LOADADDR (.onchip_memory2_0))

.stab
 *(.stab)

.stabstr
 *(.stabstr)

.stab.excl
 *(.stab.excl)

.stab.exclstr
 *(.stab.exclstr)

.stab.index
 *(.stab.index)

.stab.indexstr
 *(.stab.indexstr)

.comment        0x00000000       0x26
 *(.comment)
 .comment       0x00000000       0x26 obj/default/hello_world_small.o
                                 0x27 (size before relaxing)
 .comment       0x00000000       0x27 ../part3_v2_bsp/\libhal_bsp.a(alt_load.o)
 .comment       0x00000000       0x27 ../part3_v2_bsp/\libhal_bsp.a(alt_main.o)
 .comment       0x00000000       0x27 ../part3_v2_bsp/\libhal_bsp.a(alt_sys_init.o)
 .comment       0x00000000       0x27 ../part3_v2_bsp/\libhal_bsp.a(alt_dcache_flush_all.o)
 .comment       0x00000000       0x27 ../part3_v2_bsp/\libhal_bsp.a(alt_icache_flush_all.o)
 .comment       0x00000000       0x27 ../part3_v2_bsp/\libhal_bsp.a(altera_nios2_qsys_irq.o)

.debug
 *(.debug)

.line
 *(.line)

.debug_srcinfo
 *(.debug_srcinfo)

.debug_sfnames
 *(.debug_sfnames)

.debug_aranges  0x00000000      0x108
 *(.debug_aranges)
 .debug_aranges
                0x00000000       0x28 ../part3_v2_bsp//obj/HAL/src/crt0.o
 .debug_aranges
                0x00000028       0x20 obj/default/hello_world_small.o
 .debug_aranges
                0x00000048       0x20 ../part3_v2_bsp/\libhal_bsp.a(alt_load.o)
 .debug_aranges
                0x00000068       0x20 ../part3_v2_bsp/\libhal_bsp.a(alt_main.o)
 .debug_aranges
                0x00000088       0x20 ../part3_v2_bsp/\libhal_bsp.a(alt_sys_init.o)
 .debug_aranges
                0x000000a8       0x20 ../part3_v2_bsp/\libhal_bsp.a(alt_dcache_flush_all.o)
 .debug_aranges
                0x000000c8       0x20 ../part3_v2_bsp/\libhal_bsp.a(alt_icache_flush_all.o)
 .debug_aranges
                0x000000e8       0x20 ../part3_v2_bsp/\libhal_bsp.a(altera_nios2_qsys_irq.o)

.debug_pubnames
                0x00000000      0x15d
 *(.debug_pubnames)
 .debug_pubnames
                0x00000000       0x2d obj/default/hello_world_small.o
 .debug_pubnames
                0x0000002d       0x1f ../part3_v2_bsp/\libhal_bsp.a(alt_load.o)
 .debug_pubnames
                0x0000004c       0x46 ../part3_v2_bsp/\libhal_bsp.a(alt_main.o)
 .debug_pubnames
                0x00000092       0x44 ../part3_v2_bsp/\libhal_bsp.a(alt_sys_init.o)
 .debug_pubnames
                0x000000d6       0x2b ../part3_v2_bsp/\libhal_bsp.a(alt_dcache_flush_all.o)
 .debug_pubnames
                0x00000101       0x2b ../part3_v2_bsp/\libhal_bsp.a(alt_icache_flush_all.o)
 .debug_pubnames
                0x0000012c       0x31 ../part3_v2_bsp/\libhal_bsp.a(altera_nios2_qsys_irq.o)

.debug_info     0x00000000      0x6c1
 *(.debug_info .gnu.linkonce.wi.*)
 .debug_info    0x00000000       0x61 ../part3_v2_bsp//obj/HAL/src/crt0.o
 .debug_info    0x00000061       0xe9 obj/default/hello_world_small.o
 .debug_info    0x0000014a      0x12e ../part3_v2_bsp/\libhal_bsp.a(alt_load.o)
 .debug_info    0x00000278      0x125 ../part3_v2_bsp/\libhal_bsp.a(alt_main.o)
 .debug_info    0x0000039d      0x17d ../part3_v2_bsp/\libhal_bsp.a(alt_sys_init.o)
 .debug_info    0x0000051a       0x8d ../part3_v2_bsp/\libhal_bsp.a(alt_dcache_flush_all.o)
 .debug_info    0x000005a7       0x8d ../part3_v2_bsp/\libhal_bsp.a(alt_icache_flush_all.o)
 .debug_info    0x00000634       0x8d ../part3_v2_bsp/\libhal_bsp.a(altera_nios2_qsys_irq.o)

.debug_abbrev   0x00000000      0x37c
 *(.debug_abbrev)
 .debug_abbrev  0x00000000       0x12 ../part3_v2_bsp//obj/HAL/src/crt0.o
 .debug_abbrev  0x00000012       0x8d obj/default/hello_world_small.o
 .debug_abbrev  0x0000009f       0x97 ../part3_v2_bsp/\libhal_bsp.a(alt_load.o)
 .debug_abbrev  0x00000136       0xa6 ../part3_v2_bsp/\libhal_bsp.a(alt_main.o)
 .debug_abbrev  0x000001dc       0xe3 ../part3_v2_bsp/\libhal_bsp.a(alt_sys_init.o)
 .debug_abbrev  0x000002bf       0x3f ../part3_v2_bsp/\libhal_bsp.a(alt_dcache_flush_all.o)
 .debug_abbrev  0x000002fe       0x3f ../part3_v2_bsp/\libhal_bsp.a(alt_icache_flush_all.o)
 .debug_abbrev  0x0000033d       0x3f ../part3_v2_bsp/\libhal_bsp.a(altera_nios2_qsys_irq.o)

.debug_line     0x00000000      0xe4a
 *(.debug_line)
 .debug_line    0x00000000       0x66 ../part3_v2_bsp//obj/HAL/src/crt0.o
 .debug_line    0x00000066      0x14d obj/default/hello_world_small.o
 .debug_line    0x000001b3      0x217 ../part3_v2_bsp/\libhal_bsp.a(alt_load.o)
 .debug_line    0x000003ca      0x2c2 ../part3_v2_bsp/\libhal_bsp.a(alt_main.o)
 .debug_line    0x0000068c      0x286 ../part3_v2_bsp/\libhal_bsp.a(alt_sys_init.o)
 .debug_line    0x00000912      0x1b5 ../part3_v2_bsp/\libhal_bsp.a(alt_dcache_flush_all.o)
 .debug_line    0x00000ac7      0x1b5 ../part3_v2_bsp/\libhal_bsp.a(alt_icache_flush_all.o)
 .debug_line    0x00000c7c      0x1ce ../part3_v2_bsp/\libhal_bsp.a(altera_nios2_qsys_irq.o)

.debug_frame    0x00000000      0x118
 *(.debug_frame)
 .debug_frame   0x00000000       0x20 obj/default/hello_world_small.o
 .debug_frame   0x00000020       0x38 ../part3_v2_bsp/\libhal_bsp.a(alt_load.o)
 .debug_frame   0x00000058       0x28 ../part3_v2_bsp/\libhal_bsp.a(alt_main.o)
 .debug_frame   0x00000080       0x38 ../part3_v2_bsp/\libhal_bsp.a(alt_sys_init.o)
 .debug_frame   0x000000b8       0x20 ../part3_v2_bsp/\libhal_bsp.a(alt_dcache_flush_all.o)
 .debug_frame   0x000000d8       0x20 ../part3_v2_bsp/\libhal_bsp.a(alt_icache_flush_all.o)
 .debug_frame   0x000000f8       0x20 ../part3_v2_bsp/\libhal_bsp.a(altera_nios2_qsys_irq.o)

.debug_str      0x00000000      0x3c4
 *(.debug_str)
 .debug_str     0x00000000       0xda obj/default/hello_world_small.o
                                0x113 (size before relaxing)
 .debug_str     0x000000da      0x121 ../part3_v2_bsp/\libhal_bsp.a(alt_load.o)
                                0x1b6 (size before relaxing)
 .debug_str     0x000001fb       0x75 ../part3_v2_bsp/\libhal_bsp.a(alt_main.o)
                                0x13a (size before relaxing)
 .debug_str     0x00000270       0xb1 ../part3_v2_bsp/\libhal_bsp.a(alt_sys_init.o)
                                0x1af (size before relaxing)
 .debug_str     0x00000321       0x34 ../part3_v2_bsp/\libhal_bsp.a(alt_dcache_flush_all.o)
                                 0xf9 (size before relaxing)
 .debug_str     0x00000355       0x34 ../part3_v2_bsp/\libhal_bsp.a(alt_icache_flush_all.o)
                                 0xf9 (size before relaxing)
 .debug_str     0x00000389       0x3b ../part3_v2_bsp/\libhal_bsp.a(altera_nios2_qsys_irq.o)
                                0x100 (size before relaxing)

.debug_loc      0x00000000       0x70
 *(.debug_loc)
 .debug_loc     0x00000000       0x1f ../part3_v2_bsp/\libhal_bsp.a(alt_load.o)
 .debug_loc     0x0000001f       0x1f ../part3_v2_bsp/\libhal_bsp.a(alt_main.o)
 .debug_loc     0x0000003e       0x32 ../part3_v2_bsp/\libhal_bsp.a(alt_sys_init.o)

.debug_macinfo
 *(.debug_macinfo)

.debug_weaknames
 *(.debug_weaknames)

.debug_funcnames
 *(.debug_funcnames)

.debug_typenames
 *(.debug_typenames)

.debug_varnames
 *(.debug_varnames)

.debug_alt_sim_info
                0x00000000       0x10
 *(.debug_alt_sim_info)
 .debug_alt_sim_info
                0x00000000       0x10 ../part3_v2_bsp//obj/HAL/src/crt0.o
                0x000e1a80                __alt_data_end = 0xe1a80
                0x000e1a80                PROVIDE (__alt_stack_pointer, __alt_data_end)
                0x000801d0                PROVIDE (__alt_stack_limit, __alt_stack_base)
                0x000801d0                PROVIDE (__alt_heap_start, end)
                0x000e1a80                PROVIDE (__alt_heap_limit, 0xe1a80)
OUTPUT(part3_v2.elf elf32-littlenios2)

.debug_ranges   0x00000000       0x20
 .debug_ranges  0x00000000       0x20 ../part3_v2_bsp//obj/HAL/src/crt0.o
