Archive member included because of file (symbol)

../final1_bsp/\libhal_bsp.a(alt_load.o)
                              ../final1_bsp//obj/HAL/src/crt0.o (alt_load)
../final1_bsp/\libhal_bsp.a(alt_main.o)
                              ../final1_bsp//obj/HAL/src/crt0.o (alt_main)
../final1_bsp/\libhal_bsp.a(alt_putstr.o)
                              obj/default/hello_world_small.o (alt_putstr)
../final1_bsp/\libhal_bsp.a(alt_sys_init.o)
                              ../final1_bsp/\libhal_bsp.a(alt_main.o) (alt_sys_init)
../final1_bsp/\libhal_bsp.a(altera_avalon_jtag_uart_write.o)
                              ../final1_bsp/\libhal_bsp.a(alt_putstr.o) (altera_avalon_jtag_uart_write)
../final1_bsp/\libhal_bsp.a(alt_dcache_flush_all.o)
                              ../final1_bsp/\libhal_bsp.a(alt_load.o) (alt_dcache_flush_all)
../final1_bsp/\libhal_bsp.a(alt_icache_flush_all.o)
                              ../final1_bsp/\libhal_bsp.a(alt_load.o) (alt_icache_flush_all)
../final1_bsp/\libhal_bsp.a(altera_nios2_qsys_irq.o)
                              ../final1_bsp/\libhal_bsp.a(alt_sys_init.o) (altera_nios2_qsys_irq_init)
c:/altera/13.0sp1/nios2eds/bin/gnu/h-i686-mingw32/bin/../lib/gcc/nios2-elf/4.1.2/../../../../nios2-elf/lib/mno-hw-mul\libsmallc.a(lib_a-strlen.o)
                              ../final1_bsp/\libhal_bsp.a(alt_putstr.o) (strlen)

Memory Configuration

Name             Origin             Length             Attributes
reset            0x00080000         0x00000020
onchip_memory2_0 0x00080020         0x00061a60
*default*        0x00000000         0xffffffff

Linker script and memory map

LOAD ../final1_bsp//obj/HAL/src/crt0.o
                0x0008000c                exit = _exit
LOAD obj/default/hello_world_small.o
LOAD c:/altera/13.0sp1/nios2eds/bin/gnu/h-i686-mingw32/bin/../lib/gcc/nios2-elf/4.1.2/../../../../nios2-elf/lib/mno-hw-mul\libstdc++.a
LOAD c:/altera/13.0sp1/nios2eds/bin/gnu/h-i686-mingw32/bin/../lib/gcc/nios2-elf/4.1.2/../../../../nios2-elf/lib/mno-hw-mul\libm.a
LOAD c:/altera/13.0sp1/nios2eds/bin/gnu/h-i686-mingw32/bin/../lib/gcc/nios2-elf/4.1.2/mno-hw-mul\libgcc.a
START GROUP
LOAD c:/altera/13.0sp1/nios2eds/bin/gnu/h-i686-mingw32/bin/../lib/gcc/nios2-elf/4.1.2/../../../../nios2-elf/lib/mno-hw-mul\libsmallc.a
LOAD c:/altera/13.0sp1/nios2eds/bin/gnu/h-i686-mingw32/bin/../lib/gcc/nios2-elf/4.1.2/mno-hw-mul\libgcc.a
LOAD ../final1_bsp/\libhal_bsp.a
END GROUP
LOAD c:/altera/13.0sp1/nios2eds/bin/gnu/h-i686-mingw32/bin/../lib/gcc/nios2-elf/4.1.2/mno-hw-mul\libgcc.a
                0x00080000                __alt_mem_onchip_memory2_0 = 0x80000

.entry          0x00080000       0x20
 *(.entry)
 .entry         0x00080000       0x20 ../final1_bsp//obj/HAL/src/crt0.o
                0x00080000                __reset
                0x0008000c                _exit

.exceptions     0x00080020        0x0
                0x00080020                PROVIDE (__ram_exceptions_start, ABSOLUTE (.))
                0x00080020                . = ALIGN (0x20)
 *(.irq)
 *(.exceptions.entry.label)
 *(.exceptions.entry.user)
 *(.exceptions.entry)
 *(.exceptions.irqtest.user)
 *(.exceptions.irqtest)
 *(.exceptions.irqhandler.user)
 *(.exceptions.irqhandler)
 *(.exceptions.irqreturn.user)
 *(.exceptions.irqreturn)
 *(.exceptions.notirq.label)
 *(.exceptions.notirq.user)
 *(.exceptions.notirq)
 *(.exceptions.soft.user)
 *(.exceptions.soft)
 *(.exceptions.unknown.user)
 *(.exceptions.unknown)
 *(.exceptions.exit.label)
 *(.exceptions.exit.user)
 *(.exceptions.exit)
 *(.exceptions)
                0x00080020                PROVIDE (__ram_exceptions_end, ABSOLUTE (.))
                0x00080020                PROVIDE (__flash_exceptions_start, LOADADDR (.exceptions))

.text           0x00080020      0x1cc
                0x00080020                PROVIDE (stext, ABSOLUTE (.))
 *(.interp)
 *(.hash)
 *(.dynsym)
 *(.dynstr)
 *(.gnu.version)
 *(.gnu.version_d)
 *(.gnu.version_r)
 *(.rel.init)
 *(.rela.init)
 *(.rel.text .rel.text.* .rel.gnu.linkonce.t.*)
 *(.rela.text .rela.text.* .rela.gnu.linkonce.t.*)
 *(.rel.fini)
 *(.rela.fini)
 *(.rel.rodata .rel.rodata.* .rel.gnu.linkonce.r.*)
 *(.rela.rodata .rela.rodata.* .rela.gnu.linkonce.r.*)
 *(.rel.data .rel.data.* .rel.gnu.linkonce.d.*)
 *(.rela.data .rela.data.* .rela.gnu.linkonce.d.*)
 *(.rel.tdata .rel.tdata.* .rel.gnu.linkonce.td.*)
 *(.rela.tdata .rela.tdata.* .rela.gnu.linkonce.td.*)
 *(.rel.tbss .rel.tbss.* .rel.gnu.linkonce.tb.*)
 *(.rela.tbss .rela.tbss.* .rela.gnu.linkonce.tb.*)
 *(.rel.ctors)
 *(.rela.ctors)
 *(.rel.dtors)
 *(.rela.dtors)
 *(.rel.got)
 *(.rela.got)
 *(.rel.sdata .rel.sdata.* .rel.gnu.linkonce.s.*)
 *(.rela.sdata .rela.sdata.* .rela.gnu.linkonce.s.*)
 *(.rel.sbss .rel.sbss.* .rel.gnu.linkonce.sb.*)
 *(.rela.sbss .rela.sbss.* .rela.gnu.linkonce.sb.*)
 *(.rel.sdata2 .rel.sdata2.* .rel.gnu.linkonce.s2.*)
 *(.rela.sdata2 .rela.sdata2.* .rela.gnu.linkonce.s2.*)
 *(.rel.sbss2 .rel.sbss2.* .rel.gnu.linkonce.sb2.*)
 *(.rela.sbss2 .rela.sbss2.* .rela.gnu.linkonce.sb2.*)
 *(.rel.bss .rel.bss.* .rel.gnu.linkonce.b.*)
 *(.rela.bss .rela.bss.* .rela.gnu.linkonce.b.*)
 *(.rel.plt)
 *(.rela.plt)
 *(.rel.dyn)
 *(.init)
 *(.plt)
 *(.text .stub .text.* .gnu.linkonce.t.*)
 .text          0x00080020       0x3c ../final1_bsp//obj/HAL/src/crt0.o
                0x00080020                _start
 .text          0x0008005c       0x18 obj/default/hello_world_small.o
                0x0008005c                main
 .text          0x00080074       0x8c ../final1_bsp/\libhal_bsp.a(alt_load.o)
                0x00080094                alt_load
 .text          0x00080100       0x2c ../final1_bsp/\libhal_bsp.a(alt_main.o)
                0x00080100                alt_main
 .text          0x0008012c       0x38 ../final1_bsp/\libhal_bsp.a(alt_putstr.o)
                0x0008012c                alt_putstr
 .text          0x00080164       0x24 ../final1_bsp/\libhal_bsp.a(alt_sys_init.o)
                0x00080164                alt_sys_init
                0x00080168                alt_irq_init
 .text          0x00080188       0x34 ../final1_bsp/\libhal_bsp.a(altera_avalon_jtag_uart_write.o)
                0x00080188                altera_avalon_jtag_uart_write
 .text          0x000801bc        0x4 ../final1_bsp/\libhal_bsp.a(alt_dcache_flush_all.o)
                0x000801bc                alt_dcache_flush_all
 .text          0x000801c0        0x4 ../final1_bsp/\libhal_bsp.a(alt_icache_flush_all.o)
                0x000801c0                alt_icache_flush_all
 .text          0x000801c4        0x8 ../final1_bsp/\libhal_bsp.a(altera_nios2_qsys_irq.o)
                0x000801c4                altera_nios2_qsys_irq_init
 .text          0x000801cc       0x20 c:/altera/13.0sp1/nios2eds/bin/gnu/h-i686-mingw32/bin/../lib/gcc/nios2-elf/4.1.2/../../../../nios2-elf/lib/mno-hw-mul\libsmallc.a(lib_a-strlen.o)
                0x000801cc                strlen
 *(.gnu.warning.*)
 *(.fini)
                0x000801ec                PROVIDE (__etext, ABSOLUTE (.))
                0x000801ec                PROVIDE (_etext, ABSOLUTE (.))
                0x000801ec                PROVIDE (etext, ABSOLUTE (.))
 *(.eh_frame_hdr)
                0x000801ec                . = ALIGN (0x4)
                0x000801ec                PROVIDE (__preinit_array_start, ABSOLUTE (.))
 *(.preinit_array)
                0x000801ec                PROVIDE (__preinit_array_end, ABSOLUTE (.))
                0x000801ec                PROVIDE (__init_array_start, ABSOLUTE (.))
 *(.init_array)
                0x000801ec                PROVIDE (__init_array_end, ABSOLUTE (.))
                0x000801ec                PROVIDE (__fini_array_start, ABSOLUTE (.))
 *(.fini_array)
                0x000801ec                PROVIDE (__fini_array_end, ABSOLUTE (.))
 *(.eh_frame)
 *(.gcc_except_table)
 *(.dynamic)
                0x000801ec                PROVIDE (__CTOR_LIST__, ABSOLUTE (.))
 *(.ctors)
 *(SORT(.ctors.*))
                0x000801ec                PROVIDE (__CTOR_END__, ABSOLUTE (.))
                0x000801ec                PROVIDE (__DTOR_LIST__, ABSOLUTE (.))
 *(.dtors)
 *(SORT(.dtors.*))
                0x000801ec                PROVIDE (__DTOR_END__, ABSOLUTE (.))
 *(.jcr)
                0x000801ec                . = ALIGN (0x4)

.rodata         0x000801ec       0x18
                0x000801ec                PROVIDE (__ram_rodata_start, ABSOLUTE (.))
                0x000801ec                . = ALIGN (0x4)
 *(.rodata .rodata.* .gnu.linkonce.r.*)
 .rodata.str1.4
                0x000801ec       0x18 obj/default/hello_world_small.o
 *(.rodata1)
                0x00080204                . = ALIGN (0x4)
                0x00080204                PROVIDE (__ram_rodata_end, ABSOLUTE (.))
                0x000801ec                PROVIDE (__flash_rodata_start, LOADADDR (.rodata))

.rwdata         0x00080204        0x8 load address 0x0008020c
                0x00080204                PROVIDE (__ram_rwdata_start, ABSOLUTE (.))
                0x00080204                . = ALIGN (0x4)
 *(.got.plt)
 *(.got)
 *(.data1)
 *(.data .data.* .gnu.linkonce.d.*)
 .data          0x00080204        0x0 ../final1_bsp//obj/HAL/src/crt0.o
 .data          0x00080204        0x0 obj/default/hello_world_small.o
 .data          0x00080204        0x0 ../final1_bsp/\libhal_bsp.a(alt_load.o)
 .data          0x00080204        0x0 ../final1_bsp/\libhal_bsp.a(alt_main.o)
 .data          0x00080204        0x0 ../final1_bsp/\libhal_bsp.a(alt_putstr.o)
 .data          0x00080204        0x0 ../final1_bsp/\libhal_bsp.a(alt_sys_init.o)
 .data          0x00080204        0x0 ../final1_bsp/\libhal_bsp.a(altera_avalon_jtag_uart_write.o)
 .data          0x00080204        0x0 ../final1_bsp/\libhal_bsp.a(alt_dcache_flush_all.o)
 .data          0x00080204        0x0 ../final1_bsp/\libhal_bsp.a(alt_icache_flush_all.o)
 .data          0x00080204        0x0 ../final1_bsp/\libhal_bsp.a(altera_nios2_qsys_irq.o)
 .data          0x00080204        0x0 c:/altera/13.0sp1/nios2eds/bin/gnu/h-i686-mingw32/bin/../lib/gcc/nios2-elf/4.1.2/../../../../nios2-elf/lib/mno-hw-mul\libsmallc.a(lib_a-strlen.o)
                0x00088204                _gp = ABSOLUTE ((. + 0x8000))
                0x00088204                PROVIDE (gp, _gp)
 *(.rwdata .rwdata.*)
 *(.sdata .sdata.* .gnu.linkonce.s.*)
 .sdata         0x00080204        0x8 ../final1_bsp/\libhal_bsp.a(alt_sys_init.o)
                0x00080204                jtag_uart_0
                0x00080208                uart_0
 *(.sdata2 .sdata2.* .gnu.linkonce.s2.*)
                0x0008020c                . = ALIGN (0x4)
                0x0008020c                _edata = ABSOLUTE (.)
                0x0008020c                PROVIDE (edata, ABSOLUTE (.))
                0x0008020c                PROVIDE (__ram_rwdata_end, ABSOLUTE (.))
                0x0008020c                PROVIDE (__flash_rwdata_start, LOADADDR (.rwdata))

.bss            0x00080214        0xc
                0x00080214                __bss_start = ABSOLUTE (.)
                0x00080214                PROVIDE (__sbss_start, ABSOLUTE (.))
                0x00080214                PROVIDE (___sbss_start, ABSOLUTE (.))
 *(.dynsbss)
 *(.sbss .sbss.* .gnu.linkonce.sb.*)
 .sbss          0x00080214        0xc ../final1_bsp/\libhal_bsp.a(alt_main.o)
                0x00080214                alt_argc
                0x00080218                alt_argv
                0x0008021c                alt_envp
 *(.sbss2 .sbss2.* .gnu.linkonce.sb2.*)
 *(.scommon)
                0x00080220                PROVIDE (__sbss_end, ABSOLUTE (.))
                0x00080220                PROVIDE (___sbss_end, ABSOLUTE (.))
 *(.dynbss)
 *(.bss .bss.* .gnu.linkonce.b.*)
 .bss           0x00080220        0x0 ../final1_bsp//obj/HAL/src/crt0.o
 .bss           0x00080220        0x0 obj/default/hello_world_small.o
 .bss           0x00080220        0x0 ../final1_bsp/\libhal_bsp.a(alt_load.o)
 .bss           0x00080220        0x0 ../final1_bsp/\libhal_bsp.a(alt_main.o)
 .bss           0x00080220        0x0 ../final1_bsp/\libhal_bsp.a(alt_putstr.o)
 .bss           0x00080220        0x0 ../final1_bsp/\libhal_bsp.a(alt_sys_init.o)
 .bss           0x00080220        0x0 ../final1_bsp/\libhal_bsp.a(altera_avalon_jtag_uart_write.o)
 .bss           0x00080220        0x0 ../final1_bsp/\libhal_bsp.a(alt_dcache_flush_all.o)
 .bss           0x00080220        0x0 ../final1_bsp/\libhal_bsp.a(alt_icache_flush_all.o)
 .bss           0x00080220        0x0 ../final1_bsp/\libhal_bsp.a(altera_nios2_qsys_irq.o)
 .bss           0x00080220        0x0 c:/altera/13.0sp1/nios2eds/bin/gnu/h-i686-mingw32/bin/../lib/gcc/nios2-elf/4.1.2/../../../../nios2-elf/lib/mno-hw-mul\libsmallc.a(lib_a-strlen.o)
 *(COMMON)
                0x00080220                . = ALIGN (0x4)
                0x00080220                __bss_end = ABSOLUTE (.)

.onchip_memory2_0
                0x00080220        0x0
                0x00080220                PROVIDE (_alt_partition_onchip_memory2_0_start, ABSOLUTE (.))
 *(.onchip_memory2_0. onchip_memory2_0.*)
                0x00080220                . = ALIGN (0x4)
                0x00080220                PROVIDE (_alt_partition_onchip_memory2_0_end, ABSOLUTE (.))
                0x00080220                _end = ABSOLUTE (.)
                0x00080220                end = ABSOLUTE (.)
                0x00080220                __alt_stack_base = ABSOLUTE (.)
                0x00080220                PROVIDE (_alt_partition_onchip_memory2_0_load_addr, LOADADDR (.onchip_memory2_0))

.stab
 *(.stab)

.stabstr
 *(.stabstr)

.stab.excl
 *(.stab.excl)

.stab.exclstr
 *(.stab.exclstr)

.stab.index
 *(.stab.index)

.stab.indexstr
 *(.stab.indexstr)

.comment        0x00000000       0x26
 *(.comment)
 .comment       0x00000000       0x26 obj/default/hello_world_small.o
                                 0x27 (size before relaxing)
 .comment       0x00000000       0x27 ../final1_bsp/\libhal_bsp.a(alt_load.o)
 .comment       0x00000000       0x27 ../final1_bsp/\libhal_bsp.a(alt_main.o)
 .comment       0x00000000       0x27 ../final1_bsp/\libhal_bsp.a(alt_putstr.o)
 .comment       0x00000000       0x27 ../final1_bsp/\libhal_bsp.a(alt_sys_init.o)
 .comment       0x00000000       0x27 ../final1_bsp/\libhal_bsp.a(altera_avalon_jtag_uart_write.o)
 .comment       0x00000000       0x27 ../final1_bsp/\libhal_bsp.a(alt_dcache_flush_all.o)
 .comment       0x00000000       0x27 ../final1_bsp/\libhal_bsp.a(alt_icache_flush_all.o)
 .comment       0x00000000       0x27 ../final1_bsp/\libhal_bsp.a(altera_nios2_qsys_irq.o)
 .comment       0x00000000       0x27 c:/altera/13.0sp1/nios2eds/bin/gnu/h-i686-mingw32/bin/../lib/gcc/nios2-elf/4.1.2/../../../../nios2-elf/lib/mno-hw-mul\libsmallc.a(lib_a-strlen.o)

.debug
 *(.debug)

.line
 *(.line)

.debug_srcinfo
 *(.debug_srcinfo)

.debug_sfnames
 *(.debug_sfnames)

.debug_aranges  0x00000000      0x168
 *(.debug_aranges)
 .debug_aranges
                0x00000000       0x28 ../final1_bsp//obj/HAL/src/crt0.o
 .debug_aranges
                0x00000028       0x20 obj/default/hello_world_small.o
 .debug_aranges
                0x00000048       0x20 ../final1_bsp/\libhal_bsp.a(alt_load.o)
 .debug_aranges
                0x00000068       0x20 ../final1_bsp/\libhal_bsp.a(alt_main.o)
 .debug_aranges
                0x00000088       0x20 ../final1_bsp/\libhal_bsp.a(alt_putstr.o)
 .debug_aranges
                0x000000a8       0x20 ../final1_bsp/\libhal_bsp.a(alt_sys_init.o)
 .debug_aranges
                0x000000c8       0x20 ../final1_bsp/\libhal_bsp.a(altera_avalon_jtag_uart_write.o)
 .debug_aranges
                0x000000e8       0x20 ../final1_bsp/\libhal_bsp.a(alt_dcache_flush_all.o)
 .debug_aranges
                0x00000108       0x20 ../final1_bsp/\libhal_bsp.a(alt_icache_flush_all.o)
 .debug_aranges
                0x00000128       0x20 ../final1_bsp/\libhal_bsp.a(altera_nios2_qsys_irq.o)
 .debug_aranges
                0x00000148       0x20 c:/altera/13.0sp1/nios2eds/bin/gnu/h-i686-mingw32/bin/../lib/gcc/nios2-elf/4.1.2/../../../../nios2-elf/lib/mno-hw-mul\libsmallc.a(lib_a-strlen.o)

.debug_pubnames
                0x00000000      0x1c8
 *(.debug_pubnames)
 .debug_pubnames
                0x00000000       0x1b obj/default/hello_world_small.o
 .debug_pubnames
                0x0000001b       0x1f ../final1_bsp/\libhal_bsp.a(alt_load.o)
 .debug_pubnames
                0x0000003a       0x46 ../final1_bsp/\libhal_bsp.a(alt_main.o)
 .debug_pubnames
                0x00000080       0x21 ../final1_bsp/\libhal_bsp.a(alt_putstr.o)
 .debug_pubnames
                0x000000a1       0x4f ../final1_bsp/\libhal_bsp.a(alt_sys_init.o)
 .debug_pubnames
                0x000000f0       0x34 ../final1_bsp/\libhal_bsp.a(altera_avalon_jtag_uart_write.o)
 .debug_pubnames
                0x00000124       0x2b ../final1_bsp/\libhal_bsp.a(alt_dcache_flush_all.o)
 .debug_pubnames
                0x0000014f       0x2b ../final1_bsp/\libhal_bsp.a(alt_icache_flush_all.o)
 .debug_pubnames
                0x0000017a       0x31 ../final1_bsp/\libhal_bsp.a(altera_nios2_qsys_irq.o)
 .debug_pubnames
                0x000001ab       0x1d c:/altera/13.0sp1/nios2eds/bin/gnu/h-i686-mingw32/bin/../lib/gcc/nios2-elf/4.1.2/../../../../nios2-elf/lib/mno-hw-mul\libsmallc.a(lib_a-strlen.o)

.debug_info     0x00000000      0x995
 *(.debug_info .gnu.linkonce.wi.*)
 .debug_info    0x00000000       0x6f ../final1_bsp//obj/HAL/src/crt0.o
 .debug_info    0x0000006f       0x45 obj/default/hello_world_small.o
 .debug_info    0x000000b4      0x12e ../final1_bsp/\libhal_bsp.a(alt_load.o)
 .debug_info    0x000001e2      0x125 ../final1_bsp/\libhal_bsp.a(alt_main.o)
 .debug_info    0x00000307       0xc5 ../final1_bsp/\libhal_bsp.a(alt_putstr.o)
 .debug_info    0x000003cc      0x1d1 ../final1_bsp/\libhal_bsp.a(alt_sys_init.o)
 .debug_info    0x0000059d      0x18f ../final1_bsp/\libhal_bsp.a(altera_avalon_jtag_uart_write.o)
 .debug_info    0x0000072c       0x8d ../final1_bsp/\libhal_bsp.a(alt_dcache_flush_all.o)
 .debug_info    0x000007b9       0x8d ../final1_bsp/\libhal_bsp.a(alt_icache_flush_all.o)
 .debug_info    0x00000846       0x8d ../final1_bsp/\libhal_bsp.a(altera_nios2_qsys_irq.o)
 .debug_info    0x000008d3       0xc2 c:/altera/13.0sp1/nios2eds/bin/gnu/h-i686-mingw32/bin/../lib/gcc/nios2-elf/4.1.2/../../../../nios2-elf/lib/mno-hw-mul\libsmallc.a(lib_a-strlen.o)

.debug_abbrev   0x00000000      0x510
 *(.debug_abbrev)
 .debug_abbrev  0x00000000       0x12 ../final1_bsp//obj/HAL/src/crt0.o
 .debug_abbrev  0x00000012       0x34 obj/default/hello_world_small.o
 .debug_abbrev  0x00000046       0x97 ../final1_bsp/\libhal_bsp.a(alt_load.o)
 .debug_abbrev  0x000000dd       0xa6 ../final1_bsp/\libhal_bsp.a(alt_main.o)
 .debug_abbrev  0x00000183       0x7c ../final1_bsp/\libhal_bsp.a(alt_putstr.o)
 .debug_abbrev  0x000001ff       0xea ../final1_bsp/\libhal_bsp.a(alt_sys_init.o)
 .debug_abbrev  0x000002e9       0xf0 ../final1_bsp/\libhal_bsp.a(altera_avalon_jtag_uart_write.o)
 .debug_abbrev  0x000003d9       0x3f ../final1_bsp/\libhal_bsp.a(alt_dcache_flush_all.o)
 .debug_abbrev  0x00000418       0x3f ../final1_bsp/\libhal_bsp.a(alt_icache_flush_all.o)
 .debug_abbrev  0x00000457       0x3f ../final1_bsp/\libhal_bsp.a(altera_nios2_qsys_irq.o)
 .debug_abbrev  0x00000496       0x7a c:/altera/13.0sp1/nios2eds/bin/gnu/h-i686-mingw32/bin/../lib/gcc/nios2-elf/4.1.2/../../../../nios2-elf/lib/mno-hw-mul\libsmallc.a(lib_a-strlen.o)

.debug_line     0x00000000     0x1552
 *(.debug_line)
 .debug_line    0x00000000       0x66 ../final1_bsp//obj/HAL/src/crt0.o
 .debug_line    0x00000066       0xdf obj/default/hello_world_small.o
 .debug_line    0x00000145      0x217 ../final1_bsp/\libhal_bsp.a(alt_load.o)
 .debug_line    0x0000035c      0x2c2 ../final1_bsp/\libhal_bsp.a(alt_main.o)
 .debug_line    0x0000061e      0x1d9 ../final1_bsp/\libhal_bsp.a(alt_putstr.o)
 .debug_line    0x000007f7      0x2df ../final1_bsp/\libhal_bsp.a(alt_sys_init.o)
 .debug_line    0x00000ad6      0x2f4 ../final1_bsp/\libhal_bsp.a(altera_avalon_jtag_uart_write.o)
 .debug_line    0x00000dca      0x1b5 ../final1_bsp/\libhal_bsp.a(alt_dcache_flush_all.o)
 .debug_line    0x00000f7f      0x1b5 ../final1_bsp/\libhal_bsp.a(alt_icache_flush_all.o)
 .debug_line    0x00001134      0x1ce ../final1_bsp/\libhal_bsp.a(altera_nios2_qsys_irq.o)
 .debug_line    0x00001302      0x250 c:/altera/13.0sp1/nios2eds/bin/gnu/h-i686-mingw32/bin/../lib/gcc/nios2-elf/4.1.2/../../../../nios2-elf/lib/mno-hw-mul\libsmallc.a(lib_a-strlen.o)

.debug_frame    0x00000000      0x188
 *(.debug_frame)
 .debug_frame   0x00000000       0x28 obj/default/hello_world_small.o
 .debug_frame   0x00000028       0x38 ../final1_bsp/\libhal_bsp.a(alt_load.o)
 .debug_frame   0x00000060       0x28 ../final1_bsp/\libhal_bsp.a(alt_main.o)
 .debug_frame   0x00000088       0x28 ../final1_bsp/\libhal_bsp.a(alt_putstr.o)
 .debug_frame   0x000000b0       0x38 ../final1_bsp/\libhal_bsp.a(alt_sys_init.o)
 .debug_frame   0x000000e8       0x20 ../final1_bsp/\libhal_bsp.a(altera_avalon_jtag_uart_write.o)
 .debug_frame   0x00000108       0x20 ../final1_bsp/\libhal_bsp.a(alt_dcache_flush_all.o)
 .debug_frame   0x00000128       0x20 ../final1_bsp/\libhal_bsp.a(alt_icache_flush_all.o)
 .debug_frame   0x00000148       0x20 ../final1_bsp/\libhal_bsp.a(altera_nios2_qsys_irq.o)
 .debug_frame   0x00000168       0x20 c:/altera/13.0sp1/nios2eds/bin/gnu/h-i686-mingw32/bin/../lib/gcc/nios2-elf/4.1.2/../../../../nios2-elf/lib/mno-hw-mul\libsmallc.a(lib_a-strlen.o)

.debug_str      0x00000000      0x568
 *(.debug_str)
 .debug_str     0x00000000       0x5a obj/default/hello_world_small.o
                                 0x5f (size before relaxing)
 .debug_str     0x0000005a      0x17f ../final1_bsp/\libhal_bsp.a(alt_load.o)
                                0x1c4 (size before relaxing)
 .debug_str     0x000001d9       0x75 ../final1_bsp/\libhal_bsp.a(alt_main.o)
                                0x148 (size before relaxing)
 .debug_str     0x0000024e       0x4c ../final1_bsp/\libhal_bsp.a(alt_putstr.o)
                                0x11f (size before relaxing)
 .debug_str     0x0000029a       0xec ../final1_bsp/\libhal_bsp.a(alt_sys_init.o)
                                0x230 (size before relaxing)
 .debug_str     0x00000386       0x56 ../final1_bsp/\libhal_bsp.a(altera_avalon_jtag_uart_write.o)
                                0x1c0 (size before relaxing)
 .debug_str     0x000003dc       0x34 ../final1_bsp/\libhal_bsp.a(alt_dcache_flush_all.o)
                                0x107 (size before relaxing)
 .debug_str     0x00000410       0x34 ../final1_bsp/\libhal_bsp.a(alt_icache_flush_all.o)
                                0x107 (size before relaxing)
 .debug_str     0x00000444       0x3b ../final1_bsp/\libhal_bsp.a(altera_nios2_qsys_irq.o)
                                0x10e (size before relaxing)
 .debug_str     0x0000047f       0xe9 c:/altera/13.0sp1/nios2eds/bin/gnu/h-i686-mingw32/bin/../lib/gcc/nios2-elf/4.1.2/../../../../nios2-elf/lib/mno-hw-mul\libsmallc.a(lib_a-strlen.o)
                                0x184 (size before relaxing)

.debug_loc      0x00000000      0x11b
 *(.debug_loc)
 .debug_loc     0x00000000       0x1f obj/default/hello_world_small.o
 .debug_loc     0x0000001f       0x1f ../final1_bsp/\libhal_bsp.a(alt_load.o)
 .debug_loc     0x0000003e       0x1f ../final1_bsp/\libhal_bsp.a(alt_main.o)
 .debug_loc     0x0000005d       0x48 ../final1_bsp/\libhal_bsp.a(alt_putstr.o)
 .debug_loc     0x000000a5       0x32 ../final1_bsp/\libhal_bsp.a(alt_sys_init.o)
 .debug_loc     0x000000d7       0x26 ../final1_bsp/\libhal_bsp.a(altera_avalon_jtag_uart_write.o)
 .debug_loc     0x000000fd       0x1e c:/altera/13.0sp1/nios2eds/bin/gnu/h-i686-mingw32/bin/../lib/gcc/nios2-elf/4.1.2/../../../../nios2-elf/lib/mno-hw-mul\libsmallc.a(lib_a-strlen.o)

.debug_macinfo
 *(.debug_macinfo)

.debug_weaknames
 *(.debug_weaknames)

.debug_funcnames
 *(.debug_funcnames)

.debug_typenames
 *(.debug_typenames)

.debug_varnames
 *(.debug_varnames)

.debug_alt_sim_info
                0x00000000       0x10
 *(.debug_alt_sim_info)
 .debug_alt_sim_info
                0x00000000       0x10 ../final1_bsp//obj/HAL/src/crt0.o
                0x000e1a80                __alt_data_end = 0xe1a80
                0x000e1a80                PROVIDE (__alt_stack_pointer, __alt_data_end)
                0x00080220                PROVIDE (__alt_stack_limit, __alt_stack_base)
                0x00080220                PROVIDE (__alt_heap_start, end)
                0x000e1a80                PROVIDE (__alt_heap_limit, 0xe1a80)
OUTPUT(final1.elf elf32-littlenios2)

.debug_ranges   0x00000000       0x20
 .debug_ranges  0x00000000       0x20 ../final1_bsp//obj/HAL/src/crt0.o
